Archive member included to satisfy reference by file (symbol)

.\CortexM0\ARM_GCC_541\Debug\MandMs-sorting.a(Clock.o)
                              .\CortexM0\ARM_GCC_541\Debug\main.o (Clock_Start)
.\CortexM0\ARM_GCC_541\Debug\MandMs-sorting.a(Control_Reg_1.o)
                              .\CortexM0\ARM_GCC_541\Debug\gates.o (Control_Reg_1_Write)
.\CortexM0\ARM_GCC_541\Debug\MandMs-sorting.a(Dir_1.o)
                              .\CortexM0\ARM_GCC_541\Debug\gates.o (Dir_1_Write)
.\CortexM0\ARM_GCC_541\Debug\MandMs-sorting.a(Dir_2_5.o)
                              .\CortexM0\ARM_GCC_541\Debug\gates.o (Dir_2_5_Write)
.\CortexM0\ARM_GCC_541\Debug\MandMs-sorting.a(Dir_3_4.o)
                              .\CortexM0\ARM_GCC_541\Debug\gates.o (Dir_3_4_Write)
.\CortexM0\ARM_GCC_541\Debug\MandMs-sorting.a(Control_Reg_2.o)
                              .\CortexM0\ARM_GCC_541\Debug\gates.o (Control_Reg_2_Write)
.\CortexM0\ARM_GCC_541\Debug\MandMs-sorting.a(Status_Reg_1.o)
                              .\CortexM0\ARM_GCC_541\Debug\gates.o (Status_Reg_1_Read)
.\CortexM0\ARM_GCC_541\Debug\MandMs-sorting.a(PWM_Container.o)
                              .\CortexM0\ARM_GCC_541\Debug\gates.o (PWM_Container_Stop)
.\CortexM0\ARM_GCC_541\Debug\MandMs-sorting.a(I2C.o)
                              .\CortexM0\ARM_GCC_541\Debug\main.o (I2C_Start)
.\CortexM0\ARM_GCC_541\Debug\MandMs-sorting.a(I2C_I2C.o)
                              .\CortexM0\ARM_GCC_541\Debug\MandMs-sorting.a(I2C.o) (I2C_I2CInit)
.\CortexM0\ARM_GCC_541\Debug\MandMs-sorting.a(I2C_I2C_MASTER.o)
                              .\CortexM0\ARM_GCC_541\Debug\tcs34725.o (I2C_I2CMasterSendStart)
.\CortexM0\ARM_GCC_541\Debug\MandMs-sorting.a(UART.o)
                              .\CortexM0\ARM_GCC_541\Debug\main.o (UART_Start)
.\CortexM0\ARM_GCC_541\Debug\MandMs-sorting.a(UART_UART.o)
                              .\CortexM0\ARM_GCC_541\Debug\MandMs-sorting.a(UART.o) (UART_UartInit)
.\CortexM0\ARM_GCC_541\Debug\MandMs-sorting.a(I2C_sda.o)
                              .\CortexM0\ARM_GCC_541\Debug\MandMs-sorting.a(I2C_I2C_MASTER.o) (I2C_sda_Read)
.\CortexM0\ARM_GCC_541\Debug\MandMs-sorting.a(I2C_scl.o)
                              .\CortexM0\ARM_GCC_541\Debug\MandMs-sorting.a(I2C_I2C_MASTER.o) (I2C_scl_Write)
.\CortexM0\ARM_GCC_541\Debug\MandMs-sorting.a(CyLib.o)
                              .\CortexM0\ARM_GCC_541\Debug\cyfitter_cfg.o (CyIntEnable)
.\CortexM0\ARM_GCC_541\Debug\MandMs-sorting.a(CyLFClk.o)
                              .\CortexM0\ARM_GCC_541\Debug\cyfitter_cfg.o (CySysWdtIsr)
.\CortexM0\ARM_GCC_541\Debug\MandMs-sorting.a(PWM_RED.o)
                              .\CortexM0\ARM_GCC_541\Debug\tcs34725.o (PWM_RED_WriteCompare)
.\CortexM0\ARM_GCC_541\Debug\MandMs-sorting.a(PWM_BLUE.o)
                              .\CortexM0\ARM_GCC_541\Debug\tcs34725.o (PWM_BLUE_WriteCompare)
.\CortexM0\ARM_GCC_541\Debug\MandMs-sorting.a(PWM_GREEN.o)
                              .\CortexM0\ARM_GCC_541\Debug\tcs34725.o (PWM_GREEN_WriteCompare)
.\CortexM0\ARM_GCC_541\Debug\MandMs-sorting.a(SW.o)
                              .\CortexM0\ARM_GCC_541\Debug\main.o (SW_ClearInterrupt)
.\CortexM0\ARM_GCC_541\Debug\MandMs-sorting.a(isr_SW.o)
                              .\CortexM0\ARM_GCC_541\Debug\main.o (isr_SW_StartEx)
.\CortexM0\ARM_GCC_541\Debug\MandMs-sorting.a(SW_UpDown.o)
                              .\CortexM0\ARM_GCC_541\Debug\main.o (SW_UpDown_ClearInterrupt)
.\CortexM0\ARM_GCC_541\Debug\MandMs-sorting.a(isr_SW_UpDown.o)
                              .\CortexM0\ARM_GCC_541\Debug\main.o (isr_SW_UpDown_StartEx)
.\CortexM0\ARM_GCC_541\Debug\MandMs-sorting.a(ADC.o)
                              .\CortexM0\ARM_GCC_541\Debug\main.o (ADC_Start)
.\CortexM0\ARM_GCC_541\Debug\MandMs-sorting.a(ADC_INT.o)
                              .\CortexM0\ARM_GCC_541\Debug\MandMs-sorting.a(ADC.o) (ADC_ISR)
.\CortexM0\ARM_GCC_541\Debug\MandMs-sorting.a(CyBootAsmGnu.o)
                              .\CortexM0\ARM_GCC_541\Debug\MandMs-sorting.a(CyLib.o) (CyDelayCycles)
.\CortexM0\ARM_GCC_541\Debug\MandMs-sorting.a(I2C_I2C_INT.o)
                              .\CortexM0\ARM_GCC_541\Debug\MandMs-sorting.a(I2C_I2C.o) (I2C_I2C_ISR)
.\CortexM0\ARM_GCC_541\Debug\MandMs-sorting.a(UART_SPI_UART.o)
                              .\CortexM0\ARM_GCC_541\Debug\MandMs-sorting.a(UART_UART.o) (UART_SpiUartReadRxData)
c:/program files (x86)/cypress/psoc creator/4.4/psoc creator/import/gnu/arm/5.4.1/bin/../lib/gcc/arm-none-eabi/5.4.1/armv6-m\libgcc.a(_udivsi3.o)
                              .\CortexM0\ARM_GCC_541\Debug\MandMs-sorting.a(CyLib.o) (__aeabi_uidiv)
c:/program files (x86)/cypress/psoc creator/4.4/psoc creator/import/gnu/arm/5.4.1/bin/../lib/gcc/arm-none-eabi/5.4.1/armv6-m\libgcc.a(_divsi3.o)
                              .\CortexM0\ARM_GCC_541\Debug\tcs34725.o (__aeabi_idiv)
[...]
Memory Configuration

Name             Origin             Length             Attributes
rom              0x00000000         0x00008000         xr
ram              0x20000000         0x00001000         xrw
*default*        0x00000000         0xffffffff

Linker script and memory map

LOAD c:/program files (x86)/cypress/psoc creator/4.4/psoc creator/import/gnu/arm/5.4.1/bin/../lib/gcc/arm-none-eabi/5.4.1/armv6-m/crti.o
LOAD c:/program files (x86)/cypress/psoc creator/4.4/psoc creator/import/gnu/arm/5.4.1/bin/../lib/gcc/arm-none-eabi/5.4.1/armv6-m/crtbegin.o
LOAD c:/program files (x86)/cypress/psoc creator/4.4/psoc creator/import/gnu/arm/5.4.1/bin/../lib/gcc/arm-none-eabi/5.4.1/../../../../arm-none-eabi/lib/armv6-m/crt0.o
START GROUP
LOAD .\CortexM0\ARM_GCC_541\Debug\main.o
LOAD .\CortexM0\ARM_GCC_541\Debug\utils.o
LOAD .\CortexM0\ARM_GCC_541\Debug\tcs34725.o
LOAD .\CortexM0\ARM_GCC_541\Debug\learn_color.o
LOAD .\CortexM0\ARM_GCC_541\Debug\gates.o
LOAD .\CortexM0\ARM_GCC_541\Debug\cyfitter_cfg.o
LOAD .\CortexM0\ARM_GCC_541\Debug\cymetadata.o
LOAD .\CortexM0\ARM_GCC_541\Debug\Cm0Start.o
LOAD .\CortexM0\ARM_GCC_541\Debug\MandMs-sorting.a
END GROUP
START GROUP
LOAD c:/program files (x86)/cypress/psoc creator/4.4/psoc creator/import/gnu/arm/5.4.1/bin/../lib/gcc/arm-none-eabi/5.4.1/armv6-m\libgcc.a
LOAD c:/program files (x86)/cypress/psoc creator/4.4/psoc creator/import/gnu/arm/5.4.1/bin/../lib/gcc/arm-none-eabi/5.4.1/../../../../arm-none-eabi/lib/armv6-m\libg_nano.a
LOAD c:/program files (x86)/cypress/psoc creator/4.4/psoc creator/import/gnu/arm/5.4.1/bin/../lib/gcc/arm-none-eabi/5.4.1/../../../../arm-none-eabi/lib/armv6-m\libc_nano.a
END GROUP
START GROUP
LOAD c:/program files (x86)/cypress/psoc creator/4.4/psoc creator/import/gnu/arm/5.4.1/bin/../lib/gcc/arm-none-eabi/5.4.1/armv6-m\libgcc.a
LOAD c:/program files (x86)/cypress/psoc creator/4.4/psoc creator/import/gnu/arm/5.4.1/bin/../lib/gcc/arm-none-eabi/5.4.1/../../../../arm-none-eabi/lib/armv6-m\libc_nano.a
END GROUP
LOAD c:/program files (x86)/cypress/psoc creator/4.4/psoc creator/import/gnu/arm/5.4.1/bin/../lib/gcc/arm-none-eabi/5.4.1/armv6-m/crtend.o
LOAD c:/program files (x86)/cypress/psoc creator/4.4/psoc creator/import/gnu/arm/5.4.1/bin/../lib/gcc/arm-none-eabi/5.4.1/armv6-m/crtn.o
START GROUP
LOAD c:/program files (x86)/cypress/psoc creator/4.4/psoc creator/import/gnu/arm/5.4.1/bin/../lib/gcc/arm-none-eabi/5.4.1/armv6-m\libgcc.a
LOAD c:/program files (x86)/cypress/psoc creator/4.4/psoc creator/import/gnu/arm/5.4.1/bin/../lib/gcc/arm-none-eabi/5.4.1/../../../../arm-none-eabi/lib/armv6-m\libc.a
LOAD c:/program files (x86)/cypress/psoc creator/4.4/psoc creator/import/gnu/arm/5.4.1/bin/../lib/gcc/arm-none-eabi/5.4.1/../../../../arm-none-eabi/lib/armv6-m\libnosys.a
END GROUP
                0x00000000                CY_APPL_ORIGIN = 0x0
                0x00000080                CY_FLASH_ROW_SIZE = 0x80
                0x00000001                CY_APPL_NUM = 0x1
                0x00000001                CY_APPL_MAX = 0x1
                0x00000040                CY_METADATA_SIZE = 0x40
                0x00000000                CY_APPL_LOADABLE = 0x0
                0x00000000                CY_CHECKSUM_EXCLUDE_SIZE = ALIGN (0x0, CY_FLASH_ROW_SIZE)
                0x00000000                CY_APP_FOR_STACK_AND_COPIER = 0x0
                [!provide]                PROVIDE (__cy_heap_start, _end)
                0x00000001                PROVIDE (__cy_region_num, ((__cy_regions_end - __cy_regions) / 0x10))
                0x20001000                PROVIDE (__cy_stack, (ORIGIN (ram) + LENGTH (ram)))
                [!provide]                PROVIDE (__cy_heap_end, (__cy_stack - 0x400))

.cybootloader   0x00000000        0x0
 *(.cybootloader)
                0x00000000                appl1_start = CY_APPL_ORIGIN?CY_APPL_ORIGIN:ALIGN (CY_FLASH_ROW_SIZE)
                0x00003f80                appl2_start = (appl1_start + ALIGN ((((LENGTH (rom) - appl1_start) - (0x2 * CY_FLASH_ROW_SIZE)) / 0x2), CY_FLASH_ROW_SIZE))
                0x00000000                appl_start = (CY_APPL_NUM == 0x1)?appl1_start:appl2_start
                0x00000001                cy_project_type_bootloader = (appl_start == 0x0)?0x1:0x0
                0x00000000                cy_project_type_app_for_stack_and_copier = (CY_APP_FOR_STACK_AND_COPIER == 0x1)?0x1:0x0

.text           0x00000000     0x363e
 CREATE_OBJECT_SYMBOLS
                0x00000000                PROVIDE (__cy_interrupt_vector, RomVectors)
 *(.romvectors)
 .romvectors    0x00000000       0x10 .\CortexM0\ARM_GCC_541\Debug\Cm0Start.o
                0x00000000                RomVectors
                0x00000001                ASSERT ((. != __cy_interrupt_vector), No interrupt vector)
                0x00000001                ASSERT (CY_APPL_ORIGIN?(SIZEOF (.cybootloader) <= CY_APPL_ORIGIN):0x1, Wrong image location)
                0x00000010                PROVIDE (__cy_reset, Reset)
 *(.text.Reset)
 .text.Reset    0x00000010        0x8 .\CortexM0\ARM_GCC_541\Debug\Cm0Start.o
                0x00000010                Reset
                0x00000001                ASSERT ((. != __cy_reset), No reset code)
 *(.psocinit)
 .psocinit      0x00000018      0x274 .\CortexM0\ARM_GCC_541\Debug\cyfitter_cfg.o
                0x000000f8                cyfitter_cfg
                0x0000028c                . = MAX (., 0x100)
 *(.text .text.* .gnu.linkonce.t.*)
 .text          0x0000028c       0x60 c:/program files (x86)/cypress/psoc creator/4.4/psoc creator/import/gnu/arm/5.4.1/bin/../lib/gcc/arm-none-eabi/5.4.1/armv6-m/crtbegin.o
 .text.SW_Handler
                0x000002ec       0x20 .\CortexM0\ARM_GCC_541\Debug\main.o
                0x000002ec                SW_Handler
 .text.SW_UpDown_Handler
                0x0000030c       0x18 .\CortexM0\ARM_GCC_541\Debug\main.o
                0x0000030c                SW_UpDown_Handler
 .text.main     0x00000324      0x164 .\CortexM0\ARM_GCC_541\Debug\main.o
                0x00000324                main
 .text.print    0x00000488        0x8 .\CortexM0\ARM_GCC_541\Debug\utils.o
                0x00000488                print
 .text.write8   0x00000490       0x54 .\CortexM0\ARM_GCC_541\Debug\tcs34725.o
                0x00000490                write8
 .text.read8    0x000004e4       0x6c .\CortexM0\ARM_GCC_541\Debug\tcs34725.o
                0x000004e4                read8
 .text.read16   0x00000550       0x84 .\CortexM0\ARM_GCC_541\Debug\tcs34725.o
                0x00000550                read16
 .text.enable   0x000005d4       0x3c .\CortexM0\ARM_GCC_541\Debug\tcs34725.o
                0x000005d4                enable
 .text.setIntegrationTime
                0x00000610       0x18 .\CortexM0\ARM_GCC_541\Debug\tcs34725.o
                0x00000610                setIntegrationTime
 .text.setGain  0x00000628       0x18 .\CortexM0\ARM_GCC_541\Debug\tcs34725.o
                0x00000628                setGain
 .text.init     0x00000640       0x60 .\CortexM0\ARM_GCC_541\Debug\tcs34725.o
                0x00000640                init
 .text.getRawData
                0x000006a0       0x4c .\CortexM0\ARM_GCC_541\Debug\tcs34725.o
                0x000006a0                getRawData
 .text.getRGB   0x000006ec       0xa0 .\CortexM0\ARM_GCC_541\Debug\tcs34725.o
                0x000006ec                getRGB
 .text.checkColor
                0x0000078c       0x44 .\CortexM0\ARM_GCC_541\Debug\tcs34725.o
                0x0000078c                checkColor
 .text.getColor
                0x000007d0      0x120 .\CortexM0\ARM_GCC_541\Debug\tcs34725.o
                0x000007d0                getColor
 .text.LED      0x000008f0       0x28 .\CortexM0\ARM_GCC_541\Debug\tcs34725.o
                0x000008f0                LED
 .text.lightColor
                0x00000918       0x60 .\CortexM0\ARM_GCC_541\Debug\tcs34725.o
                0x00000918                lightColor
 .text.compare_to_none_color
                0x00000978       0x38 .\CortexM0\ARM_GCC_541\Debug\tcs34725.o
                0x00000978                compare_to_none_color
 .text.analyze_measurement_boundaries
                0x000009b0      0x1a4 .\CortexM0\ARM_GCC_541\Debug\tcs34725.o
                0x000009b0                analyze_measurement_boundaries
 .text.analyze_measurement_boundaries_none
                0x00000b54       0x20 .\CortexM0\ARM_GCC_541\Debug\tcs34725.o
                0x00000b54                analyze_measurement_boundaries_none
 .text.analyze_measurement_boundaries_color
                0x00000b74        0xc .\CortexM0\ARM_GCC_541\Debug\tcs34725.o
                0x00000b74                analyze_measurement_boundaries_color
 .text.preparation
                0x00000b80       0x8c .\CortexM0\ARM_GCC_541\Debug\tcs34725.o
                0x00000b80                preparation
 .text.RunMotors45Degrees
                0x00000c0c       0x50 .\CortexM0\ARM_GCC_541\Debug\gates.o
                0x00000c0c                RunMotors45Degrees
 .text.OpenCloseGates
                0x00000c5c       0x38 .\CortexM0\ARM_GCC_541\Debug\gates.o
                0x00000c5c                OpenCloseGates
 .text.OpenCloseTestGates
                0x00000c94       0x84 .\CortexM0\ARM_GCC_541\Debug\gates.o
                0x00000c94                OpenCloseTestGates
 .text.cfg_write_bytes32
                0x00000d18       0x34 .\CortexM0\ARM_GCC_541\Debug\cyfitter_cfg.o
 .text.CYMEMZERO
                0x00000d4c        0xc .\CortexM0\ARM_GCC_541\Debug\cyfitter_cfg.o
 .text.SetAnalogRoutingPumps
                0x00000d58       0x20 .\CortexM0\ARM_GCC_541\Debug\cyfitter_cfg.o
                0x00000d58                SetAnalogRoutingPumps
 .text.AnalogSetDefault
                0x00000d78       0x18 .\CortexM0\ARM_GCC_541\Debug\cyfitter_cfg.o
 .text.IntDefaultHandler
                0x00000d90       0x10 .\CortexM0\ARM_GCC_541\Debug\Cm0Start.o
                0x00000d90                IntDefaultHandler
 .text._sbrk    0x00000da0       0x30 .\CortexM0\ARM_GCC_541\Debug\Cm0Start.o
                0x00000da0                _sbrk
 .text.Start_c  0x00000dd0       0x48 .\CortexM0\ARM_GCC_541\Debug\Cm0Start.o
                0x00000dd0                Start_c
 .text.initialize_psoc
                0x00000e18       0x40 .\CortexM0\ARM_GCC_541\Debug\Cm0Start.o
                0x00000e18                initialize_psoc
 .text.Clock_Start
                0x00000e58       0x14 .\CortexM0\ARM_GCC_541\Debug\MandMs-sorting.a(Clock.o)
                0x00000e58                Clock_Start
 .text.Control_Reg_1_Write
                0x00000e6c        0xc .\CortexM0\ARM_GCC_541\Debug\MandMs-sorting.a(Control_Reg_1.o)
                0x00000e6c                Control_Reg_1_Write
 .text.Dir_1_Write
                0x00000e78       0x18 .\CortexM0\ARM_GCC_541\Debug\MandMs-sorting.a(Dir_1.o)
                0x00000e78                Dir_1_Write
 .text.Dir_2_5_Write
                0x00000e90       0x18 .\CortexM0\ARM_GCC_541\Debug\MandMs-sorting.a(Dir_2_5.o)
                0x00000e90                Dir_2_5_Write
 .text.Dir_3_4_Write
                0x00000ea8       0x18 .\CortexM0\ARM_GCC_541\Debug\MandMs-sorting.a(Dir_3_4.o)
                0x00000ea8                Dir_3_4_Write
 .text.Control_Reg_2_Write
                0x00000ec0        0xc .\CortexM0\ARM_GCC_541\Debug\MandMs-sorting.a(Control_Reg_2.o)
                0x00000ec0                Control_Reg_2_Write
 .text.Status_Reg_1_Read
                0x00000ecc        0xc .\CortexM0\ARM_GCC_541\Debug\MandMs-sorting.a(Status_Reg_1.o)
                0x00000ecc                Status_Reg_1_Read
 .text.PWM_Container_Stop
                0x00000ed8       0x1c .\CortexM0\ARM_GCC_541\Debug\MandMs-sorting.a(PWM_Container.o)
                0x00000ed8                PWM_Container_Stop
 .text.PWM_Container_WriteCounter
                0x00000ef4       0x10 .\CortexM0\ARM_GCC_541\Debug\MandMs-sorting.a(PWM_Container.o)
                0x00000ef4                PWM_Container_WriteCounter
 .text.PWM_Container_WritePeriod
                0x00000f04       0x10 .\CortexM0\ARM_GCC_541\Debug\MandMs-sorting.a(PWM_Container.o)
                0x00000f04                PWM_Container_WritePeriod
 .text.PWM_Container_WriteCompare
                0x00000f14       0x10 .\CortexM0\ARM_GCC_541\Debug\MandMs-sorting.a(PWM_Container.o)
                0x00000f14                PWM_Container_WriteCompare
 .text.PWM_Container_TriggerCommand
                0x00000f24       0x1c .\CortexM0\ARM_GCC_541\Debug\MandMs-sorting.a(PWM_Container.o)
                0x00000f24                PWM_Container_TriggerCommand
 .text.PWM_Container_Enable
                0x00000f40       0x24 .\CortexM0\ARM_GCC_541\Debug\MandMs-sorting.a(PWM_Container.o)
                0x00000f40                PWM_Container_Enable
 .text.PWM_Container_SetInterruptMode
                0x00000f64        0xc .\CortexM0\ARM_GCC_541\Debug\MandMs-sorting.a(PWM_Container.o)
                0x00000f64                PWM_Container_SetInterruptMode
 .text.PWM_Container_Init
                0x00000f70       0x44 .\CortexM0\ARM_GCC_541\Debug\MandMs-sorting.a(PWM_Container.o)
                0x00000f70                PWM_Container_Init
 .text.PWM_Container_Start
                0x00000fb4       0x20 .\CortexM0\ARM_GCC_541\Debug\MandMs-sorting.a(PWM_Container.o)
                0x00000fb4                PWM_Container_Start
 .text.I2C_ScbEnableIntr
                0x00000fd4        0xc .\CortexM0\ARM_GCC_541\Debug\MandMs-sorting.a(I2C.o)
 .text.I2C_Init
                0x00000fe0        0x8 .\CortexM0\ARM_GCC_541\Debug\MandMs-sorting.a(I2C.o)
                0x00000fe0                I2C_Init
 .text.I2C_Enable
                0x00000fe8       0x18 .\CortexM0\ARM_GCC_541\Debug\MandMs-sorting.a(I2C.o)
                0x00000fe8                I2C_Enable
 .text.I2C_Start
                0x00001000       0x20 .\CortexM0\ARM_GCC_541\Debug\MandMs-sorting.a(I2C.o)
                0x00001000                I2C_Start
 .text.I2C_I2CInit
                0x00001020       0xc4 .\CortexM0\ARM_GCC_541\Debug\MandMs-sorting.a(I2C_I2C.o)
                0x00001020                I2C_I2CInit
 .text.I2C_I2CFwBlockReset
                0x000010e4       0x94 .\CortexM0\ARM_GCC_541\Debug\MandMs-sorting.a(I2C_I2C.o)
                0x000010e4                I2C_I2CFwBlockReset
 .text.I2C_I2CMasterWaitOneUnit
                0x00001178       0x28 .\CortexM0\ARM_GCC_541\Debug\MandMs-sorting.a(I2C_I2C_MASTER.o)
 .text.I2C_I2CMasterHandleStatus
                0x000011a0       0xc4 .\CortexM0\ARM_GCC_541\Debug\MandMs-sorting.a(I2C_I2C_MASTER.o)
 .text.I2C_I2CMasterSendStart
                0x00001264       0xc4 .\CortexM0\ARM_GCC_541\Debug\MandMs-sorting.a(I2C_I2C_MASTER.o)
                0x00001264                I2C_I2CMasterSendStart
 .text.I2C_I2CMasterSendStop
                0x00001328       0x58 .\CortexM0\ARM_GCC_541\Debug\MandMs-sorting.a(I2C_I2C_MASTER.o)
                0x00001328                I2C_I2CMasterSendStop
 .text.I2C_I2CMasterWriteByte
                0x00001380       0x48 .\CortexM0\ARM_GCC_541\Debug\MandMs-sorting.a(I2C_I2C_MASTER.o)
                0x00001380                I2C_I2CMasterWriteByte
 .text.I2C_I2CMasterReadByte
                0x000013c8       0x7c .\CortexM0\ARM_GCC_541\Debug\MandMs-sorting.a(I2C_I2C_MASTER.o)
                0x000013c8                I2C_I2CMasterReadByte
 .text.UART_ScbModePostEnable
                0x00001444        0x8 .\CortexM0\ARM_GCC_541\Debug\MandMs-sorting.a(UART.o)
 .text.UART_Init
                0x0000144c        0x8 .\CortexM0\ARM_GCC_541\Debug\MandMs-sorting.a(UART.o)
                0x0000144c                UART_Init
 .text.UART_Enable
                0x00001454       0x18 .\CortexM0\ARM_GCC_541\Debug\MandMs-sorting.a(UART.o)
                0x00001454                UART_Enable
 .text.UART_Start
                0x0000146c       0x20 .\CortexM0\ARM_GCC_541\Debug\MandMs-sorting.a(UART.o)
                0x0000146c                UART_Start
 .text.UART_UartInit
                0x0000148c       0x9c .\CortexM0\ARM_GCC_541\Debug\MandMs-sorting.a(UART_UART.o)
                0x0000148c                UART_UartInit
 .text.UART_UartPostEnable
                0x00001528       0x2c .\CortexM0\ARM_GCC_541\Debug\MandMs-sorting.a(UART_UART.o)
                0x00001528                UART_UartPostEnable
 .text.UART_UartPutString
                0x00001554       0x18 .\CortexM0\ARM_GCC_541\Debug\MandMs-sorting.a(UART_UART.o)
                0x00001554                UART_UartPutString
 .text.CyIntEnable
                0x0000156c       0x14 .\CortexM0\ARM_GCC_541\Debug\MandMs-sorting.a(CyLib.o)
                0x0000156c                CyIntEnable
 .text.CyIntDisable
                0x00001580       0x14 .\CortexM0\ARM_GCC_541\Debug\MandMs-sorting.a(CyLib.o)
                0x00001580                CyIntDisable
 .text.CyHalt   0x00001594        0x4 .\CortexM0\ARM_GCC_541\Debug\MandMs-sorting.a(CyLib.o)
                0x00001594                CyHalt
 .text.CyIntSetVector
                0x00001598       0x24 .\CortexM0\ARM_GCC_541\Debug\MandMs-sorting.a(CyLib.o)
                0x00001598                CyIntSetVector
 .text.CyIntSetPriority
                0x000015bc       0x4c .\CortexM0\ARM_GCC_541\Debug\MandMs-sorting.a(CyLib.o)
                0x000015bc                CyIntSetPriority
 .text.CyDelay  0x00001608       0x30 .\CortexM0\ARM_GCC_541\Debug\MandMs-sorting.a(CyLib.o)
                0x00001608                CyDelay
 .text.CyDelayUs
                0x00001638       0x14 .\CortexM0\ARM_GCC_541\Debug\MandMs-sorting.a(CyLib.o)
                0x00001638                CyDelayUs
 .text.CySysClkWriteImoFreq
                0x0000164c      0x164 .\CortexM0\ARM_GCC_541\Debug\MandMs-sorting.a(CyLib.o)
                0x0000164c                CySysClkWriteImoFreq
 .text.CySysWdtLocked
                0x000017b0       0x14 .\CortexM0\ARM_GCC_541\Debug\MandMs-sorting.a(CyLFClk.o)
 .text.CySysWdtLock
                0x000017c4       0x1c .\CortexM0\ARM_GCC_541\Debug\MandMs-sorting.a(CyLFClk.o)
                0x000017c4                CySysWdtLock
 .text.CySysWdtUnlock
                0x000017e0       0x30 .\CortexM0\ARM_GCC_541\Debug\MandMs-sorting.a(CyLFClk.o)
                0x000017e0                CySysWdtUnlock
 .text.CySysWdtClearInterrupt
                0x00001810       0x4c .\CortexM0\ARM_GCC_541\Debug\MandMs-sorting.a(CyLFClk.o)
                0x00001810                CySysWdtClearInterrupt
 .text.CySysWdtIsr
                0x0000185c       0xa4 .\CortexM0\ARM_GCC_541\Debug\MandMs-sorting.a(CyLFClk.o)
                0x0000185c                CySysWdtIsr
 .text.PWM_RED_WriteCounter
                0x00001900       0x10 .\CortexM0\ARM_GCC_541\Debug\MandMs-sorting.a(PWM_RED.o)
                0x00001900                PWM_RED_WriteCounter
 .text.PWM_RED_WritePeriod
                0x00001910       0x10 .\CortexM0\ARM_GCC_541\Debug\MandMs-sorting.a(PWM_RED.o)
                0x00001910                PWM_RED_WritePeriod
 .text.PWM_RED_WriteCompare
                0x00001920       0x10 .\CortexM0\ARM_GCC_541\Debug\MandMs-sorting.a(PWM_RED.o)
                0x00001920                PWM_RED_WriteCompare
 .text.PWM_RED_TriggerCommand
                0x00001930       0x1c .\CortexM0\ARM_GCC_541\Debug\MandMs-sorting.a(PWM_RED.o)
                0x00001930                PWM_RED_TriggerCommand
 .text.PWM_RED_Enable
                0x0000194c       0x24 .\CortexM0\ARM_GCC_541\Debug\MandMs-sorting.a(PWM_RED.o)
                0x0000194c                PWM_RED_Enable
 .text.PWM_RED_SetInterruptMode
                0x00001970        0xc .\CortexM0\ARM_GCC_541\Debug\MandMs-sorting.a(PWM_RED.o)
                0x00001970                PWM_RED_SetInterruptMode
 .text.PWM_RED_Init
                0x0000197c       0x44 .\CortexM0\ARM_GCC_541\Debug\MandMs-sorting.a(PWM_RED.o)
                0x0000197c                PWM_RED_Init
 .text.PWM_RED_Start
                0x000019c0       0x20 .\CortexM0\ARM_GCC_541\Debug\MandMs-sorting.a(PWM_RED.o)
                0x000019c0                PWM_RED_Start
 .text.PWM_BLUE_WriteCounter
                0x000019e0       0x10 .\CortexM0\ARM_GCC_541\Debug\MandMs-sorting.a(PWM_BLUE.o)
                0x000019e0                PWM_BLUE_WriteCounter
 .text.PWM_BLUE_WritePeriod
                0x000019f0       0x10 .\CortexM0\ARM_GCC_541\Debug\MandMs-sorting.a(PWM_BLUE.o)
                0x000019f0                PWM_BLUE_WritePeriod
 .text.PWM_BLUE_WriteCompare
                0x00001a00       0x10 .\CortexM0\ARM_GCC_541\Debug\MandMs-sorting.a(PWM_BLUE.o)
                0x00001a00                PWM_BLUE_WriteCompare
 .text.PWM_BLUE_TriggerCommand
                0x00001a10       0x1c .\CortexM0\ARM_GCC_541\Debug\MandMs-sorting.a(PWM_BLUE.o)
                0x00001a10                PWM_BLUE_TriggerCommand
 .text.PWM_BLUE_Enable
                0x00001a2c       0x24 .\CortexM0\ARM_GCC_541\Debug\MandMs-sorting.a(PWM_BLUE.o)
                0x00001a2c                PWM_BLUE_Enable
 .text.PWM_BLUE_SetInterruptMode
                0x00001a50        0xc .\CortexM0\ARM_GCC_541\Debug\MandMs-sorting.a(PWM_BLUE.o)
                0x00001a50                PWM_BLUE_SetInterruptMode
 .text.PWM_BLUE_Init
                0x00001a5c       0x44 .\CortexM0\ARM_GCC_541\Debug\MandMs-sorting.a(PWM_BLUE.o)
                0x00001a5c                PWM_BLUE_Init
 .text.PWM_BLUE_Start
                0x00001aa0       0x20 .\CortexM0\ARM_GCC_541\Debug\MandMs-sorting.a(PWM_BLUE.o)
                0x00001aa0                PWM_BLUE_Start
 .text.PWM_GREEN_WriteCounter
                0x00001ac0       0x10 .\CortexM0\ARM_GCC_541\Debug\MandMs-sorting.a(PWM_GREEN.o)
                0x00001ac0                PWM_GREEN_WriteCounter
 .text.PWM_GREEN_WritePeriod
                0x00001ad0       0x10 .\CortexM0\ARM_GCC_541\Debug\MandMs-sorting.a(PWM_GREEN.o)
                0x00001ad0                PWM_GREEN_WritePeriod
 .text.PWM_GREEN_WriteCompare
                0x00001ae0       0x10 .\CortexM0\ARM_GCC_541\Debug\MandMs-sorting.a(PWM_GREEN.o)
                0x00001ae0                PWM_GREEN_WriteCompare
 .text.PWM_GREEN_TriggerCommand
                0x00001af0       0x1c .\CortexM0\ARM_GCC_541\Debug\MandMs-sorting.a(PWM_GREEN.o)
                0x00001af0                PWM_GREEN_TriggerCommand
 .text.PWM_GREEN_Enable
                0x00001b0c       0x24 .\CortexM0\ARM_GCC_541\Debug\MandMs-sorting.a(PWM_GREEN.o)
                0x00001b0c                PWM_GREEN_Enable
 .text.PWM_GREEN_SetInterruptMode
                0x00001b30        0xc .\CortexM0\ARM_GCC_541\Debug\MandMs-sorting.a(PWM_GREEN.o)
                0x00001b30                PWM_GREEN_SetInterruptMode
 .text.PWM_GREEN_Init
                0x00001b3c       0x44 .\CortexM0\ARM_GCC_541\Debug\MandMs-sorting.a(PWM_GREEN.o)
                0x00001b3c                PWM_GREEN_Init
 .text.PWM_GREEN_Start
                0x00001b80       0x20 .\CortexM0\ARM_GCC_541\Debug\MandMs-sorting.a(PWM_GREEN.o)
                0x00001b80                PWM_GREEN_Start
 .text.SW_ClearInterrupt
                0x00001ba0       0x14 .\CortexM0\ARM_GCC_541\Debug\MandMs-sorting.a(SW.o)
                0x00001ba0                SW_ClearInterrupt
 .text.isr_SW_SetVector
                0x00001bb4        0xc .\CortexM0\ARM_GCC_541\Debug\MandMs-sorting.a(isr_SW.o)
                0x00001bb4                isr_SW_SetVector
 .text.isr_SW_SetPriority
                0x00001bc0       0x20 .\CortexM0\ARM_GCC_541\Debug\MandMs-sorting.a(isr_SW.o)
                0x00001bc0                isr_SW_SetPriority
 .text.isr_SW_Enable
                0x00001be0        0xc .\CortexM0\ARM_GCC_541\Debug\MandMs-sorting.a(isr_SW.o)
                0x00001be0                isr_SW_Enable
 .text.isr_SW_Disable
                0x00001bec        0xc .\CortexM0\ARM_GCC_541\Debug\MandMs-sorting.a(isr_SW.o)
                0x00001bec                isr_SW_Disable
 .text.isr_SW_StartEx
                0x00001bf8       0x1c .\CortexM0\ARM_GCC_541\Debug\MandMs-sorting.a(isr_SW.o)
                0x00001bf8                isr_SW_StartEx
 .text.SW_UpDown_ClearInterrupt
                0x00001c14       0x14 .\CortexM0\ARM_GCC_541\Debug\MandMs-sorting.a(SW_UpDown.o)
                0x00001c14                SW_UpDown_ClearInterrupt
 .text.isr_SW_UpDown_SetVector
                0x00001c28        0xc .\CortexM0\ARM_GCC_541\Debug\MandMs-sorting.a(isr_SW_UpDown.o)
                0x00001c28                isr_SW_UpDown_SetVector
 .text.isr_SW_UpDown_SetPriority
                0x00001c34       0x24 .\CortexM0\ARM_GCC_541\Debug\MandMs-sorting.a(isr_SW_UpDown.o)
                0x00001c34                isr_SW_UpDown_SetPriority
 .text.isr_SW_UpDown_Enable
                0x00001c58        0xc .\CortexM0\ARM_GCC_541\Debug\MandMs-sorting.a(isr_SW_UpDown.o)
                0x00001c58                isr_SW_UpDown_Enable
 .text.isr_SW_UpDown_Disable
                0x00001c64        0xc .\CortexM0\ARM_GCC_541\Debug\MandMs-sorting.a(isr_SW_UpDown.o)
                0x00001c64                isr_SW_UpDown_Disable
 .text.isr_SW_UpDown_StartEx
                0x00001c70       0x1c .\CortexM0\ARM_GCC_541\Debug\MandMs-sorting.a(isr_SW_UpDown.o)
                0x00001c70                isr_SW_UpDown_StartEx
 .text.ADC_Init
                0x00001c8c      0x104 .\CortexM0\ARM_GCC_541\Debug\MandMs-sorting.a(ADC.o)
                0x00001c8c                ADC_Init
 .text.ADC_Enable
                0x00001d90       0x24 .\CortexM0\ARM_GCC_541\Debug\MandMs-sorting.a(ADC.o)
                0x00001d90                ADC_Enable
 .text.ADC_Start
                0x00001db4       0x20 .\CortexM0\ARM_GCC_541\Debug\MandMs-sorting.a(ADC.o)
                0x00001db4                ADC_Start
 .text.ADC_StartConvert
                0x00001dd4       0x14 .\CortexM0\ARM_GCC_541\Debug\MandMs-sorting.a(ADC.o)
                0x00001dd4                ADC_StartConvert
 .text.ADC_GetResult16
                0x00001de8       0x2c .\CortexM0\ARM_GCC_541\Debug\MandMs-sorting.a(ADC.o)
                0x00001de8                ADC_GetResult16
 .text.ADC_ISR  0x00001e14        0xc .\CortexM0\ARM_GCC_541\Debug\MandMs-sorting.a(ADC_INT.o)
                0x00001e14                ADC_ISR
 .text          0x00001e20       0x24 .\CortexM0\ARM_GCC_541\Debug\MandMs-sorting.a(CyBootAsmGnu.o)
                0x00001e20                CyDelayCycles
                0x00001e34                CyEnterCriticalSection
                0x00001e3c                CyExitCriticalSection
 .text.I2C_I2C_ISR
                0x00001e44      0x33c .\CortexM0\ARM_GCC_541\Debug\MandMs-sorting.a(I2C_I2C_INT.o)
                0x00001e44                I2C_I2C_ISR
 .text.UART_SpiUartWriteTxData
                0x00002180       0x1c .\CortexM0\ARM_GCC_541\Debug\MandMs-sorting.a(UART_SPI_UART.o)
                0x00002180                UART_SpiUartWriteTxData
 .text          0x0000219c      0x114 c:/program files (x86)/cypress/psoc creator/4.4/psoc creator/import/gnu/arm/5.4.1/bin/../lib/gcc/arm-none-eabi/5.4.1/armv6-m\libgcc.a(_udivsi3.o)
                0x0000219c                __aeabi_uidiv
                0x0000219c                __udivsi3
                0x000022a8                __aeabi_uidivmod
 .text          0x000022b0      0x1d4 c:/program files (x86)/cypress/psoc creator/4.4/psoc creator/import/gnu/arm/5.4.1/bin/../lib/gcc/arm-none-eabi/5.4.1/armv6-m\libgcc.a(_divsi3.o)
                0x000022b0                __divsi3
                0x000022b0                __aeabi_idiv
                0x0000247c                __aeabi_idivmod
 .text          0x00002484        0x4 c:/program files (x86)/cypress/psoc creator/4.4/psoc creator/import/gnu/arm/5.4.1/bin/../lib/gcc/arm-none-eabi/5.4.1/armv6-m\libgcc.a(_dvmd_tls.o)
                0x00002484                __aeabi_idiv0
                0x00002484                __aeabi_ldiv0
 .text          0x00002488      0x234 c:/program files (x86)/cypress/psoc creator/4.4/psoc creator/import/gnu/arm/5.4.1/bin/../lib/gcc/arm-none-eabi/5.4.1/armv6-m\libgcc.a(divsf3.o)
                0x00002488                __aeabi_fdiv
 .text          0x000026bc       0x7c c:/program files (x86)/cypress/psoc creator/4.4/psoc creator/import/gnu/arm/5.4.1/bin/../lib/gcc/arm-none-eabi/5.4.1/armv6-m\libgcc.a(floatunsisf.o)
                0x000026bc                __aeabi_ui2f
 .text          0x00002738      0x4f4 c:/program files (x86)/cypress/psoc creator/4.4/psoc creator/import/gnu/arm/5.4.1/bin/../lib/gcc/arm-none-eabi/5.4.1/armv6-m\libgcc.a(muldf3.o)
                0x00002738                __aeabi_dmul
 .text          0x00002c2c       0x6c c:/program files (x86)/cypress/psoc creator/4.4/psoc creator/import/gnu/arm/5.4.1/bin/../lib/gcc/arm-none-eabi/5.4.1/armv6-m\libgcc.a(fixdfsi.o)
                0x00002c2c                __aeabi_d2iz
 .text          0x00002c98       0xa8 c:/program files (x86)/cypress/psoc creator/4.4/psoc creator/import/gnu/arm/5.4.1/bin/../lib/gcc/arm-none-eabi/5.4.1/armv6-m\libgcc.a(extendsfdf2.o)
                0x00002c98                __aeabi_f2d
 .text          0x00002d40       0x3c c:/program files (x86)/cypress/psoc creator/4.4/psoc creator/import/gnu/arm/5.4.1/bin/../lib/gcc/arm-none-eabi/5.4.1/armv6-m\libgcc.a(_clzsi2.o)
                0x00002d40                __clzsi2
 .text.__errno  0x00002d7c        0xc c:/program files (x86)/cypress/psoc creator/4.4/psoc creator/import/gnu/arm/5.4.1/bin/../lib/gcc/arm-none-eabi/5.4.1/../../../../arm-none-eabi/lib/armv6-m\libg_nano.a(lib_a-errno.o)
                0x00002d7c                __errno
 .text.__libc_init_array
                0x00002d88       0x4c c:/program files (x86)/cypress/psoc creator/4.4/psoc creator/import/gnu/arm/5.4.1/bin/../lib/gcc/arm-none-eabi/5.4.1/../../../../arm-none-eabi/lib/armv6-m\libg_nano.a(lib_a-init.o)
                0x00002d88                __libc_init_array
 .text.memcpy   0x00002dd4       0x12 c:/program files (x86)/cypress/psoc creator/4.4/psoc creator/import/gnu/arm/5.4.1/bin/../lib/gcc/arm-none-eabi/5.4.1/../../../../arm-none-eabi/lib/armv6-m\libg_nano.a(lib_a-memcpy-stub.o)
                0x00002dd4                memcpy
 .text.memset   0x00002de6       0x10 c:/program files (x86)/cypress/psoc creator/4.4/psoc creator/import/gnu/arm/5.4.1/bin/../lib/gcc/arm-none-eabi/5.4.1/../../../../arm-none-eabi/lib/armv6-m\libg_nano.a(lib_a-memset.o)
                0x00002de6                memset
 *fill*         0x00002df6        0x2 
 .text.sprintf  0x00002df8       0x44 c:/program files (x86)/cypress/psoc creator/4.4/psoc creator/import/gnu/arm/5.4.1/bin/../lib/gcc/arm-none-eabi/5.4.1/../../../../arm-none-eabi/lib/armv6-m\libg_nano.a(lib_a-sprintf.o)
                0x00002df8                siprintf
                0x00002df8                sprintf
 .text.__ssputs_r
                0x00002e3c       0xc4 c:/program files (x86)/cypress/psoc creator/4.4/psoc creator/import/gnu/arm/5.4.1/bin/../lib/gcc/arm-none-eabi/5.4.1/../../../../arm-none-eabi/lib/armv6-m\libg_nano.a(lib_a-nano-svfprintf.o)
                0x00002e3c                __ssputs_r
 .text._svfprintf_r
                0x00002f00      0x1fc c:/program files (x86)/cypress/psoc creator/4.4/psoc creator/import/gnu/arm/5.4.1/bin/../lib/gcc/arm-none-eabi/5.4.1/../../../../arm-none-eabi/lib/armv6-m\libg_nano.a(lib_a-nano-svfprintf.o)
                0x00002f00                _svfiprintf_r
                0x00002f00                _svfprintf_r
 .text._printf_common
                0x000030fc       0xdc c:/program files (x86)/cypress/psoc creator/4.4/psoc creator/import/gnu/arm/5.4.1/bin/../lib/gcc/arm-none-eabi/5.4.1/../../../../arm-none-eabi/lib/armv6-m\libg_nano.a(lib_a-nano-vfprintf_i.o)
                0x000030fc                _printf_common
 .text._printf_i
                0x000031d8      0x244 c:/program files (x86)/cypress/psoc creator/4.4/psoc creator/import/gnu/arm/5.4.1/bin/../lib/gcc/arm-none-eabi/5.4.1/../../../../arm-none-eabi/lib/armv6-m\libg_nano.a(lib_a-nano-vfprintf_i.o)
                0x000031d8                _printf_i
 .text.memchr   0x0000341c       0x16 c:/program files (x86)/cypress/psoc creator/4.4/psoc creator/import/gnu/arm/5.4.1/bin/../lib/gcc/arm-none-eabi/5.4.1/../../../../arm-none-eabi/lib/armv6-m\libg_nano.a(lib_a-memchr-stub.o)
                0x0000341c                memchr
 .text.memmove  0x00003432       0x2a c:/program files (x86)/cypress/psoc creator/4.4/psoc creator/import/gnu/arm/5.4.1/bin/../lib/gcc/arm-none-eabi/5.4.1/../../../../arm-none-eabi/lib/armv6-m\libg_nano.a(lib_a-memmove.o)
                0x00003432                memmove
 .text._free_r  0x0000345c       0x98 c:/program files (x86)/cypress/psoc creator/4.4/psoc creator/import/gnu/arm/5.4.1/bin/../lib/gcc/arm-none-eabi/5.4.1/../../../../arm-none-eabi/lib/armv6-m\libg_nano.a(lib_a-nano-freer.o)
                0x0000345c                _free_r
 .text._malloc_r
                0x000034f4       0xc0 c:/program files (x86)/cypress/psoc creator/4.4/psoc creator/import/gnu/arm/5.4.1/bin/../lib/gcc/arm-none-eabi/5.4.1/../../../../arm-none-eabi/lib/armv6-m\libg_nano.a(lib_a-nano-mallocr.o)
                0x000034f4                _malloc_r
 .text._realloc_r
                0x000035b4       0x4c c:/program files (x86)/cypress/psoc creator/4.4/psoc creator/import/gnu/arm/5.4.1/bin/../lib/gcc/arm-none-eabi/5.4.1/../../../../arm-none-eabi/lib/armv6-m\libg_nano.a(lib_a-nano-reallocr.o)
                0x000035b4                _realloc_r
 .text._sbrk_r  0x00003600       0x24 c:/program files (x86)/cypress/psoc creator/4.4/psoc creator/import/gnu/arm/5.4.1/bin/../lib/gcc/arm-none-eabi/5.4.1/../../../../arm-none-eabi/lib/armv6-m\libg_nano.a(lib_a-sbrkr.o)
                0x00003600                _sbrk_r
 .text.__malloc_lock
                0x00003624        0x2 c:/program files (x86)/cypress/psoc creator/4.4/psoc creator/import/gnu/arm/5.4.1/bin/../lib/gcc/arm-none-eabi/5.4.1/../../../../arm-none-eabi/lib/armv6-m\libg_nano.a(lib_a-mlock.o)
                0x00003624                __malloc_lock
 .text.__malloc_unlock
                0x00003626        0x2 c:/program files (x86)/cypress/psoc creator/4.4/psoc creator/import/gnu/arm/5.4.1/bin/../lib/gcc/arm-none-eabi/5.4.1/../../../../arm-none-eabi/lib/armv6-m\libg_nano.a(lib_a-mlock.o)
                0x00003626                __malloc_unlock
 .text._malloc_usable_size_r
                0x00003628       0x16 c:/program files (x86)/cypress/psoc creator/4.4/psoc creator/import/gnu/arm/5.4.1/bin/../lib/gcc/arm-none-eabi/5.4.1/../../../../arm-none-eabi/lib/armv6-m\libg_nano.a(lib_a-nano-msizer.o)
                0x00003628                _malloc_usable_size_r
 *(.plt)
 *(.gnu.warning)
 *(.glue_7t)
 .glue_7t       0x0000363e        0x0 linker stubs
 *(.glue_7)
 .glue_7        0x0000363e        0x0 linker stubs
 *(.vfp11_veneer)
 .vfp11_veneer  0x0000363e        0x0 linker stubs
 *(.bootloader)
 *(.ARM.extab* .gnu.linkonce.armextab.*)
 *(.gcc_except_table)

.v4_bx          0x00003640        0x0
 .v4_bx         0x00003640        0x0 linker stubs

.iplt           0x00003640        0x0
 .iplt          0x00003640        0x0 c:/program files (x86)/cypress/psoc creator/4.4/psoc creator/import/gnu/arm/5.4.1/bin/../lib/gcc/arm-none-eabi/5.4.1/armv6-m/crtbegin.o

.eh_frame_hdr
 *(.eh_frame_hdr)

.eh_frame       0x00003640        0x4
 *(.eh_frame)
 .eh_frame      0x00003640        0x0 c:/program files (x86)/cypress/psoc creator/4.4/psoc creator/import/gnu/arm/5.4.1/bin/../lib/gcc/arm-none-eabi/5.4.1/armv6-m/crtbegin.o
 .eh_frame      0x00003640        0x4 c:/program files (x86)/cypress/psoc creator/4.4/psoc creator/import/gnu/arm/5.4.1/bin/../lib/gcc/arm-none-eabi/5.4.1/armv6-m/crtend.o
                [!provide]                PROVIDE (__exidx_start, .)

.ARM.exidx
 *(.ARM.exidx* .gnu.linkonce.armexidx.*)
                0x00003644                __exidx_end = .

.rodata         0x00003644      0x4ec
 *(.rodata .rodata.* .gnu.linkonce.r.*)
 .rodata        0x00003644       0x27 .\CortexM0\ARM_GCC_541\Debug\main.o
 *fill*         0x0000366b        0x1 
 .rodata.str1.4
                0x0000366c       0x20 .\CortexM0\ARM_GCC_541\Debug\main.o
 .rodata        0x0000368c       0x38 .\CortexM0\ARM_GCC_541\Debug\tcs34725.o
 .rodata.str1.4
                0x000036c4       0xf4 .\CortexM0\ARM_GCC_541\Debug\tcs34725.o
                                 0xf2 (size before relaxing)
 .rodata        0x000037b8       0x23 .\CortexM0\ARM_GCC_541\Debug\gates.o
 *fill*         0x000037db        0x1 
 .rodata        0x000037dc      0x1f4 .\CortexM0\ARM_GCC_541\Debug\cyfitter_cfg.o
 .rodata        0x000039d0       0x2e .\CortexM0\ARM_GCC_541\Debug\MandMs-sorting.a(CyLib.o)
                0x000039d0                cyImoFreqMhz2Reg
 *fill*         0x000039fe        0x2 
 .rodata        0x00003a00       0x80 c:/program files (x86)/cypress/psoc creator/4.4/psoc creator/import/gnu/arm/5.4.1/bin/../lib/gcc/arm-none-eabi/5.4.1/armv6-m\libgcc.a(divsf3.o)
 .rodata        0x00003a80       0x40 c:/program files (x86)/cypress/psoc creator/4.4/psoc creator/import/gnu/arm/5.4.1/bin/../lib/gcc/arm-none-eabi/5.4.1/armv6-m\libgcc.a(muldf3.o)
 .rodata.str1.1
                0x00003ac0        0x2 c:/program files (x86)/cypress/psoc creator/4.4/psoc creator/import/gnu/arm/5.4.1/bin/../lib/gcc/arm-none-eabi/5.4.1/../../../../arm-none-eabi/lib/armv6-m\libg_nano.a(lib_a-impure.o)
 .rodata.str1.1
                0x00003ac2       0x11 c:/program files (x86)/cypress/psoc creator/4.4/psoc creator/import/gnu/arm/5.4.1/bin/../lib/gcc/arm-none-eabi/5.4.1/../../../../arm-none-eabi/lib/armv6-m\libg_nano.a(lib_a-nano-svfprintf.o)
 .rodata.str1.1
                0x00003ad3       0x22 c:/program files (x86)/cypress/psoc creator/4.4/psoc creator/import/gnu/arm/5.4.1/bin/../lib/gcc/arm-none-eabi/5.4.1/../../../../arm-none-eabi/lib/armv6-m\libg_nano.a(lib_a-nano-vfprintf_i.o)
                0x00003af8                . = ALIGN (0x4)
 *fill*         0x00003af5        0x3 
 *(.init)
 .init          0x00003af8        0x4 c:/program files (x86)/cypress/psoc creator/4.4/psoc creator/import/gnu/arm/5.4.1/bin/../lib/gcc/arm-none-eabi/5.4.1/armv6-m/crti.o
                0x00003af8                _init
 .init          0x00003afc        0x8 c:/program files (x86)/cypress/psoc creator/4.4/psoc creator/import/gnu/arm/5.4.1/bin/../lib/gcc/arm-none-eabi/5.4.1/armv6-m/crtn.o
                0x00003b04                . = ALIGN (0x4)
                0x00003b04                __preinit_array_start = .
 *(.preinit_array)
                0x00003b04                __preinit_array_end = .
                0x00003b04                . = ALIGN (0x4)
                0x00003b04                __init_array_start = .
 *(SORT(.init_array.*))
 *(.init_array)
 .init_array    0x00003b04        0x4 c:/program files (x86)/cypress/psoc creator/4.4/psoc creator/import/gnu/arm/5.4.1/bin/../lib/gcc/arm-none-eabi/5.4.1/armv6-m/crtbegin.o
 .init_array    0x00003b08        0x4 .\CortexM0\ARM_GCC_541\Debug\Cm0Start.o
                0x00003b0c                __init_array_end = .
                0x00003b0c                . = ALIGN (0x4)
 *(.fini)
 .fini          0x00003b0c        0x4 c:/program files (x86)/cypress/psoc creator/4.4/psoc creator/import/gnu/arm/5.4.1/bin/../lib/gcc/arm-none-eabi/5.4.1/armv6-m/crti.o
                0x00003b0c                _fini
 .fini          0x00003b10        0x8 c:/program files (x86)/cypress/psoc creator/4.4/psoc creator/import/gnu/arm/5.4.1/bin/../lib/gcc/arm-none-eabi/5.4.1/armv6-m/crtn.o
                0x00003b18                . = ALIGN (0x4)
                0x00003b18                __fini_array_start = .
 *(.fini_array)
 .fini_array    0x00003b18        0x4 c:/program files (x86)/cypress/psoc creator/4.4/psoc creator/import/gnu/arm/5.4.1/bin/../lib/gcc/arm-none-eabi/5.4.1/armv6-m/crtbegin.o
 *(SORT(.fini_array.*))
                0x00003b1c                __fini_array_end = .
                0x00003b1c                . = ALIGN (0x4)
 *crtbegin.o(.ctors)
 *(EXCLUDE_FILE(*crtend.o) .ctors)
 *(SORT(.ctors.*))
 *crtend.o(.ctors)
                0x00003b1c                . = ALIGN (0x4)
 *crtbegin.o(.dtors)
 *(EXCLUDE_FILE(*crtend.o) .dtors)
 *(SORT(.dtors.*))
 *crtend.o(.dtors)
                0x00003b1c                . = ALIGN (0x4)
                0x00003b1c                __cy_regions = .
                0x00003b1c        0x4 LONG 0x3b30 __cy_region_init_ram
                0x00003b20        0x4 LONG 0x200000c0 __cy_region_start_data
                0x00003b24        0x4 LONG 0xf0 __cy_region_init_size_ram
                0x00003b28        0x4 LONG 0x180 __cy_region_zero_size_ram
                0x00003b2c                __cy_regions_end = .
                0x00003b30                . = ALIGN (0x8)
 *fill*         0x00003b2c        0x4 
                0x00003b30                _etext = .

.cy_checksum_exclude
                0x00003b30        0x0
 *(.cy_checksum_exclude)

.ramvectors     0x20000000       0xc0
                0x20000000                __cy_region_start_ram = .
 *(.ramvectors)
 .ramvectors    0x20000000       0xc0 .\CortexM0\ARM_GCC_541\Debug\Cm0Start.o
                0x20000000                CyRamVectors

.noinit
 *(.noinit)

.data           0x200000c0       0xf0 load address 0x00003b30
                0x200000c0                __cy_region_start_data = .
 *(.jcr)
 .jcr           0x200000c0        0x0 c:/program files (x86)/cypress/psoc creator/4.4/psoc creator/import/gnu/arm/5.4.1/bin/../lib/gcc/arm-none-eabi/5.4.1/armv6-m/crtbegin.o
 .jcr           0x200000c0        0x4 c:/program files (x86)/cypress/psoc creator/4.4/psoc creator/import/gnu/arm/5.4.1/bin/../lib/gcc/arm-none-eabi/5.4.1/armv6-m/crtend.o
 *(.got.plt)
 *(.got)
 *(.shdata)
 *(.data .data.* .gnu.linkonce.d.*)
 .data          0x200000c4       0x6c .\CortexM0\ARM_GCC_541\Debug\tcs34725.o
                0x200000c4                red_struct_min
                0x200000d0                green_struct_min
                0x200000dc                blue_struct_min
                0x200000e8                orange_struct_min
                0x200000f4                brown_struct_min
                0x20000100                yellow_struct_min
                0x2000010c                red_led
                0x20000110                green_led
                0x20000114                blue_led
                0x20000118                yellow_led
                0x2000011c                orange_led
                0x20000120                brown_led
                0x20000124                min_none_color
 .data          0x20000130        0x4 .\CortexM0\ARM_GCC_541\Debug\Cm0Start.o
 .data          0x20000134       0x14 .\CortexM0\ARM_GCC_541\Debug\MandMs-sorting.a(CyLib.o)
                0x20000134                CySysClkPumpConfig
                0x20000138                cydelay32kMs
                0x2000013c                cydelayFreqKhz
                0x20000140                cydelayFreqMhz
                0x20000144                cydelayFreqHz
 .data          0x20000148        0x4 .\CortexM0\ARM_GCC_541\Debug\MandMs-sorting.a(CyLFClk.o)
 .data.impure_data
                0x2000014c       0x60 c:/program files (x86)/cypress/psoc creator/4.4/psoc creator/import/gnu/arm/5.4.1/bin/../lib/gcc/arm-none-eabi/5.4.1/../../../../arm-none-eabi/lib/armv6-m\libg_nano.a(lib_a-impure.o)
 .data._impure_ptr
                0x200001ac        0x4 c:/program files (x86)/cypress/psoc creator/4.4/psoc creator/import/gnu/arm/5.4.1/bin/../lib/gcc/arm-none-eabi/5.4.1/../../../../arm-none-eabi/lib/armv6-m\libg_nano.a(lib_a-impure.o)
                0x200001ac                _impure_ptr
                0x200001b0                . = ALIGN (0x8)
 *(.ram)
                0x200001b0                _edata = .

.igot.plt       0x200001b0        0x0 load address 0x00003c20
 .igot.plt      0x200001b0        0x0 c:/program files (x86)/cypress/psoc creator/4.4/psoc creator/import/gnu/arm/5.4.1/bin/../lib/gcc/arm-none-eabi/5.4.1/armv6-m/crtbegin.o

.bss            0x200001b0      0x180 load address 0x00003c20
                0x200001b0                PROVIDE (__bss_start__, .)
 *(.shbss)
 *(.bss .bss.* .gnu.linkonce.b.*)
 .bss           0x200001b0       0x1c c:/program files (x86)/cypress/psoc creator/4.4/psoc creator/import/gnu/arm/5.4.1/bin/../lib/gcc/arm-none-eabi/5.4.1/armv6-m/crtbegin.o
 .bss           0x200001cc        0x6 .\CortexM0\ARM_GCC_541\Debug\main.o
                0x200001cc                count_settings
                0x200001d0                joystick
 *fill*         0x200001d2        0x2 
 .bss           0x200001d4       0x5d .\CortexM0\ARM_GCC_541\Debug\tcs34725.o
                0x200001d4                _tcs34725Initialised
                0x200001d5                state
                0x200001d8                red_struct_max
                0x200001e4                green_struct_max
                0x200001f0                blue_struct_max
                0x200001fc                orange_struct_max
                0x20000208                brown_struct_max
                0x20000214                yellow_struct_max
                0x20000220                black_led
                0x20000224                max_none_color
                0x20000230                button_pushed
 .bss           0x20000231        0x1 .\CortexM0\ARM_GCC_541\Debug\MandMs-sorting.a(PWM_Container.o)
                0x20000231                PWM_Container_initVar
 *fill*         0x20000232        0x2 
 .bss           0x20000234        0x8 .\CortexM0\ARM_GCC_541\Debug\MandMs-sorting.a(I2C.o)
                0x20000234                I2C_initVar
                0x20000238                I2C_customIntrHandler
 .bss           0x2000023c        0x4 .\CortexM0\ARM_GCC_541\Debug\MandMs-sorting.a(UART.o)
                0x2000023c                UART_initVar
                0x2000023e                UART_IntrTxMask
 .bss           0x20000240       0x20 .\CortexM0\ARM_GCC_541\Debug\MandMs-sorting.a(CyLFClk.o)
 .bss           0x20000260        0x1 .\CortexM0\ARM_GCC_541\Debug\MandMs-sorting.a(PWM_RED.o)
                0x20000260                PWM_RED_initVar
 .bss           0x20000261        0x1 .\CortexM0\ARM_GCC_541\Debug\MandMs-sorting.a(PWM_BLUE.o)
                0x20000261                PWM_BLUE_initVar
 .bss           0x20000262        0x1 .\CortexM0\ARM_GCC_541\Debug\MandMs-sorting.a(PWM_GREEN.o)
                0x20000262                PWM_GREEN_initVar
 .bss           0x20000263        0x1 .\CortexM0\ARM_GCC_541\Debug\MandMs-sorting.a(ADC.o)
                0x20000263                ADC_initVar
 .bss.__malloc_sbrk_start
                0x20000264        0x4 c:/program files (x86)/cypress/psoc creator/4.4/psoc creator/import/gnu/arm/5.4.1/bin/../lib/gcc/arm-none-eabi/5.4.1/../../../../arm-none-eabi/lib/armv6-m\libg_nano.a(lib_a-nano-mallocr.o)
                0x20000264                __malloc_sbrk_start
 .bss.__malloc_free_list
                0x20000268        0x4 c:/program files (x86)/cypress/psoc creator/4.4/psoc creator/import/gnu/arm/5.4.1/bin/../lib/gcc/arm-none-eabi/5.4.1/../../../../arm-none-eabi/lib/armv6-m\libg_nano.a(lib_a-nano-mallocr.o)
                0x20000268                __malloc_free_list
 *(COMMON)
 COMMON         0x2000026c       0x81 .\CortexM0\ARM_GCC_541\Debug\utils.o
                0x2000026c                str
 *fill*         0x200002ed        0x3 
 COMMON         0x200002f0        0x8 .\CortexM0\ARM_GCC_541\Debug\tcs34725.o
                0x200002f0                _tcs34725IntegrationTime
                0x200002f1                _tcs34725Gain
                0x200002f4                status
 COMMON         0x200002f8        0x1 .\CortexM0\ARM_GCC_541\Debug\MandMs-sorting.a(I2C_I2C.o)
                0x200002f8                I2C_state
 *fill*         0x200002f9        0x3 
 COMMON         0x200002fc       0x24 .\CortexM0\ARM_GCC_541\Debug\MandMs-sorting.a(I2C_I2C_MASTER.o)
                0x200002fc                I2C_mstrWrBufIndexTmp
                0x20000300                I2C_mstrWrBufIndex
                0x20000304                I2C_mstrWrBufSize
                0x20000308                I2C_mstrStatus
                0x2000030c                I2C_mstrRdBufPtr
                0x20000310                I2C_mstrControl
                0x20000314                I2C_mstrRdBufSize
                0x20000318                I2C_mstrRdBufIndex
                0x2000031c                I2C_mstrWrBufPtr
 COMMON         0x20000320        0x6 .\CortexM0\ARM_GCC_541\Debug\MandMs-sorting.a(ADC.o)
                0x20000320                ADC_countsPer10Volt
                0x20000324                ADC_offset
 *fill*         0x20000326        0x2 
 COMMON         0x20000328        0x4 c:/program files (x86)/cypress/psoc creator/4.4/psoc creator/import/gnu/arm/5.4.1/bin/../lib/gcc/arm-none-eabi/5.4.1/../../../../arm-none-eabi/lib/armv6-m\libg_nano.a(lib_a-reent.o)
                0x20000328                errno
                0x20000330                . = ALIGN (0x8)
 *fill*         0x2000032c        0x4 
 *(.ram.b)
                0x20000330                _end = .
                0x20000330                __end = .
                0x20000330                PROVIDE (end, .)
                0x20000330                PROVIDE (__bss_end__, .)
                0x00003b30                __cy_region_init_ram = LOADADDR (.data)
                0x000000f0                __cy_region_init_size_ram = (_edata - ADDR (.data))
                0x00000180                __cy_region_zero_size_ram = (_end - _edata)

.heap           0x20000330       0x80 load address 0x00003c20
                0x20000330                . = _end
                0x200003b0                . = (. + 0x80)
 *fill*         0x20000330       0x80 
                0x200003b0                __cy_heap_limit = .

.stack          0x20000c00      0x400
                0x20000c00                __cy_stack_limit = .
                0x20001000                . = (. + 0x400)
 *fill*         0x20000c00      0x400 
                0x00000001                ASSERT ((__cy_stack_limit >= __cy_heap_limit), region RAM overflowed with stack)
                0x00000000                cy_checksum_exclude_size = (CY_APPL_LOADABLE == 0x1)?SIZEOF (.cy_checksum_exclude):0x0
                0x00000001                ASSERT ((cy_checksum_exclude_size <= CY_CHECKSUM_EXCLUDE_SIZE), CY_BOOT: Section .cy_checksum_exclude size exceedes specified limit.)
                0x00007fc0                cyloadermeta_start = (cy_project_type_bootloader || cy_project_type_app_for_stack_and_copier)?(LENGTH (rom) - CY_METADATA_SIZE):0xf0000000

.cyloadermeta
 *(.cyloadermeta)
                0x00007fc0                cyloadablemeta_start = cy_project_type_app_for_stack_and_copier?((LENGTH (rom) - CY_FLASH_ROW_SIZE) - CY_METADATA_SIZE):((LENGTH (rom) - (CY_FLASH_ROW_SIZE * (CY_APPL_NUM - 0x1))) - CY_METADATA_SIZE)

.cyloadablemeta
 *(.cyloadablemeta)

.cyflashprotect
                0x90400000       0x20
 *(.cyflashprotect)
 .cyflashprotect
                0x90400000       0x20 .\CortexM0\ARM_GCC_541\Debug\cymetadata.o
                0x90400000                cy_meta_flashprotect

.cymeta         0x90500000        0xc
 *(.cymeta)
 .cymeta        0x90500000        0xc .\CortexM0\ARM_GCC_541\Debug\cymetadata.o
                0x90500000                cy_metadata

.cychipprotect  0x90600000        0x1
 *(.cychipprotect)
 .cychipprotect
                0x90600000        0x1 .\CortexM0\ARM_GCC_541\Debug\cymetadata.o
                0x90600000                cy_meta_chipprotect

.rel.dyn        0x00003c20        0x0 load address 0x90600004
 .rel.iplt      0x00003c20        0x0 c:/program files (x86)/cypress/psoc creator/4.4/psoc creator/import/gnu/arm/5.4.1/bin/../lib/gcc/arm-none-eabi/5.4.1/armv6-m/crtbegin.o

.stab
 *(.stab)

.stabstr
 *(.stabstr)

.debug
 *(.debug)

.line
 *(.line)

.debug_srcinfo
 *(.debug_srcinfo)

.debug_sfnames
 *(.debug_sfnames)

.debug_aranges  0x00000000     0x1118
 *(.debug_aranges)
 .debug_aranges
                0x00000000       0x30 .\CortexM0\ARM_GCC_541\Debug\main.o
 .debug_aranges
                0x00000030       0x20 .\CortexM0\ARM_GCC_541\Debug\utils.o
 .debug_aranges
                0x00000050       0xb0 .\CortexM0\ARM_GCC_541\Debug\tcs34725.o
 .debug_aranges
                0x00000100       0x30 .\CortexM0\ARM_GCC_541\Debug\gates.o
 .debug_aranges
                0x00000130       0x48 .\CortexM0\ARM_GCC_541\Debug\cyfitter_cfg.o
 .debug_aranges
                0x00000178       0x18 .\CortexM0\ARM_GCC_541\Debug\cymetadata.o
 .debug_aranges
                0x00000190       0x48 .\CortexM0\ARM_GCC_541\Debug\Cm0Start.o
 .debug_aranges
                0x000001d8       0x40 .\CortexM0\ARM_GCC_541\Debug\MandMs-sorting.a(Clock.o)
 .debug_aranges
                0x00000218       0x28 .\CortexM0\ARM_GCC_541\Debug\MandMs-sorting.a(Control_Reg_1.o)
 .debug_aranges
                0x00000240       0x48 .\CortexM0\ARM_GCC_541\Debug\MandMs-sorting.a(Dir_1.o)
 .debug_aranges
                0x00000288       0x48 .\CortexM0\ARM_GCC_541\Debug\MandMs-sorting.a(Dir_2_5.o)
 .debug_aranges
                0x000002d0       0x48 .\CortexM0\ARM_GCC_541\Debug\MandMs-sorting.a(Dir_3_4.o)
 .debug_aranges
                0x00000318       0x28 .\CortexM0\ARM_GCC_541\Debug\MandMs-sorting.a(Control_Reg_2.o)
 .debug_aranges
                0x00000340       0x40 .\CortexM0\ARM_GCC_541\Debug\MandMs-sorting.a(Status_Reg_1.o)
 .debug_aranges
                0x00000380      0x158 .\CortexM0\ARM_GCC_541\Debug\MandMs-sorting.a(PWM_Container.o)
 .debug_aranges
                0x000004d8       0x68 .\CortexM0\ARM_GCC_541\Debug\MandMs-sorting.a(I2C.o)
 .debug_aranges
                0x00000540       0x30 .\CortexM0\ARM_GCC_541\Debug\MandMs-sorting.a(I2C_I2C.o)
 .debug_aranges
                0x00000570       0x98 .\CortexM0\ARM_GCC_541\Debug\MandMs-sorting.a(I2C_I2C_MASTER.o)
 .debug_aranges
                0x00000608       0x60 .\CortexM0\ARM_GCC_541\Debug\MandMs-sorting.a(UART.o)
 .debug_aranges
                0x00000668       0x68 .\CortexM0\ARM_GCC_541\Debug\MandMs-sorting.a(UART_UART.o)
 .debug_aranges
                0x000006d0       0x48 .\CortexM0\ARM_GCC_541\Debug\MandMs-sorting.a(I2C_sda.o)
 .debug_aranges
                0x00000718       0x48 .\CortexM0\ARM_GCC_541\Debug\MandMs-sorting.a(I2C_scl.o)
 .debug_aranges
                0x00000760      0x180 .\CortexM0\ARM_GCC_541\Debug\MandMs-sorting.a(CyLib.o)
 .debug_aranges
                0x000008e0      0x138 .\CortexM0\ARM_GCC_541\Debug\MandMs-sorting.a(CyLFClk.o)
 .debug_aranges
                0x00000a18      0x158 .\CortexM0\ARM_GCC_541\Debug\MandMs-sorting.a(PWM_RED.o)
 .debug_aranges
                0x00000b70      0x158 .\CortexM0\ARM_GCC_541\Debug\MandMs-sorting.a(PWM_BLUE.o)
 .debug_aranges
                0x00000cc8      0x158 .\CortexM0\ARM_GCC_541\Debug\MandMs-sorting.a(PWM_GREEN.o)
 .debug_aranges
                0x00000e20       0x48 .\CortexM0\ARM_GCC_541\Debug\MandMs-sorting.a(SW.o)
 .debug_aranges
                0x00000e68       0x80 .\CortexM0\ARM_GCC_541\Debug\MandMs-sorting.a(isr_SW.o)
 .debug_aranges
                0x00000ee8       0x48 .\CortexM0\ARM_GCC_541\Debug\MandMs-sorting.a(SW_UpDown.o)
 .debug_aranges
                0x00000f30       0x80 .\CortexM0\ARM_GCC_541\Debug\MandMs-sorting.a(isr_SW_UpDown.o)
 .debug_aranges
                0x00000fb0       0xa8 .\CortexM0\ARM_GCC_541\Debug\MandMs-sorting.a(ADC.o)
 .debug_aranges
                0x00001058       0x20 .\CortexM0\ARM_GCC_541\Debug\MandMs-sorting.a(ADC_INT.o)
 .debug_aranges
                0x00001078       0x20 .\CortexM0\ARM_GCC_541\Debug\MandMs-sorting.a(CyBootAsmGnu.o)
 .debug_aranges
                0x00001098       0x20 .\CortexM0\ARM_GCC_541\Debug\MandMs-sorting.a(I2C_I2C_INT.o)
 .debug_aranges
                0x000010b8       0x60 .\CortexM0\ARM_GCC_541\Debug\MandMs-sorting.a(UART_SPI_UART.o)

.debug_pubnames
 *(.debug_pubnames)

.debug_info     0x00000000     0x93c0
 *(.debug_info .gnu.linkonce.wi.*)
 .debug_info    0x00000000      0x546 .\CortexM0\ARM_GCC_541\Debug\main.o
 .debug_info    0x00000546       0xf8 .\CortexM0\ARM_GCC_541\Debug\utils.o
 .debug_info    0x0000063e     0x1233 .\CortexM0\ARM_GCC_541\Debug\tcs34725.o
 .debug_info    0x00001871      0x38d .\CortexM0\ARM_GCC_541\Debug\gates.o
 .debug_info    0x00001bfe      0x404 .\CortexM0\ARM_GCC_541\Debug\cyfitter_cfg.o
 .debug_info    0x00002002       0xf8 .\CortexM0\ARM_GCC_541\Debug\cymetadata.o
 .debug_info    0x000020fa      0x3a2 .\CortexM0\ARM_GCC_541\Debug\Cm0Start.o
 .debug_info    0x0000249c      0x14e .\CortexM0\ARM_GCC_541\Debug\MandMs-sorting.a(Clock.o)
 .debug_info    0x000025ea       0xd6 .\CortexM0\ARM_GCC_541\Debug\MandMs-sorting.a(Control_Reg_1.o)
 .debug_info    0x000026c0      0x19d .\CortexM0\ARM_GCC_541\Debug\MandMs-sorting.a(Dir_1.o)
 .debug_info    0x0000285d      0x19b .\CortexM0\ARM_GCC_541\Debug\MandMs-sorting.a(Dir_2_5.o)
 .debug_info    0x000029f8      0x19d .\CortexM0\ARM_GCC_541\Debug\MandMs-sorting.a(Dir_3_4.o)
 .debug_info    0x00002b95       0xd6 .\CortexM0\ARM_GCC_541\Debug\MandMs-sorting.a(Control_Reg_2.o)
 .debug_info    0x00002c6b      0x17f .\CortexM0\ARM_GCC_541\Debug\MandMs-sorting.a(Status_Reg_1.o)
 .debug_info    0x00002dea      0x907 .\CortexM0\ARM_GCC_541\Debug\MandMs-sorting.a(PWM_Container.o)
 .debug_info    0x000036f1      0x2aa .\CortexM0\ARM_GCC_541\Debug\MandMs-sorting.a(I2C.o)
 .debug_info    0x0000399b      0x195 .\CortexM0\ARM_GCC_541\Debug\MandMs-sorting.a(I2C_I2C.o)
 .debug_info    0x00003b30      0x91d .\CortexM0\ARM_GCC_541\Debug\MandMs-sorting.a(I2C_I2C_MASTER.o)
 .debug_info    0x0000444d      0x24c .\CortexM0\ARM_GCC_541\Debug\MandMs-sorting.a(UART.o)
 .debug_info    0x00004699      0x310 .\CortexM0\ARM_GCC_541\Debug\MandMs-sorting.a(UART_UART.o)
 .debug_info    0x000049a9      0x19d .\CortexM0\ARM_GCC_541\Debug\MandMs-sorting.a(I2C_sda.o)
 .debug_info    0x00004b46      0x19b .\CortexM0\ARM_GCC_541\Debug\MandMs-sorting.a(I2C_scl.o)
 .debug_info    0x00004ce1      0xaed .\CortexM0\ARM_GCC_541\Debug\MandMs-sorting.a(CyLib.o)
 .debug_info    0x000057ce      0xcfe .\CortexM0\ARM_GCC_541\Debug\MandMs-sorting.a(CyLFClk.o)
 .debug_info    0x000064cc      0x908 .\CortexM0\ARM_GCC_541\Debug\MandMs-sorting.a(PWM_RED.o)
 .debug_info    0x00006dd4      0x908 .\CortexM0\ARM_GCC_541\Debug\MandMs-sorting.a(PWM_BLUE.o)
 .debug_info    0x000076dc      0x908 .\CortexM0\ARM_GCC_541\Debug\MandMs-sorting.a(PWM_GREEN.o)
 .debug_info    0x00007fe4      0x19d .\CortexM0\ARM_GCC_541\Debug\MandMs-sorting.a(SW.o)
 .debug_info    0x00008181      0x305 .\CortexM0\ARM_GCC_541\Debug\MandMs-sorting.a(isr_SW.o)
 .debug_info    0x00008486      0x19d .\CortexM0\ARM_GCC_541\Debug\MandMs-sorting.a(SW_UpDown.o)
 .debug_info    0x00008623      0x305 .\CortexM0\ARM_GCC_541\Debug\MandMs-sorting.a(isr_SW_UpDown.o)
 .debug_info    0x00008928      0x579 .\CortexM0\ARM_GCC_541\Debug\MandMs-sorting.a(ADC.o)
 .debug_info    0x00008ea1       0xcb .\CortexM0\ARM_GCC_541\Debug\MandMs-sorting.a(ADC_INT.o)
 .debug_info    0x00008f6c       0x8c .\CortexM0\ARM_GCC_541\Debug\MandMs-sorting.a(CyBootAsmGnu.o)
 .debug_info    0x00008ff8      0x1a8 .\CortexM0\ARM_GCC_541\Debug\MandMs-sorting.a(I2C_I2C_INT.o)
 .debug_info    0x000091a0      0x220 .\CortexM0\ARM_GCC_541\Debug\MandMs-sorting.a(UART_SPI_UART.o)

.debug_abbrev   0x00000000     0x270f
 *(.debug_abbrev)
 .debug_abbrev  0x00000000      0x194 .\CortexM0\ARM_GCC_541\Debug\main.o
 .debug_abbrev  0x00000194       0xa7 .\CortexM0\ARM_GCC_541\Debug\utils.o
 .debug_abbrev  0x0000023b      0x2a3 .\CortexM0\ARM_GCC_541\Debug\tcs34725.o
 .debug_abbrev  0x000004de      0x12c .\CortexM0\ARM_GCC_541\Debug\gates.o
 .debug_abbrev  0x0000060a      0x1cf .\CortexM0\ARM_GCC_541\Debug\cyfitter_cfg.o
 .debug_abbrev  0x000007d9       0x5d .\CortexM0\ARM_GCC_541\Debug\cymetadata.o
 .debug_abbrev  0x00000836      0x1d7 .\CortexM0\ARM_GCC_541\Debug\Cm0Start.o
 .debug_abbrev  0x00000a0d       0xb7 .\CortexM0\ARM_GCC_541\Debug\MandMs-sorting.a(Clock.o)
 .debug_abbrev  0x00000ac4       0x81 .\CortexM0\ARM_GCC_541\Debug\MandMs-sorting.a(Control_Reg_1.o)
 .debug_abbrev  0x00000b45       0xc8 .\CortexM0\ARM_GCC_541\Debug\MandMs-sorting.a(Dir_1.o)
 .debug_abbrev  0x00000c0d       0xc8 .\CortexM0\ARM_GCC_541\Debug\MandMs-sorting.a(Dir_2_5.o)
 .debug_abbrev  0x00000cd5       0xc8 .\CortexM0\ARM_GCC_541\Debug\MandMs-sorting.a(Dir_3_4.o)
 .debug_abbrev  0x00000d9d       0x81 .\CortexM0\ARM_GCC_541\Debug\MandMs-sorting.a(Control_Reg_2.o)
 .debug_abbrev  0x00000e1e       0xac .\CortexM0\ARM_GCC_541\Debug\MandMs-sorting.a(Status_Reg_1.o)
 .debug_abbrev  0x00000eca      0x119 .\CortexM0\ARM_GCC_541\Debug\MandMs-sorting.a(PWM_Container.o)
 .debug_abbrev  0x00000fe3      0x130 .\CortexM0\ARM_GCC_541\Debug\MandMs-sorting.a(I2C.o)
 .debug_abbrev  0x00001113       0xc7 .\CortexM0\ARM_GCC_541\Debug\MandMs-sorting.a(I2C_I2C.o)
 .debug_abbrev  0x000011da      0x1b3 .\CortexM0\ARM_GCC_541\Debug\MandMs-sorting.a(I2C_I2C_MASTER.o)
 .debug_abbrev  0x0000138d       0xed .\CortexM0\ARM_GCC_541\Debug\MandMs-sorting.a(UART.o)
 .debug_abbrev  0x0000147a      0x123 .\CortexM0\ARM_GCC_541\Debug\MandMs-sorting.a(UART_UART.o)
 .debug_abbrev  0x0000159d       0xc8 .\CortexM0\ARM_GCC_541\Debug\MandMs-sorting.a(I2C_sda.o)
 .debug_abbrev  0x00001665       0xc8 .\CortexM0\ARM_GCC_541\Debug\MandMs-sorting.a(I2C_scl.o)
 .debug_abbrev  0x0000172d      0x1d3 .\CortexM0\ARM_GCC_541\Debug\MandMs-sorting.a(CyLib.o)
 .debug_abbrev  0x00001900      0x210 .\CortexM0\ARM_GCC_541\Debug\MandMs-sorting.a(CyLFClk.o)
 .debug_abbrev  0x00001b10      0x119 .\CortexM0\ARM_GCC_541\Debug\MandMs-sorting.a(PWM_RED.o)
 .debug_abbrev  0x00001c29      0x119 .\CortexM0\ARM_GCC_541\Debug\MandMs-sorting.a(PWM_BLUE.o)
 .debug_abbrev  0x00001d42      0x119 .\CortexM0\ARM_GCC_541\Debug\MandMs-sorting.a(PWM_GREEN.o)
 .debug_abbrev  0x00001e5b       0xc8 .\CortexM0\ARM_GCC_541\Debug\MandMs-sorting.a(SW.o)
 .debug_abbrev  0x00001f23      0x19a .\CortexM0\ARM_GCC_541\Debug\MandMs-sorting.a(isr_SW.o)
 .debug_abbrev  0x000020bd       0xc8 .\CortexM0\ARM_GCC_541\Debug\MandMs-sorting.a(SW_UpDown.o)
 .debug_abbrev  0x00002185      0x19a .\CortexM0\ARM_GCC_541\Debug\MandMs-sorting.a(isr_SW_UpDown.o)
 .debug_abbrev  0x0000231f      0x184 .\CortexM0\ARM_GCC_541\Debug\MandMs-sorting.a(ADC.o)
 .debug_abbrev  0x000024a3       0x65 .\CortexM0\ARM_GCC_541\Debug\MandMs-sorting.a(ADC_INT.o)
 .debug_abbrev  0x00002508       0x14 .\CortexM0\ARM_GCC_541\Debug\MandMs-sorting.a(CyBootAsmGnu.o)
 .debug_abbrev  0x0000251c       0xa4 .\CortexM0\ARM_GCC_541\Debug\MandMs-sorting.a(I2C_I2C_INT.o)
 .debug_abbrev  0x000025c0      0x14f .\CortexM0\ARM_GCC_541\Debug\MandMs-sorting.a(UART_SPI_UART.o)

.debug_line     0x00000000     0x3e4c
 *(.debug_line)
 .debug_line    0x00000000      0x2e4 .\CortexM0\ARM_GCC_541\Debug\main.o
 .debug_line    0x000002e4       0x61 .\CortexM0\ARM_GCC_541\Debug\utils.o
 .debug_line    0x00000345      0x53e .\CortexM0\ARM_GCC_541\Debug\tcs34725.o
 .debug_line    0x00000883        0x0 .\CortexM0\ARM_GCC_541\Debug\learn_color.o
 .debug_line    0x00000883      0x225 .\CortexM0\ARM_GCC_541\Debug\gates.o
 .debug_line    0x00000aa8      0x1a6 .\CortexM0\ARM_GCC_541\Debug\cyfitter_cfg.o
 .debug_line    0x00000c4e      0x141 .\CortexM0\ARM_GCC_541\Debug\cymetadata.o
 .debug_line    0x00000d8f      0x235 .\CortexM0\ARM_GCC_541\Debug\Cm0Start.o
 .debug_line    0x00000fc4       0xab .\CortexM0\ARM_GCC_541\Debug\MandMs-sorting.a(Clock.o)
 .debug_line    0x0000106f       0x76 .\CortexM0\ARM_GCC_541\Debug\MandMs-sorting.a(Control_Reg_1.o)
 .debug_line    0x000010e5       0xbd .\CortexM0\ARM_GCC_541\Debug\MandMs-sorting.a(Dir_1.o)
 .debug_line    0x000011a2       0xbe .\CortexM0\ARM_GCC_541\Debug\MandMs-sorting.a(Dir_2_5.o)
 .debug_line    0x00001260       0xbf .\CortexM0\ARM_GCC_541\Debug\MandMs-sorting.a(Dir_3_4.o)
 .debug_line    0x0000131f       0x76 .\CortexM0\ARM_GCC_541\Debug\MandMs-sorting.a(Control_Reg_2.o)
 .debug_line    0x00001395       0xbb .\CortexM0\ARM_GCC_541\Debug\MandMs-sorting.a(Status_Reg_1.o)
 .debug_line    0x00001450      0x386 .\CortexM0\ARM_GCC_541\Debug\MandMs-sorting.a(PWM_Container.o)
 .debug_line    0x000017d6      0x143 .\CortexM0\ARM_GCC_541\Debug\MandMs-sorting.a(I2C.o)
 .debug_line    0x00001919       0xc3 .\CortexM0\ARM_GCC_541\Debug\MandMs-sorting.a(I2C_I2C.o)
 .debug_line    0x000019dc      0x339 .\CortexM0\ARM_GCC_541\Debug\MandMs-sorting.a(I2C_I2C_MASTER.o)
 .debug_line    0x00001d15      0x127 .\CortexM0\ARM_GCC_541\Debug\MandMs-sorting.a(UART.o)
 .debug_line    0x00001e3c      0x16d .\CortexM0\ARM_GCC_541\Debug\MandMs-sorting.a(UART_UART.o)
 .debug_line    0x00001fa9       0xbf .\CortexM0\ARM_GCC_541\Debug\MandMs-sorting.a(I2C_sda.o)
 .debug_line    0x00002068       0xbe .\CortexM0\ARM_GCC_541\Debug\MandMs-sorting.a(I2C_scl.o)
 .debug_line    0x00002126      0x460 .\CortexM0\ARM_GCC_541\Debug\MandMs-sorting.a(CyLib.o)
 .debug_line    0x00002586      0x466 .\CortexM0\ARM_GCC_541\Debug\MandMs-sorting.a(CyLFClk.o)
 .debug_line    0x000029ec      0x380 .\CortexM0\ARM_GCC_541\Debug\MandMs-sorting.a(PWM_RED.o)
 .debug_line    0x00002d6c      0x381 .\CortexM0\ARM_GCC_541\Debug\MandMs-sorting.a(PWM_BLUE.o)
 .debug_line    0x000030ed      0x382 .\CortexM0\ARM_GCC_541\Debug\MandMs-sorting.a(PWM_GREEN.o)
 .debug_line    0x0000346f       0xba .\CortexM0\ARM_GCC_541\Debug\MandMs-sorting.a(SW.o)
 .debug_line    0x00003529      0x14e .\CortexM0\ARM_GCC_541\Debug\MandMs-sorting.a(isr_SW.o)
 .debug_line    0x00003677       0xc1 .\CortexM0\ARM_GCC_541\Debug\MandMs-sorting.a(SW_UpDown.o)
 .debug_line    0x00003738      0x159 .\CortexM0\ARM_GCC_541\Debug\MandMs-sorting.a(isr_SW_UpDown.o)
 .debug_line    0x00003891      0x277 .\CortexM0\ARM_GCC_541\Debug\MandMs-sorting.a(ADC.o)
 .debug_line    0x00003b08       0x62 .\CortexM0\ARM_GCC_541\Debug\MandMs-sorting.a(ADC_INT.o)
 .debug_line    0x00003b6a       0x69 .\CortexM0\ARM_GCC_541\Debug\MandMs-sorting.a(CyBootAsmGnu.o)
 .debug_line    0x00003bd3      0x15f .\CortexM0\ARM_GCC_541\Debug\MandMs-sorting.a(I2C_I2C_INT.o)
 .debug_line    0x00003d32      0x11a .\CortexM0\ARM_GCC_541\Debug\MandMs-sorting.a(UART_SPI_UART.o)

.debug_frame    0x00000000     0x2eb4
 *(.debug_frame)
 .debug_frame   0x00000000       0x64 .\CortexM0\ARM_GCC_541\Debug\main.o
 .debug_frame   0x00000064       0x2c .\CortexM0\ARM_GCC_541\Debug\utils.o
 .debug_frame   0x00000090      0x270 .\CortexM0\ARM_GCC_541\Debug\tcs34725.o
 .debug_frame   0x00000300       0x68 .\CortexM0\ARM_GCC_541\Debug\gates.o
 .debug_frame   0x00000368       0xb8 .\CortexM0\ARM_GCC_541\Debug\cyfitter_cfg.o
 .debug_frame   0x00000420       0xbc .\CortexM0\ARM_GCC_541\Debug\Cm0Start.o
 .debug_frame   0x000004dc       0x60 .\CortexM0\ARM_GCC_541\Debug\MandMs-sorting.a(Clock.o)
 .debug_frame   0x0000053c       0x30 .\CortexM0\ARM_GCC_541\Debug\MandMs-sorting.a(Control_Reg_1.o)
 .debug_frame   0x0000056c       0x70 .\CortexM0\ARM_GCC_541\Debug\MandMs-sorting.a(Dir_1.o)
 .debug_frame   0x000005dc       0x70 .\CortexM0\ARM_GCC_541\Debug\MandMs-sorting.a(Dir_2_5.o)
 .debug_frame   0x0000064c       0x70 .\CortexM0\ARM_GCC_541\Debug\MandMs-sorting.a(Dir_3_4.o)
 .debug_frame   0x000006bc       0x30 .\CortexM0\ARM_GCC_541\Debug\MandMs-sorting.a(Control_Reg_2.o)
 .debug_frame   0x000006ec       0x78 .\CortexM0\ARM_GCC_541\Debug\MandMs-sorting.a(Status_Reg_1.o)
 .debug_frame   0x00000764      0x3a0 .\CortexM0\ARM_GCC_541\Debug\MandMs-sorting.a(PWM_Container.o)
 .debug_frame   0x00000b04       0xf8 .\CortexM0\ARM_GCC_541\Debug\MandMs-sorting.a(I2C.o)
 .debug_frame   0x00000bfc       0x58 .\CortexM0\ARM_GCC_541\Debug\MandMs-sorting.a(I2C_I2C.o)
 .debug_frame   0x00000c54      0x1e8 .\CortexM0\ARM_GCC_541\Debug\MandMs-sorting.a(I2C_I2C_MASTER.o)
 .debug_frame   0x00000e3c       0xe8 .\CortexM0\ARM_GCC_541\Debug\MandMs-sorting.a(UART.o)
 .debug_frame   0x00000f24       0xf4 .\CortexM0\ARM_GCC_541\Debug\MandMs-sorting.a(UART_UART.o)
 .debug_frame   0x00001018       0x70 .\CortexM0\ARM_GCC_541\Debug\MandMs-sorting.a(I2C_sda.o)
 .debug_frame   0x00001088       0x70 .\CortexM0\ARM_GCC_541\Debug\MandMs-sorting.a(I2C_scl.o)
 .debug_frame   0x000010f8      0x3e0 .\CortexM0\ARM_GCC_541\Debug\MandMs-sorting.a(CyLib.o)
 .debug_frame   0x000014d8      0x3a8 .\CortexM0\ARM_GCC_541\Debug\MandMs-sorting.a(CyLFClk.o)
 .debug_frame   0x00001880      0x3a0 .\CortexM0\ARM_GCC_541\Debug\MandMs-sorting.a(PWM_RED.o)
 .debug_frame   0x00001c20      0x3a0 .\CortexM0\ARM_GCC_541\Debug\MandMs-sorting.a(PWM_BLUE.o)
 .debug_frame   0x00001fc0      0x3a0 .\CortexM0\ARM_GCC_541\Debug\MandMs-sorting.a(PWM_GREEN.o)
 .debug_frame   0x00002360       0x70 .\CortexM0\ARM_GCC_541\Debug\MandMs-sorting.a(SW.o)
 .debug_frame   0x000023d0      0x110 .\CortexM0\ARM_GCC_541\Debug\MandMs-sorting.a(isr_SW.o)
 .debug_frame   0x000024e0       0x70 .\CortexM0\ARM_GCC_541\Debug\MandMs-sorting.a(SW_UpDown.o)
 .debug_frame   0x00002550      0x110 .\CortexM0\ARM_GCC_541\Debug\MandMs-sorting.a(isr_SW_UpDown.o)
 .debug_frame   0x00002660      0x1b0 .\CortexM0\ARM_GCC_541\Debug\MandMs-sorting.a(ADC.o)
 .debug_frame   0x00002810       0x20 .\CortexM0\ARM_GCC_541\Debug\MandMs-sorting.a(ADC_INT.o)
 .debug_frame   0x00002830       0x2c .\CortexM0\ARM_GCC_541\Debug\MandMs-sorting.a(I2C_I2C_INT.o)
 .debug_frame   0x0000285c       0xb0 .\CortexM0\ARM_GCC_541\Debug\MandMs-sorting.a(UART_SPI_UART.o)
 .debug_frame   0x0000290c       0x20 c:/program files (x86)/cypress/psoc creator/4.4/psoc creator/import/gnu/arm/5.4.1/bin/../lib/gcc/arm-none-eabi/5.4.1/armv6-m\libgcc.a(_udivsi3.o)
 .debug_frame   0x0000292c       0x20 c:/program files (x86)/cypress/psoc creator/4.4/psoc creator/import/gnu/arm/5.4.1/bin/../lib/gcc/arm-none-eabi/5.4.1/armv6-m\libgcc.a(_divsi3.o)
 .debug_frame   0x0000294c       0x34 c:/program files (x86)/cypress/psoc creator/4.4/psoc creator/import/gnu/arm/5.4.1/bin/../lib/gcc/arm-none-eabi/5.4.1/armv6-m\libgcc.a(_muldi3.o)
 .debug_frame   0x00002980       0x30 c:/program files (x86)/cypress/psoc creator/4.4/psoc creator/import/gnu/arm/5.4.1/bin/../lib/gcc/arm-none-eabi/5.4.1/armv6-m\libgcc.a(bpabi.o)
 .debug_frame   0x000029b0       0x3c c:/program files (x86)/cypress/psoc creator/4.4/psoc creator/import/gnu/arm/5.4.1/bin/../lib/gcc/arm-none-eabi/5.4.1/armv6-m\libgcc.a(divsf3.o)
 .debug_frame   0x000029ec       0x38 c:/program files (x86)/cypress/psoc creator/4.4/psoc creator/import/gnu/arm/5.4.1/bin/../lib/gcc/arm-none-eabi/5.4.1/armv6-m\libgcc.a(mulsf3.o)
 .debug_frame   0x00002a24       0x2c c:/program files (x86)/cypress/psoc creator/4.4/psoc creator/import/gnu/arm/5.4.1/bin/../lib/gcc/arm-none-eabi/5.4.1/armv6-m\libgcc.a(floatsisf.o)
 .debug_frame   0x00002a50       0x2c c:/program files (x86)/cypress/psoc creator/4.4/psoc creator/import/gnu/arm/5.4.1/bin/../lib/gcc/arm-none-eabi/5.4.1/armv6-m\libgcc.a(floatunsisf.o)
 .debug_frame   0x00002a7c       0x3c c:/program files (x86)/cypress/psoc creator/4.4/psoc creator/import/gnu/arm/5.4.1/bin/../lib/gcc/arm-none-eabi/5.4.1/armv6-m\libgcc.a(muldf3.o)
 .debug_frame   0x00002ab8       0x2c c:/program files (x86)/cypress/psoc creator/4.4/psoc creator/import/gnu/arm/5.4.1/bin/../lib/gcc/arm-none-eabi/5.4.1/armv6-m\libgcc.a(fixdfsi.o)
 .debug_frame   0x00002ae4       0x2c c:/program files (x86)/cypress/psoc creator/4.4/psoc creator/import/gnu/arm/5.4.1/bin/../lib/gcc/arm-none-eabi/5.4.1/armv6-m\libgcc.a(extendsfdf2.o)
 .debug_frame   0x00002b10       0x3c c:/program files (x86)/cypress/psoc creator/4.4/psoc creator/import/gnu/arm/5.4.1/bin/../lib/gcc/arm-none-eabi/5.4.1/armv6-m\libgcc.a(_divdi3.o)
 .debug_frame   0x00002b4c       0x20 c:/program files (x86)/cypress/psoc creator/4.4/psoc creator/import/gnu/arm/5.4.1/bin/../lib/gcc/arm-none-eabi/5.4.1/../../../../arm-none-eabi/lib/armv6-m\libg_nano.a(lib_a-errno.o)
 .debug_frame   0x00002b6c       0x28 c:/program files (x86)/cypress/psoc creator/4.4/psoc creator/import/gnu/arm/5.4.1/bin/../lib/gcc/arm-none-eabi/5.4.1/../../../../arm-none-eabi/lib/armv6-m\libg_nano.a(lib_a-exit.o)
 .debug_frame   0x00002b94       0x2c c:/program files (x86)/cypress/psoc creator/4.4/psoc creator/import/gnu/arm/5.4.1/bin/../lib/gcc/arm-none-eabi/5.4.1/../../../../arm-none-eabi/lib/armv6-m\libg_nano.a(lib_a-init.o)
 .debug_frame   0x00002bc0       0x28 c:/program files (x86)/cypress/psoc creator/4.4/psoc creator/import/gnu/arm/5.4.1/bin/../lib/gcc/arm-none-eabi/5.4.1/../../../../arm-none-eabi/lib/armv6-m\libg_nano.a(lib_a-memcpy-stub.o)
 .debug_frame   0x00002be8       0x20 c:/program files (x86)/cypress/psoc creator/4.4/psoc creator/import/gnu/arm/5.4.1/bin/../lib/gcc/arm-none-eabi/5.4.1/../../../../arm-none-eabi/lib/armv6-m\libg_nano.a(lib_a-memset.o)
 .debug_frame   0x00002c08       0x50 c:/program files (x86)/cypress/psoc creator/4.4/psoc creator/import/gnu/arm/5.4.1/bin/../lib/gcc/arm-none-eabi/5.4.1/../../../../arm-none-eabi/lib/armv6-m\libg_nano.a(lib_a-sprintf.o)
 .debug_frame   0x00002c58       0x74 c:/program files (x86)/cypress/psoc creator/4.4/psoc creator/import/gnu/arm/5.4.1/bin/../lib/gcc/arm-none-eabi/5.4.1/../../../../arm-none-eabi/lib/armv6-m\libg_nano.a(lib_a-nano-svfprintf.o)
 .debug_frame   0x00002ccc       0x54 c:/program files (x86)/cypress/psoc creator/4.4/psoc creator/import/gnu/arm/5.4.1/bin/../lib/gcc/arm-none-eabi/5.4.1/../../../../arm-none-eabi/lib/armv6-m\libg_nano.a(lib_a-nano-vfprintf_i.o)
 .debug_frame   0x00002d20       0x20 c:/program files (x86)/cypress/psoc creator/4.4/psoc creator/import/gnu/arm/5.4.1/bin/../lib/gcc/arm-none-eabi/5.4.1/../../../../arm-none-eabi/lib/armv6-m\libg_nano.a(lib_a-memchr-stub.o)
 .debug_frame   0x00002d40       0x28 c:/program files (x86)/cypress/psoc creator/4.4/psoc creator/import/gnu/arm/5.4.1/bin/../lib/gcc/arm-none-eabi/5.4.1/../../../../arm-none-eabi/lib/armv6-m\libg_nano.a(lib_a-memmove.o)
 .debug_frame   0x00002d68       0x2c c:/program files (x86)/cypress/psoc creator/4.4/psoc creator/import/gnu/arm/5.4.1/bin/../lib/gcc/arm-none-eabi/5.4.1/../../../../arm-none-eabi/lib/armv6-m\libg_nano.a(lib_a-nano-freer.o)
 .debug_frame   0x00002d94       0x2c c:/program files (x86)/cypress/psoc creator/4.4/psoc creator/import/gnu/arm/5.4.1/bin/../lib/gcc/arm-none-eabi/5.4.1/../../../../arm-none-eabi/lib/armv6-m\libg_nano.a(lib_a-nano-mallocr.o)
 .debug_frame   0x00002dc0       0x30 c:/program files (x86)/cypress/psoc creator/4.4/psoc creator/import/gnu/arm/5.4.1/bin/../lib/gcc/arm-none-eabi/5.4.1/../../../../arm-none-eabi/lib/armv6-m\libg_nano.a(lib_a-nano-reallocr.o)
 .debug_frame   0x00002df0       0x2c c:/program files (x86)/cypress/psoc creator/4.4/psoc creator/import/gnu/arm/5.4.1/bin/../lib/gcc/arm-none-eabi/5.4.1/../../../../arm-none-eabi/lib/armv6-m\libg_nano.a(lib_a-sbrkr.o)
 .debug_frame   0x00002e1c       0x30 c:/program files (x86)/cypress/psoc creator/4.4/psoc creator/import/gnu/arm/5.4.1/bin/../lib/gcc/arm-none-eabi/5.4.1/../../../../arm-none-eabi/lib/armv6-m\libg_nano.a(lib_a-mlock.o)
 .debug_frame   0x00002e4c       0x20 c:/program files (x86)/cypress/psoc creator/4.4/psoc creator/import/gnu/arm/5.4.1/bin/../lib/gcc/arm-none-eabi/5.4.1/../../../../arm-none-eabi/lib/armv6-m\libg_nano.a(lib_a-nano-msizer.o)
 .debug_frame   0x00002e6c       0x48 c:/program files (x86)/cypress/psoc creator/4.4/psoc creator/import/gnu/arm/5.4.1/bin/../lib/gcc/arm-none-eabi/5.4.1/../../../../arm-none-eabi/lib/armv6-m\libg_nano.a(lib_a-reent.o)

.debug_str      0x00000000     0x3474
 *(.debug_str)
 .debug_str     0x00000000      0x353 .\CortexM0\ARM_GCC_541\Debug\main.o
                                0x3a7 (size before relaxing)
 .debug_str     0x00000353       0x1b .\CortexM0\ARM_GCC_541\Debug\utils.o
                                0x198 (size before relaxing)
 .debug_str     0x0000036e      0x35d .\CortexM0\ARM_GCC_541\Debug\tcs34725.o
                                0x5c8 (size before relaxing)
 .debug_str     0x000006cb        0xe .\CortexM0\ARM_GCC_541\Debug\learn_color.o
                                 0xda (size before relaxing)
 .debug_str     0x000006d9       0x9f .\CortexM0\ARM_GCC_541\Debug\gates.o
                                0x2d7 (size before relaxing)
 .debug_str     0x00000778      0x13d .\CortexM0\ARM_GCC_541\Debug\cyfitter_cfg.o
                                0x2f9 (size before relaxing)
 .debug_str     0x000008b5       0x59 .\CortexM0\ARM_GCC_541\Debug\cymetadata.o
                                0x1c4 (size before relaxing)
 .debug_str     0x0000090e      0x135 .\CortexM0\ARM_GCC_541\Debug\Cm0Start.o
                                0x2fd (size before relaxing)
 .debug_str     0x00000a43       0xb1 .\CortexM0\ARM_GCC_541\Debug\MandMs-sorting.a(Clock.o)
                                0x239 (size before relaxing)
 .debug_str     0x00000af4       0x42 .\CortexM0\ARM_GCC_541\Debug\MandMs-sorting.a(Control_Reg_1.o)
                                0x1c3 (size before relaxing)
 .debug_str     0x00000b36       0xa4 .\CortexM0\ARM_GCC_541\Debug\MandMs-sorting.a(Dir_1.o)
                                0x232 (size before relaxing)
 .debug_str     0x00000bda       0x87 .\CortexM0\ARM_GCC_541\Debug\MandMs-sorting.a(Dir_2_5.o)
                                0x240 (size before relaxing)
 .debug_str     0x00000c61       0x87 .\CortexM0\ARM_GCC_541\Debug\MandMs-sorting.a(Dir_3_4.o)
                                0x240 (size before relaxing)
 .debug_str     0x00000ce8       0x3a .\CortexM0\ARM_GCC_541\Debug\MandMs-sorting.a(Control_Reg_2.o)
                                0x1c3 (size before relaxing)
 .debug_str     0x00000d22       0xcf .\CortexM0\ARM_GCC_541\Debug\MandMs-sorting.a(Status_Reg_1.o)
                                0x263 (size before relaxing)
 .debug_str     0x00000df1      0x4f4 .\CortexM0\ARM_GCC_541\Debug\MandMs-sorting.a(PWM_Container.o)
                                0x6fd (size before relaxing)
 .debug_str     0x000012e5      0x135 .\CortexM0\ARM_GCC_541\Debug\MandMs-sorting.a(I2C.o)
                                0x2d5 (size before relaxing)
 .debug_str     0x0000141a       0x85 .\CortexM0\ARM_GCC_541\Debug\MandMs-sorting.a(I2C_I2C.o)
                                0x24a (size before relaxing)
 .debug_str     0x0000149f      0x285 .\CortexM0\ARM_GCC_541\Debug\MandMs-sorting.a(I2C_I2C_MASTER.o)
                                0x4e8 (size before relaxing)
 .debug_str     0x00001724       0xf7 .\CortexM0\ARM_GCC_541\Debug\MandMs-sorting.a(UART.o)
                                0x2af (size before relaxing)
 .debug_str     0x0000181b      0x152 .\CortexM0\ARM_GCC_541\Debug\MandMs-sorting.a(UART_UART.o)
                                0x338 (size before relaxing)
 .debug_str     0x0000196d       0x88 .\CortexM0\ARM_GCC_541\Debug\MandMs-sorting.a(I2C_sda.o)
                                0x240 (size before relaxing)
 .debug_str     0x000019f5       0x7a .\CortexM0\ARM_GCC_541\Debug\MandMs-sorting.a(I2C_scl.o)
                                0x240 (size before relaxing)
 .debug_str     0x00001a6f      0x440 .\CortexM0\ARM_GCC_541\Debug\MandMs-sorting.a(CyLib.o)
                                0x6b2 (size before relaxing)
 .debug_str     0x00001eaf      0x522 .\CortexM0\ARM_GCC_541\Debug\MandMs-sorting.a(CyLFClk.o)
                                0x739 (size before relaxing)
 .debug_str     0x000023d1      0x358 .\CortexM0\ARM_GCC_541\Debug\MandMs-sorting.a(PWM_RED.o)
                                0x601 (size before relaxing)
 .debug_str     0x00002729      0x380 .\CortexM0\ARM_GCC_541\Debug\MandMs-sorting.a(PWM_BLUE.o)
                                0x62b (size before relaxing)
 .debug_str     0x00002aa9      0x3a8 .\CortexM0\ARM_GCC_541\Debug\MandMs-sorting.a(PWM_GREEN.o)
                                0x655 (size before relaxing)
 .debug_str     0x00002e51       0x60 .\CortexM0\ARM_GCC_541\Debug\MandMs-sorting.a(SW.o)
                                0x21d (size before relaxing)
 .debug_str     0x00002eb1       0xf4 .\CortexM0\ARM_GCC_541\Debug\MandMs-sorting.a(isr_SW.o)
                                0x2f4 (size before relaxing)
 .debug_str     0x00002fa5       0x8a .\CortexM0\ARM_GCC_541\Debug\MandMs-sorting.a(SW_UpDown.o)
                                0x24e (size before relaxing)
 .debug_str     0x0000302f      0x140 .\CortexM0\ARM_GCC_541\Debug\MandMs-sorting.a(isr_SW_UpDown.o)
                                0x356 (size before relaxing)
 .debug_str     0x0000316f      0x1a6 .\CortexM0\ARM_GCC_541\Debug\MandMs-sorting.a(ADC.o)
                                0x3c0 (size before relaxing)
 .debug_str     0x00003315       0x35 .\CortexM0\ARM_GCC_541\Debug\MandMs-sorting.a(ADC_INT.o)
                                0x1b9 (size before relaxing)
 .debug_str     0x0000334a       0x47 .\CortexM0\ARM_GCC_541\Debug\MandMs-sorting.a(I2C_I2C_INT.o)
                                0x2ba (size before relaxing)
 .debug_str     0x00003391       0xe3 .\CortexM0\ARM_GCC_541\Debug\MandMs-sorting.a(UART_SPI_UART.o)
                                0x2ca (size before relaxing)

.debug_loc      0x00000000     0x47b1
 *(.debug_loc)
 .debug_loc     0x00000000       0x1f .\CortexM0\ARM_GCC_541\Debug\main.o
 .debug_loc     0x0000001f       0x21 .\CortexM0\ARM_GCC_541\Debug\utils.o
 .debug_loc     0x00000040      0x789 .\CortexM0\ARM_GCC_541\Debug\tcs34725.o
 .debug_loc     0x000007c9       0xb4 .\CortexM0\ARM_GCC_541\Debug\gates.o
 .debug_loc     0x0000087d      0x136 .\CortexM0\ARM_GCC_541\Debug\cyfitter_cfg.o
 .debug_loc     0x000009b3      0x14f .\CortexM0\ARM_GCC_541\Debug\Cm0Start.o
 .debug_loc     0x00000b02       0x13 .\CortexM0\ARM_GCC_541\Debug\MandMs-sorting.a(Clock.o)
 .debug_loc     0x00000b15       0xa2 .\CortexM0\ARM_GCC_541\Debug\MandMs-sorting.a(Dir_1.o)
 .debug_loc     0x00000bb7       0x81 .\CortexM0\ARM_GCC_541\Debug\MandMs-sorting.a(Dir_2_5.o)
 .debug_loc     0x00000c38       0xa2 .\CortexM0\ARM_GCC_541\Debug\MandMs-sorting.a(Dir_3_4.o)
 .debug_loc     0x00000cda       0x44 .\CortexM0\ARM_GCC_541\Debug\MandMs-sorting.a(Status_Reg_1.o)
 .debug_loc     0x00000d1e      0x547 .\CortexM0\ARM_GCC_541\Debug\MandMs-sorting.a(PWM_Container.o)
 .debug_loc     0x00001265       0x7e .\CortexM0\ARM_GCC_541\Debug\MandMs-sorting.a(I2C.o)
 .debug_loc     0x000012e3      0xa90 .\CortexM0\ARM_GCC_541\Debug\MandMs-sorting.a(I2C_I2C_MASTER.o)
 .debug_loc     0x00001d73       0x7e .\CortexM0\ARM_GCC_541\Debug\MandMs-sorting.a(UART.o)
 .debug_loc     0x00001df1      0x1e4 .\CortexM0\ARM_GCC_541\Debug\MandMs-sorting.a(UART_UART.o)
 .debug_loc     0x00001fd5       0xa2 .\CortexM0\ARM_GCC_541\Debug\MandMs-sorting.a(I2C_sda.o)
 .debug_loc     0x00002077       0x81 .\CortexM0\ARM_GCC_541\Debug\MandMs-sorting.a(I2C_scl.o)
 .debug_loc     0x000020f8      0x599 .\CortexM0\ARM_GCC_541\Debug\MandMs-sorting.a(CyLib.o)
 .debug_loc     0x00002691      0x9b5 .\CortexM0\ARM_GCC_541\Debug\MandMs-sorting.a(CyLFClk.o)
 .debug_loc     0x00003046      0x547 .\CortexM0\ARM_GCC_541\Debug\MandMs-sorting.a(PWM_RED.o)
 .debug_loc     0x0000358d      0x547 .\CortexM0\ARM_GCC_541\Debug\MandMs-sorting.a(PWM_BLUE.o)
 .debug_loc     0x00003ad4      0x547 .\CortexM0\ARM_GCC_541\Debug\MandMs-sorting.a(PWM_GREEN.o)
 .debug_loc     0x0000401b       0xa2 .\CortexM0\ARM_GCC_541\Debug\MandMs-sorting.a(SW.o)
 .debug_loc     0x000040bd       0x82 .\CortexM0\ARM_GCC_541\Debug\MandMs-sorting.a(isr_SW.o)
 .debug_loc     0x0000413f       0xa2 .\CortexM0\ARM_GCC_541\Debug\MandMs-sorting.a(SW_UpDown.o)
 .debug_loc     0x000041e1       0x82 .\CortexM0\ARM_GCC_541\Debug\MandMs-sorting.a(isr_SW_UpDown.o)
 .debug_loc     0x00004263      0x3ac .\CortexM0\ARM_GCC_541\Debug\MandMs-sorting.a(ADC.o)
 .debug_loc     0x0000460f      0x10c .\CortexM0\ARM_GCC_541\Debug\MandMs-sorting.a(I2C_I2C_INT.o)
 .debug_loc     0x0000471b       0x96 .\CortexM0\ARM_GCC_541\Debug\MandMs-sorting.a(UART_SPI_UART.o)

.debug_macinfo
 *(.debug_macinfo)

.debug_ranges   0x00000000      0xef0
 *(.debug_ranges)
 .debug_ranges  0x00000000       0x20 .\CortexM0\ARM_GCC_541\Debug\main.o
 .debug_ranges  0x00000020       0x10 .\CortexM0\ARM_GCC_541\Debug\utils.o
 .debug_ranges  0x00000030       0xd0 .\CortexM0\ARM_GCC_541\Debug\tcs34725.o
 .debug_ranges  0x00000100       0x20 .\CortexM0\ARM_GCC_541\Debug\gates.o
 .debug_ranges  0x00000120       0x38 .\CortexM0\ARM_GCC_541\Debug\cyfitter_cfg.o
 .debug_ranges  0x00000158       0x38 .\CortexM0\ARM_GCC_541\Debug\Cm0Start.o
 .debug_ranges  0x00000190       0x30 .\CortexM0\ARM_GCC_541\Debug\MandMs-sorting.a(Clock.o)
 .debug_ranges  0x000001c0       0x18 .\CortexM0\ARM_GCC_541\Debug\MandMs-sorting.a(Control_Reg_1.o)
 .debug_ranges  0x000001d8       0x38 .\CortexM0\ARM_GCC_541\Debug\MandMs-sorting.a(Dir_1.o)
 .debug_ranges  0x00000210       0x38 .\CortexM0\ARM_GCC_541\Debug\MandMs-sorting.a(Dir_2_5.o)
 .debug_ranges  0x00000248       0x38 .\CortexM0\ARM_GCC_541\Debug\MandMs-sorting.a(Dir_3_4.o)
 .debug_ranges  0x00000280       0x18 .\CortexM0\ARM_GCC_541\Debug\MandMs-sorting.a(Control_Reg_2.o)
 .debug_ranges  0x00000298       0x30 .\CortexM0\ARM_GCC_541\Debug\MandMs-sorting.a(Status_Reg_1.o)
 .debug_ranges  0x000002c8      0x148 .\CortexM0\ARM_GCC_541\Debug\MandMs-sorting.a(PWM_Container.o)
 .debug_ranges  0x00000410       0x58 .\CortexM0\ARM_GCC_541\Debug\MandMs-sorting.a(I2C.o)
 .debug_ranges  0x00000468       0x20 .\CortexM0\ARM_GCC_541\Debug\MandMs-sorting.a(I2C_I2C.o)
 .debug_ranges  0x00000488       0x88 .\CortexM0\ARM_GCC_541\Debug\MandMs-sorting.a(I2C_I2C_MASTER.o)
 .debug_ranges  0x00000510       0x50 .\CortexM0\ARM_GCC_541\Debug\MandMs-sorting.a(UART.o)
 .debug_ranges  0x00000560       0x58 .\CortexM0\ARM_GCC_541\Debug\MandMs-sorting.a(UART_UART.o)
 .debug_ranges  0x000005b8       0x38 .\CortexM0\ARM_GCC_541\Debug\MandMs-sorting.a(I2C_sda.o)
 .debug_ranges  0x000005f0       0x38 .\CortexM0\ARM_GCC_541\Debug\MandMs-sorting.a(I2C_scl.o)
 .debug_ranges  0x00000628      0x170 .\CortexM0\ARM_GCC_541\Debug\MandMs-sorting.a(CyLib.o)
 .debug_ranges  0x00000798      0x128 .\CortexM0\ARM_GCC_541\Debug\MandMs-sorting.a(CyLFClk.o)
 .debug_ranges  0x000008c0      0x148 .\CortexM0\ARM_GCC_541\Debug\MandMs-sorting.a(PWM_RED.o)
 .debug_ranges  0x00000a08      0x148 .\CortexM0\ARM_GCC_541\Debug\MandMs-sorting.a(PWM_BLUE.o)
 .debug_ranges  0x00000b50      0x148 .\CortexM0\ARM_GCC_541\Debug\MandMs-sorting.a(PWM_GREEN.o)
 .debug_ranges  0x00000c98       0x38 .\CortexM0\ARM_GCC_541\Debug\MandMs-sorting.a(SW.o)
 .debug_ranges  0x00000cd0       0x70 .\CortexM0\ARM_GCC_541\Debug\MandMs-sorting.a(isr_SW.o)
 .debug_ranges  0x00000d40       0x38 .\CortexM0\ARM_GCC_541\Debug\MandMs-sorting.a(SW_UpDown.o)
 .debug_ranges  0x00000d78       0x70 .\CortexM0\ARM_GCC_541\Debug\MandMs-sorting.a(isr_SW_UpDown.o)
 .debug_ranges  0x00000de8       0x98 .\CortexM0\ARM_GCC_541\Debug\MandMs-sorting.a(ADC.o)
 .debug_ranges  0x00000e80       0x10 .\CortexM0\ARM_GCC_541\Debug\MandMs-sorting.a(ADC_INT.o)
 .debug_ranges  0x00000e90       0x10 .\CortexM0\ARM_GCC_541\Debug\MandMs-sorting.a(I2C_I2C_INT.o)
 .debug_ranges  0x00000ea0       0x50 .\CortexM0\ARM_GCC_541\Debug\MandMs-sorting.a(UART_SPI_UART.o)

.comment        0x00000000       0x6e
 .comment       0x00000000       0x6e .\CortexM0\ARM_GCC_541\Debug\main.o
                                 0x6f (size before relaxing)
 .comment       0x0000006e       0x6f .\CortexM0\ARM_GCC_541\Debug\utils.o
 .comment       0x0000006e       0x6f .\CortexM0\ARM_GCC_541\Debug\tcs34725.o
 .comment       0x0000006e       0x6f .\CortexM0\ARM_GCC_541\Debug\learn_color.o
 .comment       0x0000006e       0x6f .\CortexM0\ARM_GCC_541\Debug\gates.o
 .comment       0x0000006e       0x6f .\CortexM0\ARM_GCC_541\Debug\cyfitter_cfg.o
 .comment       0x0000006e       0x6f .\CortexM0\ARM_GCC_541\Debug\cymetadata.o
 .comment       0x0000006e       0x6f .\CortexM0\ARM_GCC_541\Debug\Cm0Start.o
 .comment       0x0000006e       0x6f .\CortexM0\ARM_GCC_541\Debug\MandMs-sorting.a(Clock.o)
 .comment       0x0000006e       0x6f .\CortexM0\ARM_GCC_541\Debug\MandMs-sorting.a(Control_Reg_1.o)
 .comment       0x0000006e       0x6f .\CortexM0\ARM_GCC_541\Debug\MandMs-sorting.a(Dir_1.o)
 .comment       0x0000006e       0x6f .\CortexM0\ARM_GCC_541\Debug\MandMs-sorting.a(Dir_2_5.o)
 .comment       0x0000006e       0x6f .\CortexM0\ARM_GCC_541\Debug\MandMs-sorting.a(Dir_3_4.o)
 .comment       0x0000006e       0x6f .\CortexM0\ARM_GCC_541\Debug\MandMs-sorting.a(Control_Reg_2.o)
 .comment       0x0000006e       0x6f .\CortexM0\ARM_GCC_541\Debug\MandMs-sorting.a(Status_Reg_1.o)
 .comment       0x0000006e       0x6f .\CortexM0\ARM_GCC_541\Debug\MandMs-sorting.a(PWM_Container.o)
 .comment       0x0000006e       0x6f .\CortexM0\ARM_GCC_541\Debug\MandMs-sorting.a(I2C.o)
 .comment       0x0000006e       0x6f .\CortexM0\ARM_GCC_541\Debug\MandMs-sorting.a(I2C_I2C.o)
 .comment       0x0000006e       0x6f .\CortexM0\ARM_GCC_541\Debug\MandMs-sorting.a(I2C_I2C_MASTER.o)
 .comment       0x0000006e       0x6f .\CortexM0\ARM_GCC_541\Debug\MandMs-sorting.a(UART.o)
 .comment       0x0000006e       0x6f .\CortexM0\ARM_GCC_541\Debug\MandMs-sorting.a(UART_UART.o)
 .comment       0x0000006e       0x6f .\CortexM0\ARM_GCC_541\Debug\MandMs-sorting.a(I2C_sda.o)
 .comment       0x0000006e       0x6f .\CortexM0\ARM_GCC_541\Debug\MandMs-sorting.a(I2C_scl.o)
 .comment       0x0000006e       0x6f .\CortexM0\ARM_GCC_541\Debug\MandMs-sorting.a(CyLib.o)
 .comment       0x0000006e       0x6f .\CortexM0\ARM_GCC_541\Debug\MandMs-sorting.a(CyLFClk.o)
 .comment       0x0000006e       0x6f .\CortexM0\ARM_GCC_541\Debug\MandMs-sorting.a(PWM_RED.o)
 .comment       0x0000006e       0x6f .\CortexM0\ARM_GCC_541\Debug\MandMs-sorting.a(PWM_BLUE.o)
 .comment       0x0000006e       0x6f .\CortexM0\ARM_GCC_541\Debug\MandMs-sorting.a(PWM_GREEN.o)
 .comment       0x0000006e       0x6f .\CortexM0\ARM_GCC_541\Debug\MandMs-sorting.a(SW.o)
 .comment       0x0000006e       0x6f .\CortexM0\ARM_GCC_541\Debug\MandMs-sorting.a(isr_SW.o)
 .comment       0x0000006e       0x6f .\CortexM0\ARM_GCC_541\Debug\MandMs-sorting.a(SW_UpDown.o)
 .comment       0x0000006e       0x6f .\CortexM0\ARM_GCC_541\Debug\MandMs-sorting.a(isr_SW_UpDown.o)
 .comment       0x0000006e       0x6f .\CortexM0\ARM_GCC_541\Debug\MandMs-sorting.a(ADC.o)
 .comment       0x0000006e       0x6f .\CortexM0\ARM_GCC_541\Debug\MandMs-sorting.a(ADC_INT.o)
 .comment       0x0000006e       0x6f .\CortexM0\ARM_GCC_541\Debug\MandMs-sorting.a(I2C_I2C_INT.o)
 .comment       0x0000006e       0x6f .\CortexM0\ARM_GCC_541\Debug\MandMs-sorting.a(UART_SPI_UART.o)

.debug_weaknames
 *(.debug_weaknames)

.debug_funcnames
 *(.debug_funcnames)

.debug_typenames
 *(.debug_typenames)

.debug_varnames
 *(.debug_varnames)

.note.gnu.arm.ident
 *(.note.gnu.arm.ident)

.ARM.attributes
                0x00000000       0x28
 *(.ARM.attributes)
 .ARM.attributes
                0x00000000       0x1e c:/program files (x86)/cypress/psoc creator/4.4/psoc creator/import/gnu/arm/5.4.1/bin/../lib/gcc/arm-none-eabi/5.4.1/armv6-m/crti.o
 .ARM.attributes
                0x0000001e       0x2c c:/program files (x86)/cypress/psoc creator/4.4/psoc creator/import/gnu/arm/5.4.1/bin/../lib/gcc/arm-none-eabi/5.4.1/armv6-m/crtbegin.o
 .ARM.attributes
                0x0000004a       0x1b c:/program files (x86)/cypress/psoc creator/4.4/psoc creator/import/gnu/arm/5.4.1/bin/../lib/gcc/arm-none-eabi/5.4.1/../../../../arm-none-eabi/lib/armv6-m/crt0.o
 .ARM.attributes
                0x00000065       0x31 .\CortexM0\ARM_GCC_541\Debug\main.o
 .ARM.attributes
                0x00000096       0x31 .\CortexM0\ARM_GCC_541\Debug\utils.o
 .ARM.attributes
                0x000000c7       0x31 .\CortexM0\ARM_GCC_541\Debug\tcs34725.o
 .ARM.attributes
                0x000000f8       0x31 .\CortexM0\ARM_GCC_541\Debug\learn_color.o
 .ARM.attributes
                0x00000129       0x31 .\CortexM0\ARM_GCC_541\Debug\gates.o
 .ARM.attributes
                0x0000015a       0x31 .\CortexM0\ARM_GCC_541\Debug\cyfitter_cfg.o
 .ARM.attributes
                0x0000018b       0x31 .\CortexM0\ARM_GCC_541\Debug\cymetadata.o
 .ARM.attributes
                0x000001bc       0x31 .\CortexM0\ARM_GCC_541\Debug\Cm0Start.o
 .ARM.attributes
                0x000001ed       0x31 .\CortexM0\ARM_GCC_541\Debug\MandMs-sorting.a(Clock.o)
 .ARM.attributes
                0x0000021e       0x31 .\CortexM0\ARM_GCC_541\Debug\MandMs-sorting.a(Control_Reg_1.o)
 .ARM.attributes
                0x0000024f       0x31 .\CortexM0\ARM_GCC_541\Debug\MandMs-sorting.a(Dir_1.o)
 .ARM.attributes
                0x00000280       0x31 .\CortexM0\ARM_GCC_541\Debug\MandMs-sorting.a(Dir_2_5.o)
 .ARM.attributes
                0x000002b1       0x31 .\CortexM0\ARM_GCC_541\Debug\MandMs-sorting.a(Dir_3_4.o)
 .ARM.attributes
                0x000002e2       0x31 .\CortexM0\ARM_GCC_541\Debug\MandMs-sorting.a(Control_Reg_2.o)
 .ARM.attributes
                0x00000313       0x31 .\CortexM0\ARM_GCC_541\Debug\MandMs-sorting.a(Status_Reg_1.o)
 .ARM.attributes
                0x00000344       0x31 .\CortexM0\ARM_GCC_541\Debug\MandMs-sorting.a(PWM_Container.o)
 .ARM.attributes
                0x00000375       0x31 .\CortexM0\ARM_GCC_541\Debug\MandMs-sorting.a(I2C.o)
 .ARM.attributes
                0x000003a6       0x31 .\CortexM0\ARM_GCC_541\Debug\MandMs-sorting.a(I2C_I2C.o)
 .ARM.attributes
                0x000003d7       0x31 .\CortexM0\ARM_GCC_541\Debug\MandMs-sorting.a(I2C_I2C_MASTER.o)
 .ARM.attributes
                0x00000408       0x31 .\CortexM0\ARM_GCC_541\Debug\MandMs-sorting.a(UART.o)
 .ARM.attributes
                0x00000439       0x31 .\CortexM0\ARM_GCC_541\Debug\MandMs-sorting.a(UART_UART.o)
 .ARM.attributes
                0x0000046a       0x31 .\CortexM0\ARM_GCC_541\Debug\MandMs-sorting.a(I2C_sda.o)
 .ARM.attributes
                0x0000049b       0x31 .\CortexM0\ARM_GCC_541\Debug\MandMs-sorting.a(I2C_scl.o)
 .ARM.attributes
                0x000004cc       0x31 .\CortexM0\ARM_GCC_541\Debug\MandMs-sorting.a(CyLib.o)
 .ARM.attributes
                0x000004fd       0x31 .\CortexM0\ARM_GCC_541\Debug\MandMs-sorting.a(CyLFClk.o)
 .ARM.attributes
                0x0000052e       0x31 .\CortexM0\ARM_GCC_541\Debug\MandMs-sorting.a(PWM_RED.o)
 .ARM.attributes
                0x0000055f       0x31 .\CortexM0\ARM_GCC_541\Debug\MandMs-sorting.a(PWM_BLUE.o)
 .ARM.attributes
                0x00000590       0x31 .\CortexM0\ARM_GCC_541\Debug\MandMs-sorting.a(PWM_GREEN.o)
 .ARM.attributes
                0x000005c1       0x31 .\CortexM0\ARM_GCC_541\Debug\MandMs-sorting.a(SW.o)
 .ARM.attributes
                0x000005f2       0x31 .\CortexM0\ARM_GCC_541\Debug\MandMs-sorting.a(isr_SW.o)
 .ARM.attributes
                0x00000623       0x31 .\CortexM0\ARM_GCC_541\Debug\MandMs-sorting.a(SW_UpDown.o)
 .ARM.attributes
                0x00000654       0x31 .\CortexM0\ARM_GCC_541\Debug\MandMs-sorting.a(isr_SW_UpDown.o)
 .ARM.attributes