Archive member included to satisfy reference by file (symbol)

.\CortexM0\ARM_GCC_541\Debug\MotorControlWithContainerFinal_Copy_02.a(Clock.o)
                              .\CortexM0\ARM_GCC_541\Debug\main.o (Clock_Start)
.\CortexM0\ARM_GCC_541\Debug\MotorControlWithContainerFinal_Copy_02.a(Control_Reg_1.o)
                              .\CortexM0\ARM_GCC_541\Debug\main.o (Control_Reg_1_Write)
.\CortexM0\ARM_GCC_541\Debug\MotorControlWithContainerFinal_Copy_02.a(Dir_1.o)
                              .\CortexM0\ARM_GCC_541\Debug\main.o (Dir_1_Write)
.\CortexM0\ARM_GCC_541\Debug\MotorControlWithContainerFinal_Copy_02.a(Dir_2_5.o)
                              .\CortexM0\ARM_GCC_541\Debug\main.o (Dir_2_5_Write)
.\CortexM0\ARM_GCC_541\Debug\MotorControlWithContainerFinal_Copy_02.a(Dir_3_4.o)
                              .\CortexM0\ARM_GCC_541\Debug\main.o (Dir_3_4_Write)
.\CortexM0\ARM_GCC_541\Debug\MotorControlWithContainerFinal_Copy_02.a(Control_Reg_2.o)
                              .\CortexM0\ARM_GCC_541\Debug\main.o (Control_Reg_2_Write)
.\CortexM0\ARM_GCC_541\Debug\MotorControlWithContainerFinal_Copy_02.a(Status_Reg_1.o)
                              .\CortexM0\ARM_GCC_541\Debug\main.o (Status_Reg_1_Read)
.\CortexM0\ARM_GCC_541\Debug\MotorControlWithContainerFinal_Copy_02.a(PWM_Container.o)
                              .\CortexM0\ARM_GCC_541\Debug\main.o (PWM_Container_Stop)
.\CortexM0\ARM_GCC_541\Debug\MotorControlWithContainerFinal_Copy_02.a(I2C.o)
                              .\CortexM0\ARM_GCC_541\Debug\main.o (I2C_Start)
.\CortexM0\ARM_GCC_541\Debug\MotorControlWithContainerFinal_Copy_02.a(I2C_I2C.o)
                              .\CortexM0\ARM_GCC_541\Debug\MotorControlWithContainerFinal_Copy_02.a(I2C.o) (I2C_I2CInit)
.\CortexM0\ARM_GCC_541\Debug\MotorControlWithContainerFinal_Copy_02.a(I2C_I2C_MASTER.o)
                              .\CortexM0\ARM_GCC_541\Debug\tcs34725.o (I2C_I2CMasterSendStart)
.\CortexM0\ARM_GCC_541\Debug\MotorControlWithContainerFinal_Copy_02.a(UART.o)
                              .\CortexM0\ARM_GCC_541\Debug\main.o (UART_Start)
.\CortexM0\ARM_GCC_541\Debug\MotorControlWithContainerFinal_Copy_02.a(UART_UART.o)
                              .\CortexM0\ARM_GCC_541\Debug\MotorControlWithContainerFinal_Copy_02.a(UART.o) (UART_UartInit)
.\CortexM0\ARM_GCC_541\Debug\MotorControlWithContainerFinal_Copy_02.a(I2C_sda.o)
                              .\CortexM0\ARM_GCC_541\Debug\MotorControlWithContainerFinal_Copy_02.a(I2C_I2C_MASTER.o) (I2C_sda_Read)
.\CortexM0\ARM_GCC_541\Debug\MotorControlWithContainerFinal_Copy_02.a(I2C_scl.o)
                              .\CortexM0\ARM_GCC_541\Debug\MotorControlWithContainerFinal_Copy_02.a(I2C_I2C_MASTER.o) (I2C_scl_Write)
.\CortexM0\ARM_GCC_541\Debug\MotorControlWithContainerFinal_Copy_02.a(CyLib.o)
                              .\CortexM0\ARM_GCC_541\Debug\cyfitter_cfg.o (CyIntEnable)
.\CortexM0\ARM_GCC_541\Debug\MotorControlWithContainerFinal_Copy_02.a(CyLFClk.o)
                              .\CortexM0\ARM_GCC_541\Debug\cyfitter_cfg.o (CySysWdtIsr)
.\CortexM0\ARM_GCC_541\Debug\MotorControlWithContainerFinal_Copy_02.a(PWM_RED.o)
                              .\CortexM0\ARM_GCC_541\Debug\tcs34725.o (PWM_RED_WriteCompare)
.\CortexM0\ARM_GCC_541\Debug\MotorControlWithContainerFinal_Copy_02.a(PWM_BLUE.o)
                              .\CortexM0\ARM_GCC_541\Debug\tcs34725.o (PWM_BLUE_WriteCompare)
.\CortexM0\ARM_GCC_541\Debug\MotorControlWithContainerFinal_Copy_02.a(PWM_GREEN.o)
                              .\CortexM0\ARM_GCC_541\Debug\tcs34725.o (PWM_GREEN_WriteCompare)
.\CortexM0\ARM_GCC_541\Debug\MotorControlWithContainerFinal_Copy_02.a(NeoPixel_sled.o)
                              .\CortexM0\ARM_GCC_541\Debug\tcs34725.o (NeoPixel_sendPixel)
.\CortexM0\ARM_GCC_541\Debug\MotorControlWithContainerFinal_Copy_02.a(SW.o)
                              .\CortexM0\ARM_GCC_541\Debug\main.o (SW_ClearInterrupt)
.\CortexM0\ARM_GCC_541\Debug\MotorControlWithContainerFinal_Copy_02.a(isr_SW.o)
                              .\CortexM0\ARM_GCC_541\Debug\main.o (isr_SW_StartEx)
.\CortexM0\ARM_GCC_541\Debug\MotorControlWithContainerFinal_Copy_02.a(CyBootAsmGnu.o)
                              .\CortexM0\ARM_GCC_541\Debug\MotorControlWithContainerFinal_Copy_02.a(CyLib.o) (CyDelayCycles)
.\CortexM0\ARM_GCC_541\Debug\MotorControlWithContainerFinal_Copy_02.a(I2C_I2C_INT.o)
                              .\CortexM0\ARM_GCC_541\Debug\MotorControlWithContainerFinal_Copy_02.a(I2C_I2C.o) (I2C_I2C_ISR)
.\CortexM0\ARM_GCC_541\Debug\MotorControlWithContainerFinal_Copy_02.a(UART_SPI_UART.o)
                              .\CortexM0\ARM_GCC_541\Debug\MotorControlWithContainerFinal_Copy_02.a(UART_UART.o) (UART_SpiUartReadRxData)
c:/program files (x86)/cypress/psoc creator/4.4/psoc creator/import/gnu/arm/5.4.1/bin/../lib/gcc/arm-none-eabi/5.4.1/armv6-m\libgcc.a(_udivsi3.o)
[...]
Memory Configuration

Name             Origin             Length             Attributes
rom              0x00000000         0x00008000         xr
ram              0x20000000         0x00001000         xrw
*default*        0x00000000         0xffffffff

Linker script and memory map

LOAD c:/program files (x86)/cypress/psoc creator/4.4/psoc creator/import/gnu/arm/5.4.1/bin/../lib/gcc/arm-none-eabi/5.4.1/armv6-m/crti.o
LOAD c:/program files (x86)/cypress/psoc creator/4.4/psoc creator/import/gnu/arm/5.4.1/bin/../lib/gcc/arm-none-eabi/5.4.1/armv6-m/crtbegin.o
LOAD c:/program files (x86)/cypress/psoc creator/4.4/psoc creator/import/gnu/arm/5.4.1/bin/../lib/gcc/arm-none-eabi/5.4.1/../../../../arm-none-eabi/lib/armv6-m/crt0.o
START GROUP
LOAD .\CortexM0\ARM_GCC_541\Debug\main.o
LOAD .\CortexM0\ARM_GCC_541\Debug\utils.o
LOAD .\CortexM0\ARM_GCC_541\Debug\tcs34725.o
LOAD .\CortexM0\ARM_GCC_541\Debug\learn_color.o
LOAD .\CortexM0\ARM_GCC_541\Debug\cyfitter_cfg.o
LOAD .\CortexM0\ARM_GCC_541\Debug\cymetadata.o
LOAD .\CortexM0\ARM_GCC_541\Debug\Cm0Start.o
LOAD .\CortexM0\ARM_GCC_541\Debug\MotorControlWithContainerFinal_Copy_02.a
END GROUP
START GROUP
LOAD c:/program files (x86)/cypress/psoc creator/4.4/psoc creator/import/gnu/arm/5.4.1/bin/../lib/gcc/arm-none-eabi/5.4.1/armv6-m\libgcc.a
LOAD c:/program files (x86)/cypress/psoc creator/4.4/psoc creator/import/gnu/arm/5.4.1/bin/../lib/gcc/arm-none-eabi/5.4.1/../../../../arm-none-eabi/lib/armv6-m\libg_nano.a
LOAD c:/program files (x86)/cypress/psoc creator/4.4/psoc creator/import/gnu/arm/5.4.1/bin/../lib/gcc/arm-none-eabi/5.4.1/../../../../arm-none-eabi/lib/armv6-m\libc_nano.a
END GROUP
START GROUP
LOAD c:/program files (x86)/cypress/psoc creator/4.4/psoc creator/import/gnu/arm/5.4.1/bin/../lib/gcc/arm-none-eabi/5.4.1/armv6-m\libgcc.a
LOAD c:/program files (x86)/cypress/psoc creator/4.4/psoc creator/import/gnu/arm/5.4.1/bin/../lib/gcc/arm-none-eabi/5.4.1/../../../../arm-none-eabi/lib/armv6-m\libc_nano.a
END GROUP
LOAD c:/program files (x86)/cypress/psoc creator/4.4/psoc creator/import/gnu/arm/5.4.1/bin/../lib/gcc/arm-none-eabi/5.4.1/armv6-m/crtend.o
LOAD c:/program files (x86)/cypress/psoc creator/4.4/psoc creator/import/gnu/arm/5.4.1/bin/../lib/gcc/arm-none-eabi/5.4.1/armv6-m/crtn.o
START GROUP
LOAD c:/program files (x86)/cypress/psoc creator/4.4/psoc creator/import/gnu/arm/5.4.1/bin/../lib/gcc/arm-none-eabi/5.4.1/armv6-m\libgcc.a
LOAD c:/program files (x86)/cypress/psoc creator/4.4/psoc creator/import/gnu/arm/5.4.1/bin/../lib/gcc/arm-none-eabi/5.4.1/../../../../arm-none-eabi/lib/armv6-m\libc.a
LOAD c:/program files (x86)/cypress/psoc creator/4.4/psoc creator/import/gnu/arm/5.4.1/bin/../lib/gcc/arm-none-eabi/5.4.1/../../../../arm-none-eabi/lib/armv6-m\libnosys.a
END GROUP
                0x00000000                CY_APPL_ORIGIN = 0x0
                0x00000080                CY_FLASH_ROW_SIZE = 0x80
                0x00000001                CY_APPL_NUM = 0x1
                0x00000001                CY_APPL_MAX = 0x1
                0x00000040                CY_METADATA_SIZE = 0x40
                0x00000000                CY_APPL_LOADABLE = 0x0
                0x00000000                CY_CHECKSUM_EXCLUDE_SIZE = ALIGN (0x0, CY_FLASH_ROW_SIZE)
                0x00000000                CY_APP_FOR_STACK_AND_COPIER = 0x0
                [!provide]                PROVIDE (__cy_heap_start, _end)
                0x00000001                PROVIDE (__cy_region_num, ((__cy_regions_end - __cy_regions) / 0x10))
                0x20001000                PROVIDE (__cy_stack, (ORIGIN (ram) + LENGTH (ram)))
                [!provide]                PROVIDE (__cy_heap_end, (__cy_stack - 0x400))

.cybootloader   0x00000000        0x0
 *(.cybootloader)
                0x00000000                appl1_start = CY_APPL_ORIGIN?CY_APPL_ORIGIN:ALIGN (CY_FLASH_ROW_SIZE)
                0x00003f80                appl2_start = (appl1_start + ALIGN ((((LENGTH (rom) - appl1_start) - (0x2 * CY_FLASH_ROW_SIZE)) / 0x2), CY_FLASH_ROW_SIZE))
                0x00000000                appl_start = (CY_APPL_NUM == 0x1)?appl1_start:appl2_start
                0x00000001                cy_project_type_bootloader = (appl_start == 0x0)?0x1:0x0
                0x00000000                cy_project_type_app_for_stack_and_copier = (CY_APP_FOR_STACK_AND_COPIER == 0x1)?0x1:0x0

.text           0x00000000     0x34c6
 CREATE_OBJECT_SYMBOLS
                0x00000000                PROVIDE (__cy_interrupt_vector, RomVectors)
 *(.romvectors)
 .romvectors    0x00000000       0x10 .\CortexM0\ARM_GCC_541\Debug\Cm0Start.o
                0x00000000                RomVectors
                0x00000001                ASSERT ((. != __cy_interrupt_vector), No interrupt vector)
                0x00000001                ASSERT (CY_APPL_ORIGIN?(SIZEOF (.cybootloader) <= CY_APPL_ORIGIN):0x1, Wrong image location)
                0x00000010                PROVIDE (__cy_reset, Reset)
 *(.text.Reset)
 .text.Reset    0x00000010        0x8 .\CortexM0\ARM_GCC_541\Debug\Cm0Start.o
                0x00000010                Reset
                0x00000001                ASSERT ((. != __cy_reset), No reset code)
 *(.psocinit)
 .psocinit      0x00000018      0x24c .\CortexM0\ARM_GCC_541\Debug\cyfitter_cfg.o
                0x000000e0                cyfitter_cfg
                0x00000264                . = MAX (., 0x100)
 *(.text .text.* .gnu.linkonce.t.*)
 .text          0x00000264       0x60 c:/program files (x86)/cypress/psoc creator/4.4/psoc creator/import/gnu/arm/5.4.1/bin/../lib/gcc/arm-none-eabi/5.4.1/armv6-m/crtbegin.o
 .text.SW_Handler
                0x000002c4       0x34 .\CortexM0\ARM_GCC_541\Debug\main.o
                0x000002c4                SW_Handler
 .text.RunMotors45Degrees
                0x000002f8       0x4c .\CortexM0\ARM_GCC_541\Debug\main.o
                0x000002f8                RunMotors45Degrees
 .text.OpenCloseGates
                0x00000344       0x30 .\CortexM0\ARM_GCC_541\Debug\main.o
                0x00000344                OpenCloseGates
 .text.main     0x00000374      0x150 .\CortexM0\ARM_GCC_541\Debug\main.o
                0x00000374                main
 .text.OpenCloseTestGates
                0x000004c4       0x80 .\CortexM0\ARM_GCC_541\Debug\main.o
                0x000004c4                OpenCloseTestGates
 .text.print    0x00000544        0x8 .\CortexM0\ARM_GCC_541\Debug\utils.o
                0x00000544                print
 .text.write8   0x0000054c       0x54 .\CortexM0\ARM_GCC_541\Debug\tcs34725.o
                0x0000054c                write8
 .text.read8    0x000005a0       0x6c .\CortexM0\ARM_GCC_541\Debug\tcs34725.o
                0x000005a0                read8
 .text.read16   0x0000060c       0x84 .\CortexM0\ARM_GCC_541\Debug\tcs34725.o
                0x0000060c                read16
 .text.enable   0x00000690       0x3c .\CortexM0\ARM_GCC_541\Debug\tcs34725.o
                0x00000690                enable
 .text.setIntegrationTime
                0x000006cc       0x18 .\CortexM0\ARM_GCC_541\Debug\tcs34725.o
                0x000006cc                setIntegrationTime
 .text.setGain  0x000006e4       0x18 .\CortexM0\ARM_GCC_541\Debug\tcs34725.o
                0x000006e4                setGain
 .text.init     0x000006fc       0x60 .\CortexM0\ARM_GCC_541\Debug\tcs34725.o
                0x000006fc                init
 .text.getRawData
                0x0000075c       0x4c .\CortexM0\ARM_GCC_541\Debug\tcs34725.o
                0x0000075c                getRawData
 .text.getRGB   0x000007a8       0xa0 .\CortexM0\ARM_GCC_541\Debug\tcs34725.o
                0x000007a8                getRGB
 .text.checkColor
                0x00000848       0x44 .\CortexM0\ARM_GCC_541\Debug\tcs34725.o
                0x00000848                checkColor
 .text.getColor
                0x0000088c      0x120 .\CortexM0\ARM_GCC_541\Debug\tcs34725.o
                0x0000088c                getColor
 .text.LED      0x000009ac       0x40 .\CortexM0\ARM_GCC_541\Debug\tcs34725.o
                0x000009ac                LED
 .text.lightColor
                0x000009ec       0x60 .\CortexM0\ARM_GCC_541\Debug\tcs34725.o
                0x000009ec                lightColor
 .text.preparation
                0x00000a4c       0xa4 .\CortexM0\ARM_GCC_541\Debug\tcs34725.o
                0x00000a4c                preparation
 .text.compare_to_none_color
                0x00000af0       0x34 .\CortexM0\ARM_GCC_541\Debug\learn_color.o
                0x00000af0                compare_to_none_color
 .text.analyze_measurement_boundaries
                0x00000b24      0x218 .\CortexM0\ARM_GCC_541\Debug\learn_color.o
                0x00000b24                analyze_measurement_boundaries
 .text.analyze_measurement_boundaries_none
                0x00000d3c        0xc .\CortexM0\ARM_GCC_541\Debug\learn_color.o
                0x00000d3c                analyze_measurement_boundaries_none
 .text.analyze_measurement_boundaries_color
                0x00000d48        0xc .\CortexM0\ARM_GCC_541\Debug\learn_color.o
                0x00000d48                analyze_measurement_boundaries_color
 .text.cfg_write_bytes32
                0x00000d54       0x34 .\CortexM0\ARM_GCC_541\Debug\cyfitter_cfg.o
 .text.CYMEMZERO
                0x00000d88        0xc .\CortexM0\ARM_GCC_541\Debug\cyfitter_cfg.o
 .text.IntDefaultHandler
                0x00000d94       0x10 .\CortexM0\ARM_GCC_541\Debug\Cm0Start.o
                0x00000d94                IntDefaultHandler
 .text._sbrk    0x00000da4       0x30 .\CortexM0\ARM_GCC_541\Debug\Cm0Start.o
                0x00000da4                _sbrk
 .text.Start_c  0x00000dd4       0x48 .\CortexM0\ARM_GCC_541\Debug\Cm0Start.o
                0x00000dd4                Start_c
 .text.initialize_psoc
                0x00000e1c       0x40 .\CortexM0\ARM_GCC_541\Debug\Cm0Start.o
                0x00000e1c                initialize_psoc
 .text.Clock_Start
                0x00000e5c       0x14 .\CortexM0\ARM_GCC_541\Debug\MotorControlWithContainerFinal_Copy_02.a(Clock.o)
                0x00000e5c                Clock_Start
 .text.Control_Reg_1_Write
                0x00000e70        0xc .\CortexM0\ARM_GCC_541\Debug\MotorControlWithContainerFinal_Copy_02.a(Control_Reg_1.o)
                0x00000e70                Control_Reg_1_Write
 .text.Dir_1_Write
                0x00000e7c       0x18 .\CortexM0\ARM_GCC_541\Debug\MotorControlWithContainerFinal_Copy_02.a(Dir_1.o)
                0x00000e7c                Dir_1_Write
 .text.Dir_2_5_Write
                0x00000e94       0x18 .\CortexM0\ARM_GCC_541\Debug\MotorControlWithContainerFinal_Copy_02.a(Dir_2_5.o)
                0x00000e94                Dir_2_5_Write
 .text.Dir_3_4_Write
                0x00000eac       0x18 .\CortexM0\ARM_GCC_541\Debug\MotorControlWithContainerFinal_Copy_02.a(Dir_3_4.o)
                0x00000eac                Dir_3_4_Write
 .text.Control_Reg_2_Write
                0x00000ec4        0xc .\CortexM0\ARM_GCC_541\Debug\MotorControlWithContainerFinal_Copy_02.a(Control_Reg_2.o)
                0x00000ec4                Control_Reg_2_Write
 .text.Status_Reg_1_Read
                0x00000ed0        0xc .\CortexM0\ARM_GCC_541\Debug\MotorControlWithContainerFinal_Copy_02.a(Status_Reg_1.o)
                0x00000ed0                Status_Reg_1_Read
 .text.PWM_Container_Stop
                0x00000edc       0x1c .\CortexM0\ARM_GCC_541\Debug\MotorControlWithContainerFinal_Copy_02.a(PWM_Container.o)
                0x00000edc                PWM_Container_Stop
 .text.PWM_Container_WriteCounter
                0x00000ef8       0x10 .\CortexM0\ARM_GCC_541\Debug\MotorControlWithContainerFinal_Copy_02.a(PWM_Container.o)
                0x00000ef8                PWM_Container_WriteCounter
 .text.PWM_Container_WritePeriod
                0x00000f08       0x10 .\CortexM0\ARM_GCC_541\Debug\MotorControlWithContainerFinal_Copy_02.a(PWM_Container.o)
                0x00000f08                PWM_Container_WritePeriod
 .text.PWM_Container_WriteCompare
                0x00000f18       0x10 .\CortexM0\ARM_GCC_541\Debug\MotorControlWithContainerFinal_Copy_02.a(PWM_Container.o)
                0x00000f18                PWM_Container_WriteCompare
 .text.PWM_Container_TriggerCommand
                0x00000f28       0x1c .\CortexM0\ARM_GCC_541\Debug\MotorControlWithContainerFinal_Copy_02.a(PWM_Container.o)
                0x00000f28                PWM_Container_TriggerCommand
 .text.PWM_Container_Enable
                0x00000f44       0x24 .\CortexM0\ARM_GCC_541\Debug\MotorControlWithContainerFinal_Copy_02.a(PWM_Container.o)
                0x00000f44                PWM_Container_Enable
 .text.PWM_Container_SetInterruptMode
                0x00000f68        0xc .\CortexM0\ARM_GCC_541\Debug\MotorControlWithContainerFinal_Copy_02.a(PWM_Container.o)
                0x00000f68                PWM_Container_SetInterruptMode
 .text.PWM_Container_Init
                0x00000f74       0x44 .\CortexM0\ARM_GCC_541\Debug\MotorControlWithContainerFinal_Copy_02.a(PWM_Container.o)
                0x00000f74                PWM_Container_Init
 .text.PWM_Container_Start
                0x00000fb8       0x20 .\CortexM0\ARM_GCC_541\Debug\MotorControlWithContainerFinal_Copy_02.a(PWM_Container.o)
                0x00000fb8                PWM_Container_Start
 .text.I2C_ScbEnableIntr
                0x00000fd8        0xc .\CortexM0\ARM_GCC_541\Debug\MotorControlWithContainerFinal_Copy_02.a(I2C.o)
 .text.I2C_Init
                0x00000fe4        0x8 .\CortexM0\ARM_GCC_541\Debug\MotorControlWithContainerFinal_Copy_02.a(I2C.o)
                0x00000fe4                I2C_Init
 .text.I2C_Enable
                0x00000fec       0x18 .\CortexM0\ARM_GCC_541\Debug\MotorControlWithContainerFinal_Copy_02.a(I2C.o)
                0x00000fec                I2C_Enable
 .text.I2C_Start
                0x00001004       0x20 .\CortexM0\ARM_GCC_541\Debug\MotorControlWithContainerFinal_Copy_02.a(I2C.o)
                0x00001004                I2C_Start
 .text.I2C_I2CInit
                0x00001024       0xc4 .\CortexM0\ARM_GCC_541\Debug\MotorControlWithContainerFinal_Copy_02.a(I2C_I2C.o)
                0x00001024                I2C_I2CInit
 .text.I2C_I2CFwBlockReset
                0x000010e8       0x94 .\CortexM0\ARM_GCC_541\Debug\MotorControlWithContainerFinal_Copy_02.a(I2C_I2C.o)
                0x000010e8                I2C_I2CFwBlockReset
 .text.I2C_I2CMasterWaitOneUnit
                0x0000117c       0x28 .\CortexM0\ARM_GCC_541\Debug\MotorControlWithContainerFinal_Copy_02.a(I2C_I2C_MASTER.o)
 .text.I2C_I2CMasterHandleStatus
                0x000011a4       0xc4 .\CortexM0\ARM_GCC_541\Debug\MotorControlWithContainerFinal_Copy_02.a(I2C_I2C_MASTER.o)
 .text.I2C_I2CMasterSendStart
                0x00001268       0xc4 .\CortexM0\ARM_GCC_541\Debug\MotorControlWithContainerFinal_Copy_02.a(I2C_I2C_MASTER.o)
                0x00001268                I2C_I2CMasterSendStart
 .text.I2C_I2CMasterSendStop
                0x0000132c       0x58 .\CortexM0\ARM_GCC_541\Debug\MotorControlWithContainerFinal_Copy_02.a(I2C_I2C_MASTER.o)
                0x0000132c                I2C_I2CMasterSendStop
 .text.I2C_I2CMasterWriteByte
                0x00001384       0x48 .\CortexM0\ARM_GCC_541\Debug\MotorControlWithContainerFinal_Copy_02.a(I2C_I2C_MASTER.o)
                0x00001384                I2C_I2CMasterWriteByte
 .text.I2C_I2CMasterReadByte
                0x000013cc       0x7c .\CortexM0\ARM_GCC_541\Debug\MotorControlWithContainerFinal_Copy_02.a(I2C_I2C_MASTER.o)
                0x000013cc                I2C_I2CMasterReadByte
 .text.UART_ScbModePostEnable
                0x00001448        0x8 .\CortexM0\ARM_GCC_541\Debug\MotorControlWithContainerFinal_Copy_02.a(UART.o)
 .text.UART_Init
                0x00001450        0x8 .\CortexM0\ARM_GCC_541\Debug\MotorControlWithContainerFinal_Copy_02.a(UART.o)
                0x00001450                UART_Init
 .text.UART_Enable
                0x00001458       0x18 .\CortexM0\ARM_GCC_541\Debug\MotorControlWithContainerFinal_Copy_02.a(UART.o)
                0x00001458                UART_Enable
 .text.UART_Start
                0x00001470       0x20 .\CortexM0\ARM_GCC_541\Debug\MotorControlWithContainerFinal_Copy_02.a(UART.o)
                0x00001470                UART_Start
 .text.UART_UartInit
                0x00001490       0x9c .\CortexM0\ARM_GCC_541\Debug\MotorControlWithContainerFinal_Copy_02.a(UART_UART.o)
                0x00001490                UART_UartInit
 .text.UART_UartPostEnable
                0x0000152c       0x2c .\CortexM0\ARM_GCC_541\Debug\MotorControlWithContainerFinal_Copy_02.a(UART_UART.o)
                0x0000152c                UART_UartPostEnable
 .text.UART_UartPutString
                0x00001558       0x18 .\CortexM0\ARM_GCC_541\Debug\MotorControlWithContainerFinal_Copy_02.a(UART_UART.o)
                0x00001558                UART_UartPutString
 .text.CyIntEnable
                0x00001570       0x14 .\CortexM0\ARM_GCC_541\Debug\MotorControlWithContainerFinal_Copy_02.a(CyLib.o)
                0x00001570                CyIntEnable
 .text.CyIntDisable
                0x00001584       0x14 .\CortexM0\ARM_GCC_541\Debug\MotorControlWithContainerFinal_Copy_02.a(CyLib.o)
                0x00001584                CyIntDisable
 .text.CyHalt   0x00001598        0x4 .\CortexM0\ARM_GCC_541\Debug\MotorControlWithContainerFinal_Copy_02.a(CyLib.o)
                0x00001598                CyHalt
 .text.CyIntSetVector
                0x0000159c       0x24 .\CortexM0\ARM_GCC_541\Debug\MotorControlWithContainerFinal_Copy_02.a(CyLib.o)
                0x0000159c                CyIntSetVector
 .text.CyIntSetPriority
                0x000015c0       0x4c .\CortexM0\ARM_GCC_541\Debug\MotorControlWithContainerFinal_Copy_02.a(CyLib.o)
                0x000015c0                CyIntSetPriority
 .text.CyDelay  0x0000160c       0x30 .\CortexM0\ARM_GCC_541\Debug\MotorControlWithContainerFinal_Copy_02.a(CyLib.o)
                0x0000160c                CyDelay
 .text.CyDelayUs
                0x0000163c       0x14 .\CortexM0\ARM_GCC_541\Debug\MotorControlWithContainerFinal_Copy_02.a(CyLib.o)
                0x0000163c                CyDelayUs
 .text.CySysClkWriteImoFreq
                0x00001650      0x164 .\CortexM0\ARM_GCC_541\Debug\MotorControlWithContainerFinal_Copy_02.a(CyLib.o)
                0x00001650                CySysClkWriteImoFreq
 .text.CySysWdtLocked
                0x000017b4       0x14 .\CortexM0\ARM_GCC_541\Debug\MotorControlWithContainerFinal_Copy_02.a(CyLFClk.o)
 .text.CySysWdtLock
                0x000017c8       0x1c .\CortexM0\ARM_GCC_541\Debug\MotorControlWithContainerFinal_Copy_02.a(CyLFClk.o)
                0x000017c8                CySysWdtLock
 .text.CySysWdtUnlock
                0x000017e4       0x30 .\CortexM0\ARM_GCC_541\Debug\MotorControlWithContainerFinal_Copy_02.a(CyLFClk.o)
                0x000017e4                CySysWdtUnlock
 .text.CySysWdtClearInterrupt
                0x00001814       0x4c .\CortexM0\ARM_GCC_541\Debug\MotorControlWithContainerFinal_Copy_02.a(CyLFClk.o)
                0x00001814                CySysWdtClearInterrupt
 .text.CySysWdtIsr
                0x00001860       0xa4 .\CortexM0\ARM_GCC_541\Debug\MotorControlWithContainerFinal_Copy_02.a(CyLFClk.o)
                0x00001860                CySysWdtIsr
 .text.PWM_RED_WriteCounter
                0x00001904       0x10 .\CortexM0\ARM_GCC_541\Debug\MotorControlWithContainerFinal_Copy_02.a(PWM_RED.o)
                0x00001904                PWM_RED_WriteCounter
 .text.PWM_RED_WritePeriod
                0x00001914       0x10 .\CortexM0\ARM_GCC_541\Debug\MotorControlWithContainerFinal_Copy_02.a(PWM_RED.o)
                0x00001914                PWM_RED_WritePeriod
 .text.PWM_RED_WriteCompare
                0x00001924       0x10 .\CortexM0\ARM_GCC_541\Debug\MotorControlWithContainerFinal_Copy_02.a(PWM_RED.o)
                0x00001924                PWM_RED_WriteCompare
 .text.PWM_RED_TriggerCommand
                0x00001934       0x1c .\CortexM0\ARM_GCC_541\Debug\MotorControlWithContainerFinal_Copy_02.a(PWM_RED.o)
                0x00001934                PWM_RED_TriggerCommand
 .text.PWM_RED_Enable
                0x00001950       0x24 .\CortexM0\ARM_GCC_541\Debug\MotorControlWithContainerFinal_Copy_02.a(PWM_RED.o)
                0x00001950                PWM_RED_Enable
 .text.PWM_RED_SetInterruptMode
                0x00001974        0xc .\CortexM0\ARM_GCC_541\Debug\MotorControlWithContainerFinal_Copy_02.a(PWM_RED.o)
                0x00001974                PWM_RED_SetInterruptMode
 .text.PWM_RED_Init
                0x00001980       0x44 .\CortexM0\ARM_GCC_541\Debug\MotorControlWithContainerFinal_Copy_02.a(PWM_RED.o)
                0x00001980                PWM_RED_Init
 .text.PWM_RED_Start
                0x000019c4       0x20 .\CortexM0\ARM_GCC_541\Debug\MotorControlWithContainerFinal_Copy_02.a(PWM_RED.o)
                0x000019c4                PWM_RED_Start
 .text.PWM_BLUE_WriteCounter
                0x000019e4       0x10 .\CortexM0\ARM_GCC_541\Debug\MotorControlWithContainerFinal_Copy_02.a(PWM_BLUE.o)
                0x000019e4                PWM_BLUE_WriteCounter
 .text.PWM_BLUE_WritePeriod
                0x000019f4       0x10 .\CortexM0\ARM_GCC_541\Debug\MotorControlWithContainerFinal_Copy_02.a(PWM_BLUE.o)
                0x000019f4                PWM_BLUE_WritePeriod
 .text.PWM_BLUE_WriteCompare
                0x00001a04       0x10 .\CortexM0\ARM_GCC_541\Debug\MotorControlWithContainerFinal_Copy_02.a(PWM_BLUE.o)
                0x00001a04                PWM_BLUE_WriteCompare
 .text.PWM_BLUE_TriggerCommand
                0x00001a14       0x1c .\CortexM0\ARM_GCC_541\Debug\MotorControlWithContainerFinal_Copy_02.a(PWM_BLUE.o)
                0x00001a14                PWM_BLUE_TriggerCommand
 .text.PWM_BLUE_Enable
                0x00001a30       0x24 .\CortexM0\ARM_GCC_541\Debug\MotorControlWithContainerFinal_Copy_02.a(PWM_BLUE.o)
                0x00001a30                PWM_BLUE_Enable
 .text.PWM_BLUE_SetInterruptMode
                0x00001a54        0xc .\CortexM0\ARM_GCC_541\Debug\MotorControlWithContainerFinal_Copy_02.a(PWM_BLUE.o)
                0x00001a54                PWM_BLUE_SetInterruptMode
 .text.PWM_BLUE_Init
                0x00001a60       0x44 .\CortexM0\ARM_GCC_541\Debug\MotorControlWithContainerFinal_Copy_02.a(PWM_BLUE.o)
                0x00001a60                PWM_BLUE_Init
 .text.PWM_BLUE_Start
                0x00001aa4       0x20 .\CortexM0\ARM_GCC_541\Debug\MotorControlWithContainerFinal_Copy_02.a(PWM_BLUE.o)
                0x00001aa4                PWM_BLUE_Start
 .text.PWM_GREEN_WriteCounter
                0x00001ac4       0x10 .\CortexM0\ARM_GCC_541\Debug\MotorControlWithContainerFinal_Copy_02.a(PWM_GREEN.o)
                0x00001ac4                PWM_GREEN_WriteCounter
 .text.PWM_GREEN_WritePeriod
                0x00001ad4       0x10 .\CortexM0\ARM_GCC_541\Debug\MotorControlWithContainerFinal_Copy_02.a(PWM_GREEN.o)
                0x00001ad4                PWM_GREEN_WritePeriod
 .text.PWM_GREEN_WriteCompare
                0x00001ae4       0x10 .\CortexM0\ARM_GCC_541\Debug\MotorControlWithContainerFinal_Copy_02.a(PWM_GREEN.o)
                0x00001ae4                PWM_GREEN_WriteCompare
 .text.PWM_GREEN_TriggerCommand
                0x00001af4       0x1c .\CortexM0\ARM_GCC_541\Debug\MotorControlWithContainerFinal_Copy_02.a(PWM_GREEN.o)
                0x00001af4                PWM_GREEN_TriggerCommand
 .text.PWM_GREEN_Enable
                0x00001b10       0x24 .\CortexM0\ARM_GCC_541\Debug\MotorControlWithContainerFinal_Copy_02.a(PWM_GREEN.o)
                0x00001b10                PWM_GREEN_Enable
 .text.PWM_GREEN_SetInterruptMode
                0x00001b34        0xc .\CortexM0\ARM_GCC_541\Debug\MotorControlWithContainerFinal_Copy_02.a(PWM_GREEN.o)
                0x00001b34                PWM_GREEN_SetInterruptMode
 .text.PWM_GREEN_Init
                0x00001b40       0x44 .\CortexM0\ARM_GCC_541\Debug\MotorControlWithContainerFinal_Copy_02.a(PWM_GREEN.o)
                0x00001b40                PWM_GREEN_Init
 .text.PWM_GREEN_Start
                0x00001b84       0x20 .\CortexM0\ARM_GCC_541\Debug\MotorControlWithContainerFinal_Copy_02.a(PWM_GREEN.o)
                0x00001b84                PWM_GREEN_Start
 .text.NeoPixel_sendBit
                0x00001ba4       0x40 .\CortexM0\ARM_GCC_541\Debug\MotorControlWithContainerFinal_Copy_02.a(NeoPixel_sled.o)
                0x00001ba4                NeoPixel_sendBit
 .text.NeoPixel_sendByte
                0x00001be4       0x24 .\CortexM0\ARM_GCC_541\Debug\MotorControlWithContainerFinal_Copy_02.a(NeoPixel_sled.o)
                0x00001be4                NeoPixel_sendByte
 .text.NeoPixel_sendPixel
                0x00001c08       0x1c .\CortexM0\ARM_GCC_541\Debug\MotorControlWithContainerFinal_Copy_02.a(NeoPixel_sled.o)
                0x00001c08                NeoPixel_sendPixel
 .text.NeoPixel_show
                0x00001c24        0xc .\CortexM0\ARM_GCC_541\Debug\MotorControlWithContainerFinal_Copy_02.a(NeoPixel_sled.o)
                0x00001c24                NeoPixel_show
 .text.SW_ClearInterrupt
                0x00001c30       0x14 .\CortexM0\ARM_GCC_541\Debug\MotorControlWithContainerFinal_Copy_02.a(SW.o)
                0x00001c30                SW_ClearInterrupt
 .text.isr_SW_SetVector
                0x00001c44        0xc .\CortexM0\ARM_GCC_541\Debug\MotorControlWithContainerFinal_Copy_02.a(isr_SW.o)
                0x00001c44                isr_SW_SetVector
 .text.isr_SW_SetPriority
                0x00001c50       0x20 .\CortexM0\ARM_GCC_541\Debug\MotorControlWithContainerFinal_Copy_02.a(isr_SW.o)
                0x00001c50                isr_SW_SetPriority
 .text.isr_SW_Enable
                0x00001c70        0xc .\CortexM0\ARM_GCC_541\Debug\MotorControlWithContainerFinal_Copy_02.a(isr_SW.o)
                0x00001c70                isr_SW_Enable
 .text.isr_SW_Disable
                0x00001c7c        0xc .\CortexM0\ARM_GCC_541\Debug\MotorControlWithContainerFinal_Copy_02.a(isr_SW.o)
                0x00001c7c                isr_SW_Disable
 .text.isr_SW_StartEx
                0x00001c88       0x1c .\CortexM0\ARM_GCC_541\Debug\MotorControlWithContainerFinal_Copy_02.a(isr_SW.o)
                0x00001c88                isr_SW_StartEx
 *fill*         0x00001ca4        0x4 
 .text          0x00001ca8       0x24 .\CortexM0\ARM_GCC_541\Debug\MotorControlWithContainerFinal_Copy_02.a(CyBootAsmGnu.o)
                0x00001ca8                CyDelayCycles
                0x00001cbc                CyEnterCriticalSection
                0x00001cc4                CyExitCriticalSection
 .text.I2C_I2C_ISR
                0x00001ccc      0x33c .\CortexM0\ARM_GCC_541\Debug\MotorControlWithContainerFinal_Copy_02.a(I2C_I2C_INT.o)
                0x00001ccc                I2C_I2C_ISR
 .text.UART_SpiUartWriteTxData
                0x00002008       0x1c .\CortexM0\ARM_GCC_541\Debug\MotorControlWithContainerFinal_Copy_02.a(UART_SPI_UART.o)
                0x00002008                UART_SpiUartWriteTxData
 .text          0x00002024      0x114 c:/program files (x86)/cypress/psoc creator/4.4/psoc creator/import/gnu/arm/5.4.1/bin/../lib/gcc/arm-none-eabi/5.4.1/armv6-m\libgcc.a(_udivsi3.o)
                0x00002024                __aeabi_uidiv
                0x00002024                __udivsi3
                0x00002130                __aeabi_uidivmod
 .text          0x00002138      0x1d4 c:/program files (x86)/cypress/psoc creator/4.4/psoc creator/import/gnu/arm/5.4.1/bin/../lib/gcc/arm-none-eabi/5.4.1/armv6-m\libgcc.a(_divsi3.o)
                0x00002138                __divsi3
                0x00002138                __aeabi_idiv
                0x00002304                __aeabi_idivmod
 .text          0x0000230c        0x4 c:/program files (x86)/cypress/psoc creator/4.4/psoc creator/import/gnu/arm/5.4.1/bin/../lib/gcc/arm-none-eabi/5.4.1/armv6-m\libgcc.a(_dvmd_tls.o)
                0x0000230c                __aeabi_idiv0
                0x0000230c                __aeabi_ldiv0
 .text          0x00002310      0x234 c:/program files (x86)/cypress/psoc creator/4.4/psoc creator/import/gnu/arm/5.4.1/bin/../lib/gcc/arm-none-eabi/5.4.1/armv6-m\libgcc.a(divsf3.o)
                0x00002310                __aeabi_fdiv
 .text          0x00002544       0x7c c:/program files (x86)/cypress/psoc creator/4.4/psoc creator/import/gnu/arm/5.4.1/bin/../lib/gcc/arm-none-eabi/5.4.1/armv6-m\libgcc.a(floatunsisf.o)
                0x00002544                __aeabi_ui2f
 .text          0x000025c0      0x4f4 c:/program files (x86)/cypress/psoc creator/4.4/psoc creator/import/gnu/arm/5.4.1/bin/../lib/gcc/arm-none-eabi/5.4.1/armv6-m\libgcc.a(muldf3.o)
                0x000025c0                __aeabi_dmul
 .text          0x00002ab4       0x6c c:/program files (x86)/cypress/psoc creator/4.4/psoc creator/import/gnu/arm/5.4.1/bin/../lib/gcc/arm-none-eabi/5.4.1/armv6-m\libgcc.a(fixdfsi.o)
                0x00002ab4                __aeabi_d2iz
 .text          0x00002b20       0xa8 c:/program files (x86)/cypress/psoc creator/4.4/psoc creator/import/gnu/arm/5.4.1/bin/../lib/gcc/arm-none-eabi/5.4.1/armv6-m\libgcc.a(extendsfdf2.o)
                0x00002b20                __aeabi_f2d
 .text          0x00002bc8       0x3c c:/program files (x86)/cypress/psoc creator/4.4/psoc creator/import/gnu/arm/5.4.1/bin/../lib/gcc/arm-none-eabi/5.4.1/armv6-m\libgcc.a(_clzsi2.o)
                0x00002bc8                __clzsi2
 .text.__errno  0x00002c04        0xc c:/program files (x86)/cypress/psoc creator/4.4/psoc creator/import/gnu/arm/5.4.1/bin/../lib/gcc/arm-none-eabi/5.4.1/../../../../arm-none-eabi/lib/armv6-m\libg_nano.a(lib_a-errno.o)
                0x00002c04                __errno
 .text.__libc_init_array
                0x00002c10       0x4c c:/program files (x86)/cypress/psoc creator/4.4/psoc creator/import/gnu/arm/5.4.1/bin/../lib/gcc/arm-none-eabi/5.4.1/../../../../arm-none-eabi/lib/armv6-m\libg_nano.a(lib_a-init.o)
                0x00002c10                __libc_init_array
 .text.memcpy   0x00002c5c       0x12 c:/program files (x86)/cypress/psoc creator/4.4/psoc creator/import/gnu/arm/5.4.1/bin/../lib/gcc/arm-none-eabi/5.4.1/../../../../arm-none-eabi/lib/armv6-m\libg_nano.a(lib_a-memcpy-stub.o)
                0x00002c5c                memcpy
 .text.memset   0x00002c6e       0x10 c:/program files (x86)/cypress/psoc creator/4.4/psoc creator/import/gnu/arm/5.4.1/bin/../lib/gcc/arm-none-eabi/5.4.1/../../../../arm-none-eabi/lib/armv6-m\libg_nano.a(lib_a-memset.o)
                0x00002c6e                memset
 *fill*         0x00002c7e        0x2 
 .text.sprintf  0x00002c80       0x44 c:/program files (x86)/cypress/psoc creator/4.4/psoc creator/import/gnu/arm/5.4.1/bin/../lib/gcc/arm-none-eabi/5.4.1/../../../../arm-none-eabi/lib/armv6-m\libg_nano.a(lib_a-sprintf.o)
                0x00002c80                siprintf
                0x00002c80                sprintf
 .text.__ssputs_r
                0x00002cc4       0xc4 c:/program files (x86)/cypress/psoc creator/4.4/psoc creator/import/gnu/arm/5.4.1/bin/../lib/gcc/arm-none-eabi/5.4.1/../../../../arm-none-eabi/lib/armv6-m\libg_nano.a(lib_a-nano-svfprintf.o)
                0x00002cc4                __ssputs_r
 .text._svfprintf_r
                0x00002d88      0x1fc c:/program files (x86)/cypress/psoc creator/4.4/psoc creator/import/gnu/arm/5.4.1/bin/../lib/gcc/arm-none-eabi/5.4.1/../../../../arm-none-eabi/lib/armv6-m\libg_nano.a(lib_a-nano-svfprintf.o)
                0x00002d88                _svfiprintf_r
                0x00002d88                _svfprintf_r
 .text._printf_common
                0x00002f84       0xdc c:/program files (x86)/cypress/psoc creator/4.4/psoc creator/import/gnu/arm/5.4.1/bin/../lib/gcc/arm-none-eabi/5.4.1/../../../../arm-none-eabi/lib/armv6-m\libg_nano.a(lib_a-nano-vfprintf_i.o)
                0x00002f84                _printf_common
 .text._printf_i
                0x00003060      0x244 c:/program files (x86)/cypress/psoc creator/4.4/psoc creator/import/gnu/arm/5.4.1/bin/../lib/gcc/arm-none-eabi/5.4.1/../../../../arm-none-eabi/lib/armv6-m\libg_nano.a(lib_a-nano-vfprintf_i.o)
                0x00003060                _printf_i
 .text.memchr   0x000032a4       0x16 c:/program files (x86)/cypress/psoc creator/4.4/psoc creator/import/gnu/arm/5.4.1/bin/../lib/gcc/arm-none-eabi/5.4.1/../../../../arm-none-eabi/lib/armv6-m\libg_nano.a(lib_a-memchr-stub.o)
                0x000032a4                memchr
 .text.memmove  0x000032ba       0x2a c:/program files (x86)/cypress/psoc creator/4.4/psoc creator/import/gnu/arm/5.4.1/bin/../lib/gcc/arm-none-eabi/5.4.1/../../../../arm-none-eabi/lib/armv6-m\libg_nano.a(lib_a-memmove.o)
                0x000032ba                memmove
 .text._free_r  0x000032e4       0x98 c:/program files (x86)/cypress/psoc creator/4.4/psoc creator/import/gnu/arm/5.4.1/bin/../lib/gcc/arm-none-eabi/5.4.1/../../../../arm-none-eabi/lib/armv6-m\libg_nano.a(lib_a-nano-freer.o)
                0x000032e4                _free_r
 .text._malloc_r
                0x0000337c       0xc0 c:/program files (x86)/cypress/psoc creator/4.4/psoc creator/import/gnu/arm/5.4.1/bin/../lib/gcc/arm-none-eabi/5.4.1/../../../../arm-none-eabi/lib/armv6-m\libg_nano.a(lib_a-nano-mallocr.o)
                0x0000337c                _malloc_r
 .text._realloc_r
                0x0000343c       0x4c c:/program files (x86)/cypress/psoc creator/4.4/psoc creator/import/gnu/arm/5.4.1/bin/../lib/gcc/arm-none-eabi/5.4.1/../../../../arm-none-eabi/lib/armv6-m\libg_nano.a(lib_a-nano-reallocr.o)
                0x0000343c                _realloc_r
 .text._sbrk_r  0x00003488       0x24 c:/program files (x86)/cypress/psoc creator/4.4/psoc creator/import/gnu/arm/5.4.1/bin/../lib/gcc/arm-none-eabi/5.4.1/../../../../arm-none-eabi/lib/armv6-m\libg_nano.a(lib_a-sbrkr.o)
                0x00003488                _sbrk_r
 .text.__malloc_lock
                0x000034ac        0x2 c:/program files (x86)/cypress/psoc creator/4.4/psoc creator/import/gnu/arm/5.4.1/bin/../lib/gcc/arm-none-eabi/5.4.1/../../../../arm-none-eabi/lib/armv6-m\libg_nano.a(lib_a-mlock.o)
                0x000034ac                __malloc_lock
 .text.__malloc_unlock
                0x000034ae        0x2 c:/program files (x86)/cypress/psoc creator/4.4/psoc creator/import/gnu/arm/5.4.1/bin/../lib/gcc/arm-none-eabi/5.4.1/../../../../arm-none-eabi/lib/armv6-m\libg_nano.a(lib_a-mlock.o)
                0x000034ae                __malloc_unlock
 .text._malloc_usable_size_r
                0x000034b0       0x16 c:/program files (x86)/cypress/psoc creator/4.4/psoc creator/import/gnu/arm/5.4.1/bin/../lib/gcc/arm-none-eabi/5.4.1/../../../../arm-none-eabi/lib/armv6-m\libg_nano.a(lib_a-nano-msizer.o)
                0x000034b0                _malloc_usable_size_r
 *(.plt)
 *(.gnu.warning)
 *(.glue_7t)
 .glue_7t       0x000034c6        0x0 linker stubs
 *(.glue_7)
 .glue_7        0x000034c6        0x0 linker stubs
 *(.vfp11_veneer)
 .vfp11_veneer  0x000034c6        0x0 linker stubs
 *(.bootloader)
 *(.ARM.extab* .gnu.linkonce.armextab.*)
 *(.gcc_except_table)

.v4_bx          0x000034c8        0x0
 .v4_bx         0x000034c8        0x0 linker stubs

.iplt           0x000034c8        0x0
 .iplt          0x000034c8        0x0 c:/program files (x86)/cypress/psoc creator/4.4/psoc creator/import/gnu/arm/5.4.1/bin/../lib/gcc/arm-none-eabi/5.4.1/armv6-m/crtbegin.o

.eh_frame_hdr
 *(.eh_frame_hdr)

.eh_frame       0x000034c8        0x4
 *(.eh_frame)
 .eh_frame      0x000034c8        0x0 c:/program files (x86)/cypress/psoc creator/4.4/psoc creator/import/gnu/arm/5.4.1/bin/../lib/gcc/arm-none-eabi/5.4.1/armv6-m/crtbegin.o
 .eh_frame      0x000034c8        0x4 c:/program files (x86)/cypress/psoc creator/4.4/psoc creator/import/gnu/arm/5.4.1/bin/../lib/gcc/arm-none-eabi/5.4.1/armv6-m/crtend.o
                [!provide]                PROVIDE (__exidx_start, .)

.ARM.exidx
 *(.ARM.exidx* .gnu.linkonce.armexidx.*)
                0x000034cc                __exidx_end = .

.rodata         0x000034cc      0x4ac
 *(.rodata .rodata.* .gnu.linkonce.r.*)
 .rodata        0x000034cc       0x3f .\CortexM0\ARM_GCC_541\Debug\main.o
 *fill*         0x0000350b        0x1 
 .rodata.str1.4
                0x0000350c        0xf .\CortexM0\ARM_GCC_541\Debug\main.o
 *fill*         0x0000351b        0x1 
 .rodata        0x0000351c       0x38 .\CortexM0\ARM_GCC_541\Debug\tcs34725.o
 .rodata.str1.4
                0x00003554       0x97 .\CortexM0\ARM_GCC_541\Debug\tcs34725.o
 *fill*         0x000035eb        0x1 
 .rodata.str1.4
                0x000035ec       0x54 .\CortexM0\ARM_GCC_541\Debug\learn_color.o
                                 0x6f (size before relaxing)
 .rodata        0x00003640      0x1dc .\CortexM0\ARM_GCC_541\Debug\cyfitter_cfg.o
 .rodata        0x0000381c       0x2e .\CortexM0\ARM_GCC_541\Debug\MotorControlWithContainerFinal_Copy_02.a(CyLib.o)
                0x0000381c                cyImoFreqMhz2Reg
 *fill*         0x0000384a        0x2 
 .rodata        0x0000384c       0x80 c:/program files (x86)/cypress/psoc creator/4.4/psoc creator/import/gnu/arm/5.4.1/bin/../lib/gcc/arm-none-eabi/5.4.1/armv6-m\libgcc.a(divsf3.o)
 .rodata        0x000038cc       0x40 c:/program files (x86)/cypress/psoc creator/4.4/psoc creator/import/gnu/arm/5.4.1/bin/../lib/gcc/arm-none-eabi/5.4.1/armv6-m\libgcc.a(muldf3.o)
 .rodata.str1.1
                0x0000390c        0x2 c:/program files (x86)/cypress/psoc creator/4.4/psoc creator/import/gnu/arm/5.4.1/bin/../lib/gcc/arm-none-eabi/5.4.1/../../../../arm-none-eabi/lib/armv6-m\libg_nano.a(lib_a-impure.o)
 .rodata.str1.1
                0x0000390e       0x11 c:/program files (x86)/cypress/psoc creator/4.4/psoc creator/import/gnu/arm/5.4.1/bin/../lib/gcc/arm-none-eabi/5.4.1/../../../../arm-none-eabi/lib/armv6-m\libg_nano.a(lib_a-nano-svfprintf.o)
 .rodata.str1.1
                0x0000391f       0x22 c:/program files (x86)/cypress/psoc creator/4.4/psoc creator/import/gnu/arm/5.4.1/bin/../lib/gcc/arm-none-eabi/5.4.1/../../../../arm-none-eabi/lib/armv6-m\libg_nano.a(lib_a-nano-vfprintf_i.o)
                0x00003944                . = ALIGN (0x4)
 *fill*         0x00003941        0x3 
 *(.init)
 .init          0x00003944        0x4 c:/program files (x86)/cypress/psoc creator/4.4/psoc creator/import/gnu/arm/5.4.1/bin/../lib/gcc/arm-none-eabi/5.4.1/armv6-m/crti.o
                0x00003944                _init
 .init          0x00003948        0x8 c:/program files (x86)/cypress/psoc creator/4.4/psoc creator/import/gnu/arm/5.4.1/bin/../lib/gcc/arm-none-eabi/5.4.1/armv6-m/crtn.o
                0x00003950                . = ALIGN (0x4)
                0x00003950                __preinit_array_start = .
 *(.preinit_array)
                0x00003950                __preinit_array_end = .
                0x00003950                . = ALIGN (0x4)
                0x00003950                __init_array_start = .
 *(SORT(.init_array.*))
 *(.init_array)
 .init_array    0x00003950        0x4 c:/program files (x86)/cypress/psoc creator/4.4/psoc creator/import/gnu/arm/5.4.1/bin/../lib/gcc/arm-none-eabi/5.4.1/armv6-m/crtbegin.o
 .init_array    0x00003954        0x4 .\CortexM0\ARM_GCC_541\Debug\Cm0Start.o
                0x00003958                __init_array_end = .
                0x00003958                . = ALIGN (0x4)
 *(.fini)
 .fini          0x00003958        0x4 c:/program files (x86)/cypress/psoc creator/4.4/psoc creator/import/gnu/arm/5.4.1/bin/../lib/gcc/arm-none-eabi/5.4.1/armv6-m/crti.o
                0x00003958                _fini
 .fini          0x0000395c        0x8 c:/program files (x86)/cypress/psoc creator/4.4/psoc creator/import/gnu/arm/5.4.1/bin/../lib/gcc/arm-none-eabi/5.4.1/armv6-m/crtn.o
                0x00003964                . = ALIGN (0x4)
                0x00003964                __fini_array_start = .
 *(.fini_array)
 .fini_array    0x00003964        0x4 c:/program files (x86)/cypress/psoc creator/4.4/psoc creator/import/gnu/arm/5.4.1/bin/../lib/gcc/arm-none-eabi/5.4.1/armv6-m/crtbegin.o
 *(SORT(.fini_array.*))
                0x00003968                __fini_array_end = .
                0x00003968                . = ALIGN (0x4)
 *crtbegin.o(.ctors)
 *(EXCLUDE_FILE(*crtend.o) .ctors)
 *(SORT(.ctors.*))
 *crtend.o(.ctors)
                0x00003968                . = ALIGN (0x4)
 *crtbegin.o(.dtors)
 *(EXCLUDE_FILE(*crtend.o) .dtors)
 *(SORT(.dtors.*))
 *crtend.o(.dtors)
                0x00003968                . = ALIGN (0x4)
                0x00003968                __cy_regions = .
                0x00003968        0x4 LONG 0x3978 __cy_region_init_ram
                0x0000396c        0x4 LONG 0x200000c0 __cy_region_start_data
                0x00003970        0x4 LONG 0x118 __cy_region_init_size_ram
                0x00003974        0x4 LONG 0x178 __cy_region_zero_size_ram
                0x00003978                __cy_regions_end = .
                0x00003978                . = ALIGN (0x8)
                0x00003978                _etext = .

.cy_checksum_exclude
                0x00003978        0x0
 *(.cy_checksum_exclude)

.ramvectors     0x20000000       0xc0
                0x20000000                __cy_region_start_ram = .
 *(.ramvectors)
 .ramvectors    0x20000000       0xc0 .\CortexM0\ARM_GCC_541\Debug\Cm0Start.o
                0x20000000                CyRamVectors

.noinit
 *(.noinit)

.data           0x200000c0      0x118 load address 0x00003978
                0x200000c0                __cy_region_start_data = .
 *(.jcr)
 .jcr           0x200000c0        0x0 c:/program files (x86)/cypress/psoc creator/4.4/psoc creator/import/gnu/arm/5.4.1/bin/../lib/gcc/arm-none-eabi/5.4.1/armv6-m/crtbegin.o
 .jcr           0x200000c0        0x4 c:/program files (x86)/cypress/psoc creator/4.4/psoc creator/import/gnu/arm/5.4.1/bin/../lib/gcc/arm-none-eabi/5.4.1/armv6-m/crtend.o
 *(.got.plt)
 *(.got)
 *(.shdata)
 *(.data .data.* .gnu.linkonce.d.*)
 .data          0x200000c4        0x9 .\CortexM0\ARM_GCC_541\Debug\main.o
                0x200000c4                gates
                0x200000c7                previous_state
                0x200000c8                current_measure
 *fill*         0x200000cd        0x3 
 .data          0x200000d0       0x77 .\CortexM0\ARM_GCC_541\Debug\tcs34725.o
                0x200000d0                red_struct_min
                0x200000dc                green_struct_min
                0x200000e8                blue_struct_min
                0x200000f4                orange_struct_min
                0x20000100                brown_struct_min
                0x2000010c                yellow_struct_min
                0x20000118                red_led
                0x2000011c                green_led
                0x20000120                blue_led
                0x20000124                yellow_led
                0x20000128                orange_led
                0x2000012c                brown_led
                0x20000130                brown_struct
                0x20000134                orange_struct
                0x20000138                yellow_struct
                0x2000013c                blue_struct
                0x20000140                green_struct
                0x20000144                red_struct
 *fill*         0x20000147        0x1 
 .data          0x20000148        0xc .\CortexM0\ARM_GCC_541\Debug\learn_color.o
                0x20000148                min_none_color
 .data          0x20000154        0x4 .\CortexM0\ARM_GCC_541\Debug\Cm0Start.o
 .data          0x20000158       0x14 .\CortexM0\ARM_GCC_541\Debug\MotorControlWithContainerFinal_Copy_02.a(CyLib.o)
                0x20000158                CySysClkPumpConfig
                0x2000015c                cydelay32kMs
                0x20000160                cydelayFreqKhz
                0x20000164                cydelayFreqMhz
                0x20000168                cydelayFreqHz
 .data          0x2000016c        0x4 .\CortexM0\ARM_GCC_541\Debug\MotorControlWithContainerFinal_Copy_02.a(CyLFClk.o)
 .data.impure_data
                0x20000170       0x60 c:/program files (x86)/cypress/psoc creator/4.4/psoc creator/import/gnu/arm/5.4.1/bin/../lib/gcc/arm-none-eabi/5.4.1/../../../../arm-none-eabi/lib/armv6-m\libg_nano.a(lib_a-impure.o)
 .data._impure_ptr
                0x200001d0        0x4 c:/program files (x86)/cypress/psoc creator/4.4/psoc creator/import/gnu/arm/5.4.1/bin/../lib/gcc/arm-none-eabi/5.4.1/../../../../arm-none-eabi/lib/armv6-m\libg_nano.a(lib_a-impure.o)
                0x200001d0                _impure_ptr
                0x200001d8                . = ALIGN (0x8)
 *fill*         0x200001d4        0x4 
 *(.ram)
                0x200001d8                _edata = .

.igot.plt       0x200001d8        0x0 load address 0x00003a90
 .igot.plt      0x200001d8        0x0 c:/program files (x86)/cypress/psoc creator/4.4/psoc creator/import/gnu/arm/5.4.1/bin/../lib/gcc/arm-none-eabi/5.4.1/armv6-m/crtbegin.o

.bss            0x200001d8      0x178 load address 0x00003a90
                0x200001d8                PROVIDE (__bss_start__, .)
 *(.shbss)
 *(.bss .bss.* .gnu.linkonce.b.*)
 .bss           0x200001d8       0x1c c:/program files (x86)/cypress/psoc creator/4.4/psoc creator/import/gnu/arm/5.4.1/bin/../lib/gcc/arm-none-eabi/5.4.1/armv6-m/crtbegin.o
 .bss           0x200001f4        0x8 .\CortexM0\ARM_GCC_541\Debug\main.o
                0x200001f4                count_settings
                0x200001f8                my_test
 .bss           0x200001fc       0x4f .\CortexM0\ARM_GCC_541\Debug\tcs34725.o
                0x200001fc                _tcs34725Initialised
                0x200001fd                state
                0x20000200                red_struct_max
                0x2000020c                green_struct_max
                0x20000218                blue_struct_max
                0x20000224                orange_struct_max
                0x20000230                brown_struct_max
                0x2000023c                yellow_struct_max
                0x20000248                black_led
 *fill*         0x2000024b        0x1 
 .bss           0x2000024c        0xd .\CortexM0\ARM_GCC_541\Debug\learn_color.o
                0x2000024c                max_none_color
                0x20000258                button_pushed
 .bss           0x20000259        0x1 .\CortexM0\ARM_GCC_541\Debug\MotorControlWithContainerFinal_Copy_02.a(PWM_Container.o)
                0x20000259                PWM_Container_initVar
 *fill*         0x2000025a        0x2 
 .bss           0x2000025c        0x8 .\CortexM0\ARM_GCC_541\Debug\MotorControlWithContainerFinal_Copy_02.a(I2C.o)
                0x2000025c                I2C_initVar
                0x20000260                I2C_customIntrHandler
 .bss           0x20000264        0x4 .\CortexM0\ARM_GCC_541\Debug\MotorControlWithContainerFinal_Copy_02.a(UART.o)
                0x20000264                UART_initVar
                0x20000266                UART_IntrTxMask
 .bss           0x20000268       0x20 .\CortexM0\ARM_GCC_541\Debug\MotorControlWithContainerFinal_Copy_02.a(CyLFClk.o)
 .bss           0x20000288        0x1 .\CortexM0\ARM_GCC_541\Debug\MotorControlWithContainerFinal_Copy_02.a(PWM_RED.o)
                0x20000288                PWM_RED_initVar
 .bss           0x20000289        0x1 .\CortexM0\ARM_GCC_541\Debug\MotorControlWithContainerFinal_Copy_02.a(PWM_BLUE.o)
                0x20000289                PWM_BLUE_initVar
 .bss           0x2000028a        0x1 .\CortexM0\ARM_GCC_541\Debug\MotorControlWithContainerFinal_Copy_02.a(PWM_GREEN.o)
                0x2000028a                PWM_GREEN_initVar
 *fill*         0x2000028b        0x1 
 .bss.__malloc_sbrk_start
                0x2000028c        0x4 c:/program files (x86)/cypress/psoc creator/4.4/psoc creator/import/gnu/arm/5.4.1/bin/../lib/gcc/arm-none-eabi/5.4.1/../../../../arm-none-eabi/lib/armv6-m\libg_nano.a(lib_a-nano-mallocr.o)
                0x2000028c                __malloc_sbrk_start
 .bss.__malloc_free_list
                0x20000290        0x4 c:/program files (x86)/cypress/psoc creator/4.4/psoc creator/import/gnu/arm/5.4.1/bin/../lib/gcc/arm-none-eabi/5.4.1/../../../../arm-none-eabi/lib/armv6-m\libg_nano.a(lib_a-nano-mallocr.o)
                0x20000290                __malloc_free_list
 *(COMMON)
 COMMON         0x20000294       0x81 .\CortexM0\ARM_GCC_541\Debug\utils.o
                0x20000294                str
 *fill*         0x20000315        0x3 
 COMMON         0x20000318        0x8 .\CortexM0\ARM_GCC_541\Debug\tcs34725.o
                0x20000318                _tcs34725IntegrationTime
                0x20000319                _tcs34725Gain
                0x2000031c                status
 COMMON         0x20000320        0x1 .\CortexM0\ARM_GCC_541\Debug\MotorControlWithContainerFinal_Copy_02.a(I2C_I2C.o)
                0x20000320                I2C_state
 *fill*         0x20000321        0x3 
 COMMON         0x20000324       0x24 .\CortexM0\ARM_GCC_541\Debug\MotorControlWithContainerFinal_Copy_02.a(I2C_I2C_MASTER.o)
                0x20000324                I2C_mstrWrBufIndexTmp
                0x20000328                I2C_mstrWrBufIndex
                0x2000032c                I2C_mstrWrBufSize
                0x20000330                I2C_mstrStatus
                0x20000334                I2C_mstrRdBufPtr
                0x20000338                I2C_mstrControl
                0x2000033c                I2C_mstrRdBufSize
                0x20000340                I2C_mstrRdBufIndex
                0x20000344                I2C_mstrWrBufPtr
 COMMON         0x20000348        0x4 c:/program files (x86)/cypress/psoc creator/4.4/psoc creator/import/gnu/arm/5.4.1/bin/../lib/gcc/arm-none-eabi/5.4.1/../../../../arm-none-eabi/lib/armv6-m\libg_nano.a(lib_a-reent.o)
                0x20000348                errno
                0x20000350                . = ALIGN (0x8)
 *fill*         0x2000034c        0x4 
 *(.ram.b)
                0x20000350                _end = .
                0x20000350                __end = .
                0x20000350                PROVIDE (end, .)
                0x20000350                PROVIDE (__bss_end__, .)
                0x00003978                __cy_region_init_ram = LOADADDR (.data)
                0x00000118                __cy_region_init_size_ram = (_edata - ADDR (.data))
                0x00000178                __cy_region_zero_size_ram = (_end - _edata)

.heap           0x20000350       0x80 load address 0x00003a90
                0x20000350                . = _end
                0x200003d0                . = (. + 0x80)
 *fill*         0x20000350       0x80 
                0x200003d0                __cy_heap_limit = .

.stack          0x20000c00      0x400
                0x20000c00                __cy_stack_limit = .
                0x20001000                . = (. + 0x400)
 *fill*         0x20000c00      0x400 
                0x00000001                ASSERT ((__cy_stack_limit >= __cy_heap_limit), region RAM overflowed with stack)
                0x00000000                cy_checksum_exclude_size = (CY_APPL_LOADABLE == 0x1)?SIZEOF (.cy_checksum_exclude):0x0
                0x00000001                ASSERT ((cy_checksum_exclude_size <= CY_CHECKSUM_EXCLUDE_SIZE), CY_BOOT: Section .cy_checksum_exclude size exceedes specified limit.)
                0x00007fc0                cyloadermeta_start = (cy_project_type_bootloader || cy_project_type_app_for_stack_and_copier)?(LENGTH (rom) - CY_METADATA_SIZE):0xf0000000

.cyloadermeta
 *(.cyloadermeta)
                0x00007fc0                cyloadablemeta_start = cy_project_type_app_for_stack_and_copier?((LENGTH (rom) - CY_FLASH_ROW_SIZE) - CY_METADATA_SIZE):((LENGTH (rom) - (CY_FLASH_ROW_SIZE * (CY_APPL_NUM - 0x1))) - CY_METADATA_SIZE)

.cyloadablemeta
 *(.cyloadablemeta)

.cyflashprotect
                0x90400000       0x20
 *(.cyflashprotect)
 .cyflashprotect
                0x90400000       0x20 .\CortexM0\ARM_GCC_541\Debug\cymetadata.o
                0x90400000                cy_meta_flashprotect

.cymeta         0x90500000        0xc
 *(.cymeta)
 .cymeta        0x90500000        0xc .\CortexM0\ARM_GCC_541\Debug\cymetadata.o
                0x90500000                cy_metadata

.cychipprotect  0x90600000        0x1
 *(.cychipprotect)
 .cychipprotect
                0x90600000        0x1 .\CortexM0\ARM_GCC_541\Debug\cymetadata.o
                0x90600000                cy_meta_chipprotect

.rel.dyn        0x00003a90        0x0 load address 0x90600004
 .rel.iplt      0x00003a90        0x0 c:/program files (x86)/cypress/psoc creator/4.4/psoc creator/import/gnu/arm/5.4.1/bin/../lib/gcc/arm-none-eabi/5.4.1/armv6-m/crtbegin.o

.stab
 *(.stab)

.stabstr
 *(.stabstr)

.debug
 *(.debug)

.line
 *(.line)

.debug_srcinfo
 *(.debug_srcinfo)

.debug_sfnames
 *(.debug_sfnames)

.debug_aranges  0x00000000      0xfb0
 *(.debug_aranges)
 .debug_aranges
                0x00000000       0x40 .\CortexM0\ARM_GCC_541\Debug\main.o
 .debug_aranges
                0x00000040       0x20 .\CortexM0\ARM_GCC_541\Debug\utils.o
 .debug_aranges
                0x00000060       0x90 .\CortexM0\ARM_GCC_541\Debug\tcs34725.o
 .debug_aranges
                0x000000f0       0x38 .\CortexM0\ARM_GCC_541\Debug\learn_color.o
 .debug_aranges
                0x00000128       0x38 .\CortexM0\ARM_GCC_541\Debug\cyfitter_cfg.o
 .debug_aranges
                0x00000160       0x18 .\CortexM0\ARM_GCC_541\Debug\cymetadata.o
 .debug_aranges
                0x00000178       0x48 .\CortexM0\ARM_GCC_541\Debug\Cm0Start.o
 .debug_aranges
                0x000001c0       0x40 .\CortexM0\ARM_GCC_541\Debug\MotorControlWithContainerFinal_Copy_02.a(Clock.o)
 .debug_aranges
                0x00000200       0x28 .\CortexM0\ARM_GCC_541\Debug\MotorControlWithContainerFinal_Copy_02.a(Control_Reg_1.o)
 .debug_aranges
                0x00000228       0x48 .\CortexM0\ARM_GCC_541\Debug\MotorControlWithContainerFinal_Copy_02.a(Dir_1.o)
 .debug_aranges
                0x00000270       0x48 .\CortexM0\ARM_GCC_541\Debug\MotorControlWithContainerFinal_Copy_02.a(Dir_2_5.o)
 .debug_aranges
                0x000002b8       0x48 .\CortexM0\ARM_GCC_541\Debug\MotorControlWithContainerFinal_Copy_02.a(Dir_3_4.o)
 .debug_aranges
                0x00000300       0x28 .\CortexM0\ARM_GCC_541\Debug\MotorControlWithContainerFinal_Copy_02.a(Control_Reg_2.o)
 .debug_aranges
                0x00000328       0x40 .\CortexM0\ARM_GCC_541\Debug\MotorControlWithContainerFinal_Copy_02.a(Status_Reg_1.o)
 .debug_aranges
                0x00000368      0x158 .\CortexM0\ARM_GCC_541\Debug\MotorControlWithContainerFinal_Copy_02.a(PWM_Container.o)
 .debug_aranges
                0x000004c0       0x68 .\CortexM0\ARM_GCC_541\Debug\MotorControlWithContainerFinal_Copy_02.a(I2C.o)
 .debug_aranges
                0x00000528       0x30 .\CortexM0\ARM_GCC_541\Debug\MotorControlWithContainerFinal_Copy_02.a(I2C_I2C.o)
 .debug_aranges
                0x00000558       0x98 .\CortexM0\ARM_GCC_541\Debug\MotorControlWithContainerFinal_Copy_02.a(I2C_I2C_MASTER.o)
 .debug_aranges
                0x000005f0       0x60 .\CortexM0\ARM_GCC_541\Debug\MotorControlWithContainerFinal_Copy_02.a(UART.o)
 .debug_aranges
                0x00000650       0x68 .\CortexM0\ARM_GCC_541\Debug\MotorControlWithContainerFinal_Copy_02.a(UART_UART.o)
 .debug_aranges
                0x000006b8       0x48 .\CortexM0\ARM_GCC_541\Debug\MotorControlWithContainerFinal_Copy_02.a(I2C_sda.o)
 .debug_aranges
                0x00000700       0x48 .\CortexM0\ARM_GCC_541\Debug\MotorControlWithContainerFinal_Copy_02.a(I2C_scl.o)
 .debug_aranges
                0x00000748      0x180 .\CortexM0\ARM_GCC_541\Debug\MotorControlWithContainerFinal_Copy_02.a(CyLib.o)
 .debug_aranges
                0x000008c8      0x138 .\CortexM0\ARM_GCC_541\Debug\MotorControlWithContainerFinal_Copy_02.a(CyLFClk.o)
 .debug_aranges
                0x00000a00      0x158 .\CortexM0\ARM_GCC_541\Debug\MotorControlWithContainerFinal_Copy_02.a(PWM_RED.o)
 .debug_aranges
                0x00000b58      0x158 .\CortexM0\ARM_GCC_541\Debug\MotorControlWithContainerFinal_Copy_02.a(PWM_BLUE.o)
 .debug_aranges
                0x00000cb0      0x158 .\CortexM0\ARM_GCC_541\Debug\MotorControlWithContainerFinal_Copy_02.a(PWM_GREEN.o)
 .debug_aranges
                0x00000e08       0x40 .\CortexM0\ARM_GCC_541\Debug\MotorControlWithContainerFinal_Copy_02.a(NeoPixel_sled.o)
 .debug_aranges
                0x00000e48       0x48 .\CortexM0\ARM_GCC_541\Debug\MotorControlWithContainerFinal_Copy_02.a(SW.o)
 .debug_aranges
                0x00000e90       0x80 .\CortexM0\ARM_GCC_541\Debug\MotorControlWithContainerFinal_Copy_02.a(isr_SW.o)
 .debug_aranges
                0x00000f10       0x20 .\CortexM0\ARM_GCC_541\Debug\MotorControlWithContainerFinal_Copy_02.a(CyBootAsmGnu.o)
 .debug_aranges
                0x00000f30       0x20 .\CortexM0\ARM_GCC_541\Debug\MotorControlWithContainerFinal_Copy_02.a(I2C_I2C_INT.o)
 .debug_aranges
                0x00000f50       0x60 .\CortexM0\ARM_GCC_541\Debug\MotorControlWithContainerFinal_Copy_02.a(UART_SPI_UART.o)

.debug_pubnames
 *(.debug_pubnames)

.debug_info     0x00000000     0x8cf6
 *(.debug_info .gnu.linkonce.wi.*)
 .debug_info    0x00000000      0x7a9 .\CortexM0\ARM_GCC_541\Debug\main.o
 .debug_info    0x000007a9       0xf8 .\CortexM0\ARM_GCC_541\Debug\utils.o
 .debug_info    0x000008a1      0xfdb .\CortexM0\ARM_GCC_541\Debug\tcs34725.o
 .debug_info    0x0000187c      0x5bb .\CortexM0\ARM_GCC_541\Debug\learn_color.o
 .debug_info    0x00001e37      0x3a0 .\CortexM0\ARM_GCC_541\Debug\cyfitter_cfg.o
 .debug_info    0x000021d7       0xf8 .\CortexM0\ARM_GCC_541\Debug\cymetadata.o
 .debug_info    0x000022cf      0x3a2 .\CortexM0\ARM_GCC_541\Debug\Cm0Start.o
 .debug_info    0x00002671      0x14e .\CortexM0\ARM_GCC_541\Debug\MotorControlWithContainerFinal_Copy_02.a(Clock.o)
 .debug_info    0x000027bf       0xd6 .\CortexM0\ARM_GCC_541\Debug\MotorControlWithContainerFinal_Copy_02.a(Control_Reg_1.o)
 .debug_info    0x00002895      0x19d .\CortexM0\ARM_GCC_541\Debug\MotorControlWithContainerFinal_Copy_02.a(Dir_1.o)
 .debug_info    0x00002a32      0x19b .\CortexM0\ARM_GCC_541\Debug\MotorControlWithContainerFinal_Copy_02.a(Dir_2_5.o)
 .debug_info    0x00002bcd      0x19d .\CortexM0\ARM_GCC_541\Debug\MotorControlWithContainerFinal_Copy_02.a(Dir_3_4.o)
 .debug_info    0x00002d6a       0xd6 .\CortexM0\ARM_GCC_541\Debug\MotorControlWithContainerFinal_Copy_02.a(Control_Reg_2.o)
 .debug_info    0x00002e40      0x17f .\CortexM0\ARM_GCC_541\Debug\MotorControlWithContainerFinal_Copy_02.a(Status_Reg_1.o)
 .debug_info    0x00002fbf      0x907 .\CortexM0\ARM_GCC_541\Debug\MotorControlWithContainerFinal_Copy_02.a(PWM_Container.o)
 .debug_info    0x000038c6      0x2aa .\CortexM0\ARM_GCC_541\Debug\MotorControlWithContainerFinal_Copy_02.a(I2C.o)
 .debug_info    0x00003b70      0x195 .\CortexM0\ARM_GCC_541\Debug\MotorControlWithContainerFinal_Copy_02.a(I2C_I2C.o)
 .debug_info    0x00003d05      0x91d .\CortexM0\ARM_GCC_541\Debug\MotorControlWithContainerFinal_Copy_02.a(I2C_I2C_MASTER.o)
 .debug_info    0x00004622      0x24c .\CortexM0\ARM_GCC_541\Debug\MotorControlWithContainerFinal_Copy_02.a(UART.o)
 .debug_info    0x0000486e      0x310 .\CortexM0\ARM_GCC_541\Debug\MotorControlWithContainerFinal_Copy_02.a(UART_UART.o)
 .debug_info    0x00004b7e      0x19d .\CortexM0\ARM_GCC_541\Debug\MotorControlWithContainerFinal_Copy_02.a(I2C_sda.o)
 .debug_info    0x00004d1b      0x19b .\CortexM0\ARM_GCC_541\Debug\MotorControlWithContainerFinal_Copy_02.a(I2C_scl.o)
 .debug_info    0x00004eb6      0xaed .\CortexM0\ARM_GCC_541\Debug\MotorControlWithContainerFinal_Copy_02.a(CyLib.o)
 .debug_info    0x000059a3      0xcfe .\CortexM0\ARM_GCC_541\Debug\MotorControlWithContainerFinal_Copy_02.a(CyLFClk.o)
 .debug_info    0x000066a1      0x908 .\CortexM0\ARM_GCC_541\Debug\MotorControlWithContainerFinal_Copy_02.a(PWM_RED.o)
 .debug_info    0x00006fa9      0x908 .\CortexM0\ARM_GCC_541\Debug\MotorControlWithContainerFinal_Copy_02.a(PWM_BLUE.o)
 .debug_info    0x000078b1      0x908 .\CortexM0\ARM_GCC_541\Debug\MotorControlWithContainerFinal_Copy_02.a(PWM_GREEN.o)
 .debug_info    0x000081b9      0x22f .\CortexM0\ARM_GCC_541\Debug\MotorControlWithContainerFinal_Copy_02.a(NeoPixel_sled.o)
 .debug_info    0x000083e8      0x19d .\CortexM0\ARM_GCC_541\Debug\MotorControlWithContainerFinal_Copy_02.a(SW.o)
 .debug_info    0x00008585      0x305 .\CortexM0\ARM_GCC_541\Debug\MotorControlWithContainerFinal_Copy_02.a(isr_SW.o)
 .debug_info    0x0000888a       0xa4 .\CortexM0\ARM_GCC_541\Debug\MotorControlWithContainerFinal_Copy_02.a(CyBootAsmGnu.o)
 .debug_info    0x0000892e      0x1a8 .\CortexM0\ARM_GCC_541\Debug\MotorControlWithContainerFinal_Copy_02.a(I2C_I2C_INT.o)
 .debug_info    0x00008ad6      0x220 .\CortexM0\ARM_GCC_541\Debug\MotorControlWithContainerFinal_Copy_02.a(UART_SPI_UART.o)

.debug_abbrev   0x00000000     0x243e
 *(.debug_abbrev)
 .debug_abbrev  0x00000000      0x20d .\CortexM0\ARM_GCC_541\Debug\main.o
 .debug_abbrev  0x0000020d       0xa7 .\CortexM0\ARM_GCC_541\Debug\utils.o
 .debug_abbrev  0x000002b4      0x284 .\CortexM0\ARM_GCC_541\Debug\tcs34725.o
 .debug_abbrev  0x00000538      0x177 .\CortexM0\ARM_GCC_541\Debug\learn_color.o
 .debug_abbrev  0x000006af      0x199 .\CortexM0\ARM_GCC_541\Debug\cyfitter_cfg.o
 .debug_abbrev  0x00000848       0x5d .\CortexM0\ARM_GCC_541\Debug\cymetadata.o
 .debug_abbrev  0x000008a5      0x1d7 .\CortexM0\ARM_GCC_541\Debug\Cm0Start.o
 .debug_abbrev  0x00000a7c       0xb7 .\CortexM0\ARM_GCC_541\Debug\MotorControlWithContainerFinal_Copy_02.a(Clock.o)
 .debug_abbrev  0x00000b33       0x81 .\CortexM0\ARM_GCC_541\Debug\MotorControlWithContainerFinal_Copy_02.a(Control_Reg_1.o)
 .debug_abbrev  0x00000bb4       0xc8 .\CortexM0\ARM_GCC_541\Debug\MotorControlWithContainerFinal_Copy_02.a(Dir_1.o)
 .debug_abbrev  0x00000c7c       0xc8 .\CortexM0\ARM_GCC_541\Debug\MotorControlWithContainerFinal_Copy_02.a(Dir_2_5.o)
 .debug_abbrev  0x00000d44       0xc8 .\CortexM0\ARM_GCC_541\Debug\MotorControlWithContainerFinal_Copy_02.a(Dir_3_4.o)
 .debug_abbrev  0x00000e0c       0x81 .\CortexM0\ARM_GCC_541\Debug\MotorControlWithContainerFinal_Copy_02.a(Control_Reg_2.o)
 .debug_abbrev  0x00000e8d       0xac .\CortexM0\ARM_GCC_541\Debug\MotorControlWithContainerFinal_Copy_02.a(Status_Reg_1.o)
 .debug_abbrev  0x00000f39      0x119 .\CortexM0\ARM_GCC_541\Debug\MotorControlWithContainerFinal_Copy_02.a(PWM_Container.o)
 .debug_abbrev  0x00001052      0x130 .\CortexM0\ARM_GCC_541\Debug\MotorControlWithContainerFinal_Copy_02.a(I2C.o)
 .debug_abbrev  0x00001182       0xc7 .\CortexM0\ARM_GCC_541\Debug\MotorControlWithContainerFinal_Copy_02.a(I2C_I2C.o)
 .debug_abbrev  0x00001249      0x1b3 .\CortexM0\ARM_GCC_541\Debug\MotorControlWithContainerFinal_Copy_02.a(I2C_I2C_MASTER.o)
 .debug_abbrev  0x000013fc       0xed .\CortexM0\ARM_GCC_541\Debug\MotorControlWithContainerFinal_Copy_02.a(UART.o)
 .debug_abbrev  0x000014e9      0x123 .\CortexM0\ARM_GCC_541\Debug\MotorControlWithContainerFinal_Copy_02.a(UART_UART.o)
 .debug_abbrev  0x0000160c       0xc8 .\CortexM0\ARM_GCC_541\Debug\MotorControlWithContainerFinal_Copy_02.a(I2C_sda.o)
 .debug_abbrev  0x000016d4       0xc8 .\CortexM0\ARM_GCC_541\Debug\MotorControlWithContainerFinal_Copy_02.a(I2C_scl.o)
 .debug_abbrev  0x0000179c      0x1d3 .\CortexM0\ARM_GCC_541\Debug\MotorControlWithContainerFinal_Copy_02.a(CyLib.o)
 .debug_abbrev  0x0000196f      0x210 .\CortexM0\ARM_GCC_541\Debug\MotorControlWithContainerFinal_Copy_02.a(CyLFClk.o)
 .debug_abbrev  0x00001b7f      0x119 .\CortexM0\ARM_GCC_541\Debug\MotorControlWithContainerFinal_Copy_02.a(PWM_RED.o)
 .debug_abbrev  0x00001c98      0x119 .\CortexM0\ARM_GCC_541\Debug\MotorControlWithContainerFinal_Copy_02.a(PWM_BLUE.o)
 .debug_abbrev  0x00001db1      0x119 .\CortexM0\ARM_GCC_541\Debug\MotorControlWithContainerFinal_Copy_02.a(PWM_GREEN.o)
 .debug_abbrev  0x00001eca      0x10b .\CortexM0\ARM_GCC_541\Debug\MotorControlWithContainerFinal_Copy_02.a(NeoPixel_sled.o)
 .debug_abbrev  0x00001fd5       0xc8 .\CortexM0\ARM_GCC_541\Debug\MotorControlWithContainerFinal_Copy_02.a(SW.o)
 .debug_abbrev  0x0000209d      0x19a .\CortexM0\ARM_GCC_541\Debug\MotorControlWithContainerFinal_Copy_02.a(isr_SW.o)
 .debug_abbrev  0x00002237       0x14 .\CortexM0\ARM_GCC_541\Debug\MotorControlWithContainerFinal_Copy_02.a(CyBootAsmGnu.o)
 .debug_abbrev  0x0000224b       0xa4 .\CortexM0\ARM_GCC_541\Debug\MotorControlWithContainerFinal_Copy_02.a(I2C_I2C_INT.o)
 .debug_abbrev  0x000022ef      0x14f .\CortexM0\ARM_GCC_541\Debug\MotorControlWithContainerFinal_Copy_02.a(UART_SPI_UART.o)

.debug_line     0x00000000     0x3af9
 *(.debug_line)
 .debug_line    0x00000000      0x3e3 .\CortexM0\ARM_GCC_541\Debug\main.o
 .debug_line    0x000003e3       0x61 .\CortexM0\ARM_GCC_541\Debug\utils.o
 .debug_line    0x00000444      0x3f8 .\CortexM0\ARM_GCC_541\Debug\tcs34725.o
 .debug_line    0x0000083c      0x26a .\CortexM0\ARM_GCC_541\Debug\learn_color.o
 .debug_line    0x00000aa6      0x178 .\CortexM0\ARM_GCC_541\Debug\cyfitter_cfg.o
 .debug_line    0x00000c1e      0x141 .\CortexM0\ARM_GCC_541\Debug\cymetadata.o
 .debug_line    0x00000d5f      0x235 .\CortexM0\ARM_GCC_541\Debug\Cm0Start.o
 .debug_line    0x00000f94       0xab .\CortexM0\ARM_GCC_541\Debug\MotorControlWithContainerFinal_Copy_02.a(Clock.o)
 .debug_line    0x0000103f       0x76 .\CortexM0\ARM_GCC_541\Debug\MotorControlWithContainerFinal_Copy_02.a(Control_Reg_1.o)
 .debug_line    0x000010b5       0xbd .\CortexM0\ARM_GCC_541\Debug\MotorControlWithContainerFinal_Copy_02.a(Dir_1.o)
 .debug_line    0x00001172       0xbe .\CortexM0\ARM_GCC_541\Debug\MotorControlWithContainerFinal_Copy_02.a(Dir_2_5.o)
 .debug_line    0x00001230       0xbf .\CortexM0\ARM_GCC_541\Debug\MotorControlWithContainerFinal_Copy_02.a(Dir_3_4.o)
 .debug_line    0x000012ef       0x76 .\CortexM0\ARM_GCC_541\Debug\MotorControlWithContainerFinal_Copy_02.a(Control_Reg_2.o)
 .debug_line    0x00001365       0xbb .\CortexM0\ARM_GCC_541\Debug\MotorControlWithContainerFinal_Copy_02.a(Status_Reg_1.o)
 .debug_line    0x00001420      0x386 .\CortexM0\ARM_GCC_541\Debug\MotorControlWithContainerFinal_Copy_02.a(PWM_Container.o)
 .debug_line    0x000017a6      0x143 .\CortexM0\ARM_GCC_541\Debug\MotorControlWithContainerFinal_Copy_02.a(I2C.o)
 .debug_line    0x000018e9       0xc3 .\CortexM0\ARM_GCC_541\Debug\MotorControlWithContainerFinal_Copy_02.a(I2C_I2C.o)
 .debug_line    0x000019ac      0x339 .\CortexM0\ARM_GCC_541\Debug\MotorControlWithContainerFinal_Copy_02.a(I2C_I2C_MASTER.o)
 .debug_line    0x00001ce5      0x127 .\CortexM0\ARM_GCC_541\Debug\MotorControlWithContainerFinal_Copy_02.a(UART.o)
 .debug_line    0x00001e0c      0x16d .\CortexM0\ARM_GCC_541\Debug\MotorControlWithContainerFinal_Copy_02.a(UART_UART.o)
 .debug_line    0x00001f79       0xbf .\CortexM0\ARM_GCC_541\Debug\MotorControlWithContainerFinal_Copy_02.a(I2C_sda.o)
 .debug_line    0x00002038       0xbe .\CortexM0\ARM_GCC_541\Debug\MotorControlWithContainerFinal_Copy_02.a(I2C_scl.o)
 .debug_line    0x000020f6      0x460 .\CortexM0\ARM_GCC_541\Debug\MotorControlWithContainerFinal_Copy_02.a(CyLib.o)
 .debug_line    0x00002556      0x466 .\CortexM0\ARM_GCC_541\Debug\MotorControlWithContainerFinal_Copy_02.a(CyLFClk.o)
 .debug_line    0x000029bc      0x380 .\CortexM0\ARM_GCC_541\Debug\MotorControlWithContainerFinal_Copy_02.a(PWM_RED.o)
 .debug_line    0x00002d3c      0x381 .\CortexM0\ARM_GCC_541\Debug\MotorControlWithContainerFinal_Copy_02.a(PWM_BLUE.o)
 .debug_line    0x000030bd      0x382 .\CortexM0\ARM_GCC_541\Debug\MotorControlWithContainerFinal_Copy_02.a(PWM_GREEN.o)
 .debug_line    0x0000343f      0x1d0 .\CortexM0\ARM_GCC_541\Debug\MotorControlWithContainerFinal_Copy_02.a(NeoPixel_sled.o)
 .debug_line    0x0000360f       0xba .\CortexM0\ARM_GCC_541\Debug\MotorControlWithContainerFinal_Copy_02.a(SW.o)
 .debug_line    0x000036c9      0x14e .\CortexM0\ARM_GCC_541\Debug\MotorControlWithContainerFinal_Copy_02.a(isr_SW.o)
 .debug_line    0x00003817       0x69 .\CortexM0\ARM_GCC_541\Debug\MotorControlWithContainerFinal_Copy_02.a(CyBootAsmGnu.o)
 .debug_line    0x00003880      0x15f .\CortexM0\ARM_GCC_541\Debug\MotorControlWithContainerFinal_Copy_02.a(I2C_I2C_INT.o)
 .debug_line    0x000039df      0x11a .\CortexM0\ARM_GCC_541\Debug\MotorControlWithContainerFinal_Copy_02.a(UART_SPI_UART.o)

.debug_frame    0x00000000     0x2ab4
 *(.debug_frame)
 .debug_frame   0x00000000       0x9c .\CortexM0\ARM_GCC_541\Debug\main.o
 .debug_frame   0x0000009c       0x2c .\CortexM0\ARM_GCC_541\Debug\utils.o
 .debug_frame   0x000000c8      0x1ec .\CortexM0\ARM_GCC_541\Debug\tcs34725.o
 .debug_frame   0x000002b4       0x98 .\CortexM0\ARM_GCC_541\Debug\learn_color.o
 .debug_frame   0x0000034c       0x8c .\CortexM0\ARM_GCC_541\Debug\cyfitter_cfg.o
 .debug_frame   0x000003d8       0xbc .\CortexM0\ARM_GCC_541\Debug\Cm0Start.o
 .debug_frame   0x00000494       0x60 .\CortexM0\ARM_GCC_541\Debug\MotorControlWithContainerFinal_Copy_02.a(Clock.o)
 .debug_frame   0x000004f4       0x30 .\CortexM0\ARM_GCC_541\Debug\MotorControlWithContainerFinal_Copy_02.a(Control_Reg_1.o)
 .debug_frame   0x00000524       0x70 .\CortexM0\ARM_GCC_541\Debug\MotorControlWithContainerFinal_Copy_02.a(Dir_1.o)
 .debug_frame   0x00000594       0x70 .\CortexM0\ARM_GCC_541\Debug\MotorControlWithContainerFinal_Copy_02.a(Dir_2_5.o)
 .debug_frame   0x00000604       0x70 .\CortexM0\ARM_GCC_541\Debug\MotorControlWithContainerFinal_Copy_02.a(Dir_3_4.o)
 .debug_frame   0x00000674       0x30 .\CortexM0\ARM_GCC_541\Debug\MotorControlWithContainerFinal_Copy_02.a(Control_Reg_2.o)
 .debug_frame   0x000006a4       0x78 .\CortexM0\ARM_GCC_541\Debug\MotorControlWithContainerFinal_Copy_02.a(Status_Reg_1.o)
 .debug_frame   0x0000071c      0x3a0 .\CortexM0\ARM_GCC_541\Debug\MotorControlWithContainerFinal_Copy_02.a(PWM_Container.o)
 .debug_frame   0x00000abc       0xf8 .\CortexM0\ARM_GCC_541\Debug\MotorControlWithContainerFinal_Copy_02.a(I2C.o)
 .debug_frame   0x00000bb4       0x58 .\CortexM0\ARM_GCC_541\Debug\MotorControlWithContainerFinal_Copy_02.a(I2C_I2C.o)
 .debug_frame   0x00000c0c      0x1e8 .\CortexM0\ARM_GCC_541\Debug\MotorControlWithContainerFinal_Copy_02.a(I2C_I2C_MASTER.o)
 .debug_frame   0x00000df4       0xe8 .\CortexM0\ARM_GCC_541\Debug\MotorControlWithContainerFinal_Copy_02.a(UART.o)
 .debug_frame   0x00000edc       0xf4 .\CortexM0\ARM_GCC_541\Debug\MotorControlWithContainerFinal_Copy_02.a(UART_UART.o)
 .debug_frame   0x00000fd0       0x70 .\CortexM0\ARM_GCC_541\Debug\MotorControlWithContainerFinal_Copy_02.a(I2C_sda.o)
 .debug_frame   0x00001040       0x70 .\CortexM0\ARM_GCC_541\Debug\MotorControlWithContainerFinal_Copy_02.a(I2C_scl.o)
 .debug_frame   0x000010b0      0x3e0 .\CortexM0\ARM_GCC_541\Debug\MotorControlWithContainerFinal_Copy_02.a(CyLib.o)
 .debug_frame   0x00001490      0x3a8 .\CortexM0\ARM_GCC_541\Debug\MotorControlWithContainerFinal_Copy_02.a(CyLFClk.o)
 .debug_frame   0x00001838      0x3a0 .\CortexM0\ARM_GCC_541\Debug\MotorControlWithContainerFinal_Copy_02.a(PWM_RED.o)
 .debug_frame   0x00001bd8      0x3a0 .\CortexM0\ARM_GCC_541\Debug\MotorControlWithContainerFinal_Copy_02.a(PWM_BLUE.o)
 .debug_frame   0x00001f78      0x3a0 .\CortexM0\ARM_GCC_541\Debug\MotorControlWithContainerFinal_Copy_02.a(PWM_GREEN.o)
 .debug_frame   0x00002318       0x9c .\CortexM0\ARM_GCC_541\Debug\MotorControlWithContainerFinal_Copy_02.a(NeoPixel_sled.o)
 .debug_frame   0x000023b4       0x70 .\CortexM0\ARM_GCC_541\Debug\MotorControlWithContainerFinal_Copy_02.a(SW.o)
 .debug_frame   0x00002424      0x110 .\CortexM0\ARM_GCC_541\Debug\MotorControlWithContainerFinal_Copy_02.a(isr_SW.o)
 .debug_frame   0x00002534       0x2c .\CortexM0\ARM_GCC_541\Debug\MotorControlWithContainerFinal_Copy_02.a(I2C_I2C_INT.o)
 .debug_frame   0x00002560       0xb0 .\CortexM0\ARM_GCC_541\Debug\MotorControlWithContainerFinal_Copy_02.a(UART_SPI_UART.o)
 .debug_frame   0x00002610       0x20 c:/program files (x86)/cypress/psoc creator/4.4/psoc creator/import/gnu/arm/5.4.1/bin/../lib/gcc/arm-none-eabi/5.4.1/armv6-m\libgcc.a(_udivsi3.o)
 .debug_frame   0x00002630       0x20 c:/program files (x86)/cypress/psoc creator/4.4/psoc creator/import/gnu/arm/5.4.1/bin/../lib/gcc/arm-none-eabi/5.4.1/armv6-m\libgcc.a(_divsi3.o)
 .debug_frame   0x00002650       0x3c c:/program files (x86)/cypress/psoc creator/4.4/psoc creator/import/gnu/arm/5.4.1/bin/../lib/gcc/arm-none-eabi/5.4.1/armv6-m\libgcc.a(divsf3.o)
 .debug_frame   0x0000268c       0x2c c:/program files (x86)/cypress/psoc creator/4.4/psoc creator/import/gnu/arm/5.4.1/bin/../lib/gcc/arm-none-eabi/5.4.1/armv6-m\libgcc.a(floatunsisf.o)
 .debug_frame   0x000026b8       0x3c c:/program files (x86)/cypress/psoc creator/4.4/psoc creator/import/gnu/arm/5.4.1/bin/../lib/gcc/arm-none-eabi/5.4.1/armv6-m\libgcc.a(muldf3.o)
 .debug_frame   0x000026f4       0x2c c:/program files (x86)/cypress/psoc creator/4.4/psoc creator/import/gnu/arm/5.4.1/bin/../lib/gcc/arm-none-eabi/5.4.1/armv6-m\libgcc.a(fixdfsi.o)
 .debug_frame   0x00002720       0x2c c:/program files (x86)/cypress/psoc creator/4.4/psoc creator/import/gnu/arm/5.4.1/bin/../lib/gcc/arm-none-eabi/5.4.1/armv6-m\libgcc.a(extendsfdf2.o)
 .debug_frame   0x0000274c       0x20 c:/program files (x86)/cypress/psoc creator/4.4/psoc creator/import/gnu/arm/5.4.1/bin/../lib/gcc/arm-none-eabi/5.4.1/../../../../arm-none-eabi/lib/armv6-m\libg_nano.a(lib_a-errno.o)
 .debug_frame   0x0000276c       0x28 c:/program files (x86)/cypress/psoc creator/4.4/psoc creator/import/gnu/arm/5.4.1/bin/../lib/gcc/arm-none-eabi/5.4.1/../../../../arm-none-eabi/lib/armv6-m\libg_nano.a(lib_a-exit.o)
 .debug_frame   0x00002794       0x2c c:/program files (x86)/cypress/psoc creator/4.4/psoc creator/import/gnu/arm/5.4.1/bin/../lib/gcc/arm-none-eabi/5.4.1/../../../../arm-none-eabi/lib/armv6-m\libg_nano.a(lib_a-init.o)
 .debug_frame   0x000027c0       0x28 c:/program files (x86)/cypress/psoc creator/4.4/psoc creator/import/gnu/arm/5.4.1/bin/../lib/gcc/arm-none-eabi/5.4.1/../../../../arm-none-eabi/lib/armv6-m\libg_nano.a(lib_a-memcpy-stub.o)
 .debug_frame   0x000027e8       0x20 c:/program files (x86)/cypress/psoc creator/4.4/psoc creator/import/gnu/arm/5.4.1/bin/../lib/gcc/arm-none-eabi/5.4.1/../../../../arm-none-eabi/lib/armv6-m\libg_nano.a(lib_a-memset.o)
 .debug_frame   0x00002808       0x50 c:/program files (x86)/cypress/psoc creator/4.4/psoc creator/import/gnu/arm/5.4.1/bin/../lib/gcc/arm-none-eabi/5.4.1/../../../../arm-none-eabi/lib/armv6-m\libg_nano.a(lib_a-sprintf.o)
 .debug_frame   0x00002858       0x74 c:/program files (x86)/cypress/psoc creator/4.4/psoc creator/import/gnu/arm/5.4.1/bin/../lib/gcc/arm-none-eabi/5.4.1/../../../../arm-none-eabi/lib/armv6-m\libg_nano.a(lib_a-nano-svfprintf.o)
 .debug_frame   0x000028cc       0x54 c:/program files (x86)/cypress/psoc creator/4.4/psoc creator/import/gnu/arm/5.4.1/bin/../lib/gcc/arm-none-eabi/5.4.1/../../../../arm-none-eabi/lib/armv6-m\libg_nano.a(lib_a-nano-vfprintf_i.o)
 .debug_frame   0x00002920       0x20 c:/program files (x86)/cypress/psoc creator/4.4/psoc creator/import/gnu/arm/5.4.1/bin/../lib/gcc/arm-none-eabi/5.4.1/../../../../arm-none-eabi/lib/armv6-m\libg_nano.a(lib_a-memchr-stub.o)
 .debug_frame   0x00002940       0x28 c:/program files (x86)/cypress/psoc creator/4.4/psoc creator/import/gnu/arm/5.4.1/bin/../lib/gcc/arm-none-eabi/5.4.1/../../../../arm-none-eabi/lib/armv6-m\libg_nano.a(lib_a-memmove.o)
 .debug_frame   0x00002968       0x2c c:/program files (x86)/cypress/psoc creator/4.4/psoc creator/import/gnu/arm/5.4.1/bin/../lib/gcc/arm-none-eabi/5.4.1/../../../../arm-none-eabi/lib/armv6-m\libg_nano.a(lib_a-nano-freer.o)
 .debug_frame   0x00002994       0x2c c:/program files (x86)/cypress/psoc creator/4.4/psoc creator/import/gnu/arm/5.4.1/bin/../lib/gcc/arm-none-eabi/5.4.1/../../../../arm-none-eabi/lib/armv6-m\libg_nano.a(lib_a-nano-mallocr.o)
 .debug_frame   0x000029c0       0x30 c:/program files (x86)/cypress/psoc creator/4.4/psoc creator/import/gnu/arm/5.4.1/bin/../lib/gcc/arm-none-eabi/5.4.1/../../../../arm-none-eabi/lib/armv6-m\libg_nano.a(lib_a-nano-reallocr.o)
 .debug_frame   0x000029f0       0x2c c:/program files (x86)/cypress/psoc creator/4.4/psoc creator/import/gnu/arm/5.4.1/bin/../lib/gcc/arm-none-eabi/5.4.1/../../../../arm-none-eabi/lib/armv6-m\libg_nano.a(lib_a-sbrkr.o)
 .debug_frame   0x00002a1c       0x30 c:/program files (x86)/cypress/psoc creator/4.4/psoc creator/import/gnu/arm/5.4.1/bin/../lib/gcc/arm-none-eabi/5.4.1/../../../../arm-none-eabi/lib/armv6-m\libg_nano.a(lib_a-mlock.o)
 .debug_frame   0x00002a4c       0x20 c:/program files (x86)/cypress/psoc creator/4.4/psoc creator/import/gnu/arm/5.4.1/bin/../lib/gcc/arm-none-eabi/5.4.1/../../../../arm-none-eabi/lib/armv6-m\libg_nano.a(lib_a-nano-msizer.o)
 .debug_frame   0x00002a6c       0x48 c:/program files (x86)/cypress/psoc creator/4.4/psoc creator/import/gnu/arm/5.4.1/bin/../lib/gcc/arm-none-eabi/5.4.1/../../../../arm-none-eabi/lib/armv6-m\libg_nano.a(lib_a-reent.o)

.debug_str      0x00000000     0x316f
 *(.debug_str)
 .debug_str     0x00000000      0x40b .\CortexM0\ARM_GCC_541\Debug\main.o
                                0x46a (size before relaxing)
 .debug_str     0x0000040b       0x1b .\CortexM0\ARM_GCC_541\Debug\utils.o
                                0x1b0 (size before relaxing)
 .debug_str     0x00000426      0x338 .\CortexM0\ARM_GCC_541\Debug\tcs34725.o
                                0x5e8 (size before relaxing)
 .debug_str     0x0000075e       0x77 .\CortexM0\ARM_GCC_541\Debug\learn_color.o
                                0x337 (size before relaxing)
 .debug_str     0x000007d5      0x113 .\CortexM0\ARM_GCC_541\Debug\cyfitter_cfg.o
                                0x2d9 (size before relaxing)
 .debug_str     0x000008e8       0x59 .\CortexM0\ARM_GCC_541\Debug\cymetadata.o
                                0x1dc (size before relaxing)
 .debug_str     0x00000941      0x135 .\CortexM0\ARM_GCC_541\Debug\Cm0Start.o
                                0x315 (size before relaxing)
 .debug_str     0x00000a76       0xb1 .\CortexM0\ARM_GCC_541\Debug\MotorControlWithContainerFinal_Copy_02.a(Clock.o)
                                0x251 (size before relaxing)
 .debug_str     0x00000b27       0x42 .\CortexM0\ARM_GCC_541\Debug\MotorControlWithContainerFinal_Copy_02.a(Control_Reg_1.o)
                                0x1db (size before relaxing)
 .debug_str     0x00000b69       0xa4 .\CortexM0\ARM_GCC_541\Debug\MotorControlWithContainerFinal_Copy_02.a(Dir_1.o)
                                0x24a (size before relaxing)
 .debug_str     0x00000c0d       0x87 .\CortexM0\ARM_GCC_541\Debug\MotorControlWithContainerFinal_Copy_02.a(Dir_2_5.o)
                                0x258 (size before relaxing)
 .debug_str     0x00000c94       0x87 .\CortexM0\ARM_GCC_541\Debug\MotorControlWithContainerFinal_Copy_02.a(Dir_3_4.o)
                                0x258 (size before relaxing)
 .debug_str     0x00000d1b       0x3a .\CortexM0\ARM_GCC_541\Debug\MotorControlWithContainerFinal_Copy_02.a(Control_Reg_2.o)
                                0x1db (size before relaxing)
 .debug_str     0x00000d55       0xcf .\CortexM0\ARM_GCC_541\Debug\MotorControlWithContainerFinal_Copy_02.a(Status_Reg_1.o)
                                0x27b (size before relaxing)
 .debug_str     0x00000e24      0x4f4 .\CortexM0\ARM_GCC_541\Debug\MotorControlWithContainerFinal_Copy_02.a(PWM_Container.o)
                                0x715 (size before relaxing)
 .debug_str     0x00001318      0x135 .\CortexM0\ARM_GCC_541\Debug\MotorControlWithContainerFinal_Copy_02.a(I2C.o)
                                0x2ed (size before relaxing)
 .debug_str     0x0000144d       0x85 .\CortexM0\ARM_GCC_541\Debug\MotorControlWithContainerFinal_Copy_02.a(I2C_I2C.o)
                                0x262 (size before relaxing)
 .debug_str     0x000014d2      0x285 .\CortexM0\ARM_GCC_541\Debug\MotorControlWithContainerFinal_Copy_02.a(I2C_I2C_MASTER.o)
                                0x500 (size before relaxing)
 .debug_str     0x00001757       0xf7 .\CortexM0\ARM_GCC_541\Debug\MotorControlWithContainerFinal_Copy_02.a(UART.o)
                                0x2c7 (size before relaxing)
 .debug_str     0x0000184e      0x152 .\CortexM0\ARM_GCC_541\Debug\MotorControlWithContainerFinal_Copy_02.a(UART_UART.o)
                                0x350 (size before relaxing)
 .debug_str     0x000019a0       0x88 .\CortexM0\ARM_GCC_541\Debug\MotorControlWithContainerFinal_Copy_02.a(I2C_sda.o)
                                0x258 (size before relaxing)
 .debug_str     0x00001a28       0x7a .\CortexM0\ARM_GCC_541\Debug\MotorControlWithContainerFinal_Copy_02.a(I2C_scl.o)
                                0x258 (size before relaxing)
 .debug_str     0x00001aa2      0x440 .\CortexM0\ARM_GCC_541\Debug\MotorControlWithContainerFinal_Copy_02.a(CyLib.o)
                                0x6ca (size before relaxing)
 .debug_str     0x00001ee2      0x52b .\CortexM0\ARM_GCC_541\Debug\MotorControlWithContainerFinal_Copy_02.a(CyLFClk.o)
                                0x751 (size before relaxing)
 .debug_str     0x0000240d      0x358 .\CortexM0\ARM_GCC_541\Debug\MotorControlWithContainerFinal_Copy_02.a(PWM_RED.o)
                                0x619 (size before relaxing)
 .debug_str     0x00002765      0x380 .\CortexM0\ARM_GCC_541\Debug\MotorControlWithContainerFinal_Copy_02.a(PWM_BLUE.o)
                                0x643 (size before relaxing)
 .debug_str     0x00002ae5      0x3a8 .\CortexM0\ARM_GCC_541\Debug\MotorControlWithContainerFinal_Copy_02.a(PWM_GREEN.o)
                                0x66d (size before relaxing)
 .debug_str     0x00002e8d       0x64 .\CortexM0\ARM_GCC_541\Debug\MotorControlWithContainerFinal_Copy_02.a(NeoPixel_sled.o)
                                0x251 (size before relaxing)
 .debug_str     0x00002ef1       0x60 .\CortexM0\ARM_GCC_541\Debug\MotorControlWithContainerFinal_Copy_02.a(SW.o)
                                0x235 (size before relaxing)
 .debug_str     0x00002f51       0xf4 .\CortexM0\ARM_GCC_541\Debug\MotorControlWithContainerFinal_Copy_02.a(isr_SW.o)
                                0x30c (size before relaxing)
 .debug_str     0x00003045       0x47 .\CortexM0\ARM_GCC_541\Debug\MotorControlWithContainerFinal_Copy_02.a(I2C_I2C_INT.o)
                                0x2d2 (size before relaxing)
 .debug_str     0x0000308c       0xe3 .\CortexM0\ARM_GCC_541\Debug\MotorControlWithContainerFinal_Copy_02.a(UART_SPI_UART.o)
                                0x2e2 (size before relaxing)

.debug_loc      0x00000000     0x446d
 *(.debug_loc)
 .debug_loc     0x00000000       0xd3 .\CortexM0\ARM_GCC_541\Debug\main.o
 .debug_loc     0x000000d3       0x21 .\CortexM0\ARM_GCC_541\Debug\utils.o
 .debug_loc     0x000000f4      0x542 .\CortexM0\ARM_GCC_541\Debug\tcs34725.o
 .debug_loc     0x00000636      0x301 .\CortexM0\ARM_GCC_541\Debug\learn_color.o
 .debug_loc     0x00000937      0x118 .\CortexM0\ARM_GCC_541\Debug\cyfitter_cfg.o
 .debug_loc     0x00000a4f      0x14f .\CortexM0\ARM_GCC_541\Debug\Cm0Start.o
 .debug_loc     0x00000b9e       0x13 .\CortexM0\ARM_GCC_541\Debug\MotorControlWithContainerFinal_Copy_02.a(Clock.o)
 .debug_loc     0x00000bb1       0xa2 .\CortexM0\ARM_GCC_541\Debug\MotorControlWithContainerFinal_Copy_02.a(Dir_1.o)
 .debug_loc     0x00000c53       0x81 .\CortexM0\ARM_GCC_541\Debug\MotorControlWithContainerFinal_Copy_02.a(Dir_2_5.o)
 .debug_loc     0x00000cd4       0xa2 .\CortexM0\ARM_GCC_541\Debug\MotorControlWithContainerFinal_Copy_02.a(Dir_3_4.o)
 .debug_loc     0x00000d76       0x44 .\CortexM0\ARM_GCC_541\Debug\MotorControlWithContainerFinal_Copy_02.a(Status_Reg_1.o)
 .debug_loc     0x00000dba      0x547 .\CortexM0\ARM_GCC_541\Debug\MotorControlWithContainerFinal_Copy_02.a(PWM_Container.o)
 .debug_loc     0x00001301       0x7e .\CortexM0\ARM_GCC_541\Debug\MotorControlWithContainerFinal_Copy_02.a(I2C.o)
 .debug_loc     0x0000137f      0xa90 .\CortexM0\ARM_GCC_541\Debug\MotorControlWithContainerFinal_Copy_02.a(I2C_I2C_MASTER.o)
 .debug_loc     0x00001e0f       0x7e .\CortexM0\ARM_GCC_541\Debug\MotorControlWithContainerFinal_Copy_02.a(UART.o)
 .debug_loc     0x00001e8d      0x1e4 .\CortexM0\ARM_GCC_541\Debug\MotorControlWithContainerFinal_Copy_02.a(UART_UART.o)
 .debug_loc     0x00002071       0xa2 .\CortexM0\ARM_GCC_541\Debug\MotorControlWithContainerFinal_Copy_02.a(I2C_sda.o)
 .debug_loc     0x00002113       0x81 .\CortexM0\ARM_GCC_541\Debug\MotorControlWithContainerFinal_Copy_02.a(I2C_scl.o)
 .debug_loc     0x00002194      0x599 .\CortexM0\ARM_GCC_541\Debug\MotorControlWithContainerFinal_Copy_02.a(CyLib.o)
 .debug_loc     0x0000272d      0x9b5 .\CortexM0\ARM_GCC_541\Debug\MotorControlWithContainerFinal_Copy_02.a(CyLFClk.o)
 .debug_loc     0x000030e2      0x547 .\CortexM0\ARM_GCC_541\Debug\MotorControlWithContainerFinal_Copy_02.a(PWM_RED.o)
 .debug_loc     0x00003629      0x547 .\CortexM0\ARM_GCC_541\Debug\MotorControlWithContainerFinal_Copy_02.a(PWM_BLUE.o)
 .debug_loc     0x00003b70      0x547 .\CortexM0\ARM_GCC_541\Debug\MotorControlWithContainerFinal_Copy_02.a(PWM_GREEN.o)
 .debug_loc     0x000040b7       0xf0 .\CortexM0\ARM_GCC_541\Debug\MotorControlWithContainerFinal_Copy_02.a(NeoPixel_sled.o)
 .debug_loc     0x000041a7       0xa2 .\CortexM0\ARM_GCC_541\Debug\MotorControlWithContainerFinal_Copy_02.a(SW.o)
 .debug_loc     0x00004249       0x82 .\CortexM0\ARM_GCC_541\Debug\MotorControlWithContainerFinal_Copy_02.a(isr_SW.o)
 .debug_loc     0x000042cb      0x10c .\CortexM0\ARM_GCC_541\Debug\MotorControlWithContainerFinal_Copy_02.a(I2C_I2C_INT.o)
 .debug_loc     0x000043d7       0x96 .\CortexM0\ARM_GCC_541\Debug\MotorControlWithContainerFinal_Copy_02.a(UART_SPI_UART.o)

.debug_macinfo
 *(.debug_macinfo)

.debug_ranges   0x00000000      0xdd0
 *(.debug_ranges)
 .debug_ranges  0x00000000       0x30 .\CortexM0\ARM_GCC_541\Debug\main.o
 .debug_ranges  0x00000030       0x10 .\CortexM0\ARM_GCC_541\Debug\utils.o
 .debug_ranges  0x00000040       0x80 .\CortexM0\ARM_GCC_541\Debug\tcs34725.o
 .debug_ranges  0x000000c0       0x70 .\CortexM0\ARM_GCC_541\Debug\learn_color.o
 .debug_ranges  0x00000130       0x28 .\CortexM0\ARM_GCC_541\Debug\cyfitter_cfg.o
 .debug_ranges  0x00000158       0x38 .\CortexM0\ARM_GCC_541\Debug\Cm0Start.o
 .debug_ranges  0x00000190       0x30 .\CortexM0\ARM_GCC_541\Debug\MotorControlWithContainerFinal_Copy_02.a(Clock.o)
 .debug_ranges  0x000001c0       0x18 .\CortexM0\ARM_GCC_541\Debug\MotorControlWithContainerFinal_Copy_02.a(Control_Reg_1.o)
 .debug_ranges  0x000001d8       0x38 .\CortexM0\ARM_GCC_541\Debug\MotorControlWithContainerFinal_Copy_02.a(Dir_1.o)
 .debug_ranges  0x00000210       0x38 .\CortexM0\ARM_GCC_541\Debug\MotorControlWithContainerFinal_Copy_02.a(Dir_2_5.o)
 .debug_ranges  0x00000248       0x38 .\CortexM0\ARM_GCC_541\Debug\MotorControlWithContainerFinal_Copy_02.a(Dir_3_4.o)
 .debug_ranges  0x00000280       0x18 .\CortexM0\ARM_GCC_541\Debug\MotorControlWithContainerFinal_Copy_02.a(Control_Reg_2.o)
 .debug_ranges  0x00000298       0x30 .\CortexM0\ARM_GCC_541\Debug\MotorControlWithContainerFinal_Copy_02.a(Status_Reg_1.o)
 .debug_ranges  0x000002c8      0x148 .\CortexM0\ARM_GCC_541\Debug\MotorControlWithContainerFinal_Copy_02.a(PWM_Container.o)
 .debug_ranges  0x00000410       0x58 .\CortexM0\ARM_GCC_541\Debug\MotorControlWithContainerFinal_Copy_02.a(I2C.o)
 .debug_ranges  0x00000468       0x20 .\CortexM0\ARM_GCC_541\Debug\MotorControlWithContainerFinal_Copy_02.a(I2C_I2C.o)
 .debug_ranges  0x00000488       0x88 .\CortexM0\ARM_GCC_541\Debug\MotorControlWithContainerFinal_Copy_02.a(I2C_I2C_MASTER.o)
 .debug_ranges  0x00000510       0x50 .\CortexM0\ARM_GCC_541\Debug\MotorControlWithContainerFinal_Copy_02.a(UART.o)
 .debug_ranges  0x00000560       0x58 .\CortexM0\ARM_GCC_541\Debug\MotorControlWithContainerFinal_Copy_02.a(UART_UART.o)
 .debug_ranges  0x000005b8       0x38 .\CortexM0\ARM_GCC_541\Debug\MotorControlWithContainerFinal_Copy_02.a(I2C_sda.o)
 .debug_ranges  0x000005f0       0x38 .\CortexM0\ARM_GCC_541\Debug\MotorControlWithContainerFinal_Copy_02.a(I2C_scl.o)
 .debug_ranges  0x00000628      0x170 .\CortexM0\ARM_GCC_541\Debug\MotorControlWithContainerFinal_Copy_02.a(CyLib.o)
 .debug_ranges  0x00000798      0x128 .\CortexM0\ARM_GCC_541\Debug\MotorControlWithContainerFinal_Copy_02.a(CyLFClk.o)
 .debug_ranges  0x000008c0      0x148 .\CortexM0\ARM_GCC_541\Debug\MotorControlWithContainerFinal_Copy_02.a(PWM_RED.o)
 .debug_ranges  0x00000a08      0x148 .\CortexM0\ARM_GCC_541\Debug\MotorControlWithContainerFinal_Copy_02.a(PWM_BLUE.o)
 .debug_ranges  0x00000b50      0x148 .\CortexM0\ARM_GCC_541\Debug\MotorControlWithContainerFinal_Copy_02.a(PWM_GREEN.o)
 .debug_ranges  0x00000c98       0x30 .\CortexM0\ARM_GCC_541\Debug\MotorControlWithContainerFinal_Copy_02.a(NeoPixel_sled.o)
 .debug_ranges  0x00000cc8       0x38 .\CortexM0\ARM_GCC_541\Debug\MotorControlWithContainerFinal_Copy_02.a(SW.o)
 .debug_ranges  0x00000d00       0x70 .\CortexM0\ARM_GCC_541\Debug\MotorControlWithContainerFinal_Copy_02.a(isr_SW.o)
 .debug_ranges  0x00000d70       0x10 .\CortexM0\ARM_GCC_541\Debug\MotorControlWithContainerFinal_Copy_02.a(I2C_I2C_INT.o)
 .debug_ranges  0x00000d80       0x50 .\CortexM0\ARM_GCC_541\Debug\MotorControlWithContainerFinal_Copy_02.a(UART_SPI_UART.o)

.comment        0x00000000       0x6e
 .comment       0x00000000       0x6e .\CortexM0\ARM_GCC_541\Debug\main.o
                                 0x6f (size before relaxing)
 .comment       0x0000006e       0x6f .\CortexM0\ARM_GCC_541\Debug\utils.o
 .comment       0x0000006e       0x6f .\CortexM0\ARM_GCC_541\Debug\tcs34725.o
 .comment       0x0000006e       0x6f .\CortexM0\ARM_GCC_541\Debug\learn_color.o
 .comment       0x0000006e       0x6f .\CortexM0\ARM_GCC_541\Debug\cyfitter_cfg.o
 .comment       0x0000006e       0x6f .\CortexM0\ARM_GCC_541\Debug\cymetadata.o
 .comment       0x0000006e       0x6f .\CortexM0\ARM_GCC_541\Debug\Cm0Start.o
 .comment       0x0000006e       0x6f .\CortexM0\ARM_GCC_541\Debug\MotorControlWithContainerFinal_Copy_02.a(Clock.o)
 .comment       0x0000006e       0x6f .\CortexM0\ARM_GCC_541\Debug\MotorControlWithContainerFinal_Copy_02.a(Control_Reg_1.o)
 .comment       0x0000006e       0x6f .\CortexM0\ARM_GCC_541\Debug\MotorControlWithContainerFinal_Copy_02.a(Dir_1.o)
 .comment       0x0000006e       0x6f .\CortexM0\ARM_GCC_541\Debug\MotorControlWithContainerFinal_Copy_02.a(Dir_2_5.o)
 .comment       0x0000006e       0x6f .\CortexM0\ARM_GCC_541\Debug\MotorControlWithContainerFinal_Copy_02.a(Dir_3_4.o)
 .comment       0x0000006e       0x6f .\CortexM0\ARM_GCC_541\Debug\MotorControlWithContainerFinal_Copy_02.a(Control_Reg_2.o)
 .comment       0x0000006e       0x6f .\CortexM0\ARM_GCC_541\Debug\MotorControlWithContainerFinal_Copy_02.a(Status_Reg_1.o)
 .comment       0x0000006e       0x6f .\CortexM0\ARM_GCC_541\Debug\MotorControlWithContainerFinal_Copy_02.a(PWM_Container.o)
 .comment       0x0000006e       0x6f .\CortexM0\ARM_GCC_541\Debug\MotorControlWithContainerFinal_Copy_02.a(I2C.o)
 .comment       0x0000006e       0x6f .\CortexM0\ARM_GCC_541\Debug\MotorControlWithContainerFinal_Copy_02.a(I2C_I2C.o)
 .comment       0x0000006e       0x6f .\CortexM0\ARM_GCC_541\Debug\MotorControlWithContainerFinal_Copy_02.a(I2C_I2C_MASTER.o)
 .comment       0x0000006e       0x6f .\CortexM0\ARM_GCC_541\Debug\MotorControlWithContainerFinal_Copy_02.a(UART.o)
 .comment       0x0000006e       0x6f .\CortexM0\ARM_GCC_541\Debug\MotorControlWithContainerFinal_Copy_02.a(UART_UART.o)
 .comment       0x0000006e       0x6f .\CortexM0\ARM_GCC_541\Debug\MotorControlWithContainerFinal_Copy_02.a(I2C_sda.o)
 .comment       0x0000006e       0x6f .\CortexM0\ARM_GCC_541\Debug\MotorControlWithContainerFinal_Copy_02.a(I2C_scl.o)
 .comment       0x0000006e       0x6f .\CortexM0\ARM_GCC_541\Debug\MotorControlWithContainerFinal_Copy_02.a(CyLib.o)
 .comment       0x0000006e       0x6f .\CortexM0\ARM_GCC_541\Debug\MotorControlWithContainerFinal_Copy_02.a(CyLFClk.o)
 .comment       0x0000006e       0x6f .\CortexM0\ARM_GCC_541\Debug\MotorControlWithContainerFinal_Copy_02.a(PWM_RED.o)
 .comment       0x0000006e       0x6f .\CortexM0\ARM_GCC_541\Debug\MotorControlWithContainerFinal_Copy_02.a(PWM_BLUE.o)
 .comment       0x0000006e       0x6f .\CortexM0\ARM_GCC_541\Debug\MotorControlWithContainerFinal_Copy_02.a(PWM_GREEN.o)
 .comment       0x0000006e       0x6f .\CortexM0\ARM_GCC_541\Debug\MotorControlWithContainerFinal_Copy_02.a(NeoPixel_sled.o)
 .comment       0x0000006e       0x6f .\CortexM0\ARM_GCC_541\Debug\MotorControlWithContainerFinal_Copy_02.a(SW.o)
 .comment       0x0000006e       0x6f .\CortexM0\ARM_GCC_541\Debug\MotorControlWithContainerFinal_Copy_02.a(isr_SW.o)
 .comment       0x0000006e       0x6f .\CortexM0\ARM_GCC_541\Debug\MotorControlWithContainerFinal_Copy_02.a(I2C_I2C_INT.o)
 .comment       0x0000006e       0x6f .\CortexM0\ARM_GCC_541\Debug\MotorControlWithContainerFinal_Copy_02.a(UART_SPI_UART.o)

.debug_weaknames
 *(.debug_weaknames)

.debug_funcnames
 *(.debug_funcnames)

.debug_typenames
 *(.debug_typenames)

.debug_varnames
 *(.debug_varnames)

.note.gnu.arm.ident
 *(.note.gnu.arm.ident)

.ARM.attributes
                0x00000000       0x28
 *(.ARM.attributes)
 .ARM.attributes
                0x00000000       0x1e c:/program files (x86)/cypress/psoc creator/4.4/psoc creator/import/gnu/arm/5.4.1/bin/../lib/gcc/arm-none-eabi/5.4.1/armv6-m/crti.o
 .ARM.attributes
                0x0000001e       0x2c c:/program files (x86)/cypress/psoc creator/4.4/psoc creator/import/gnu/arm/5.4.1/bin/../lib/gcc/arm-none-eabi/5.4.1/armv6-m/crtbegin.o
 .ARM.attributes
                0x0000004a       0x1b c:/program files (x86)/cypress/psoc creator/4.4/psoc creator/import/gnu/arm/5.4.1/bin/../lib/gcc/arm-none-eabi/5.4.1/../../../../arm-none-eabi/lib/armv6-m/crt0.o
 .ARM.attributes
                0x00000065       0x31 .\CortexM0\ARM_GCC_541\Debug\main.o
 .ARM.attributes
                0x00000096       0x31 .\CortexM0\ARM_GCC_541\Debug\utils.o
 .ARM.attributes
                0x000000c7       0x31 .\CortexM0\ARM_GCC_541\Debug\tcs34725.o
 .ARM.attributes
                0x000000f8       0x31 .\CortexM0\ARM_GCC_541\Debug\learn_color.o
 .ARM.attributes
                0x00000129       0x31 .\CortexM0\ARM_GCC_541\Debug\cyfitter_cfg.o
 .ARM.attributes
                0x0000015a       0x31 .\CortexM0\ARM_GCC_541\Debug\cymetadata.o
 .ARM.attributes
                0x0000018b       0x31 .\CortexM0\ARM_GCC_541\Debug\Cm0Start.o
 .ARM.attributes
                0x000001bc       0x31 .\CortexM0\ARM_GCC_541\Debug\MotorControlWithContainerFinal_Copy_02.a(Clock.o)
 .ARM.attributes