Archive member included to satisfy reference by file (symbol)

.\CortexM0\ARM_GCC_541\Debug\MandMs-sorting.a(Clock.o)
                              .\CortexM0\ARM_GCC_541\Debug\main.o (Clock_Start)
.\CortexM0\ARM_GCC_541\Debug\MandMs-sorting.a(Control_Reg_1.o)
                              .\CortexM0\ARM_GCC_541\Debug\main.o (Control_Reg_1_Write)
.\CortexM0\ARM_GCC_541\Debug\MandMs-sorting.a(Dir_1.o)
                              .\CortexM0\ARM_GCC_541\Debug\main.o (Dir_1_Write)
.\CortexM0\ARM_GCC_541\Debug\MandMs-sorting.a(Dir_2_5.o)
                              .\CortexM0\ARM_GCC_541\Debug\main.o (Dir_2_5_Write)
.\CortexM0\ARM_GCC_541\Debug\MandMs-sorting.a(Dir_3_4.o)
                              .\CortexM0\ARM_GCC_541\Debug\main.o (Dir_3_4_Write)
.\CortexM0\ARM_GCC_541\Debug\MandMs-sorting.a(Control_Reg_2.o)
                              .\CortexM0\ARM_GCC_541\Debug\main.o (Control_Reg_2_Write)
.\CortexM0\ARM_GCC_541\Debug\MandMs-sorting.a(Status_Reg_1.o)
                              .\CortexM0\ARM_GCC_541\Debug\main.o (Status_Reg_1_Read)
.\CortexM0\ARM_GCC_541\Debug\MandMs-sorting.a(PWM_Container.o)
                              .\CortexM0\ARM_GCC_541\Debug\main.o (PWM_Container_Stop)
.\CortexM0\ARM_GCC_541\Debug\MandMs-sorting.a(I2C.o)
                              .\CortexM0\ARM_GCC_541\Debug\main.o (I2C_Start)
.\CortexM0\ARM_GCC_541\Debug\MandMs-sorting.a(I2C_I2C.o)
                              .\CortexM0\ARM_GCC_541\Debug\MandMs-sorting.a(I2C.o) (I2C_I2CInit)
.\CortexM0\ARM_GCC_541\Debug\MandMs-sorting.a(I2C_I2C_MASTER.o)
                              .\CortexM0\ARM_GCC_541\Debug\tcs34725.o (I2C_I2CMasterSendStart)
.\CortexM0\ARM_GCC_541\Debug\MandMs-sorting.a(UART.o)
                              .\CortexM0\ARM_GCC_541\Debug\main.o (UART_Start)
.\CortexM0\ARM_GCC_541\Debug\MandMs-sorting.a(UART_UART.o)
                              .\CortexM0\ARM_GCC_541\Debug\MandMs-sorting.a(UART.o) (UART_UartInit)
.\CortexM0\ARM_GCC_541\Debug\MandMs-sorting.a(I2C_sda.o)
                              .\CortexM0\ARM_GCC_541\Debug\MandMs-sorting.a(I2C_I2C_MASTER.o) (I2C_sda_Read)
.\CortexM0\ARM_GCC_541\Debug\MandMs-sorting.a(I2C_scl.o)
                              .\CortexM0\ARM_GCC_541\Debug\MandMs-sorting.a(I2C_I2C_MASTER.o) (I2C_scl_Write)
.\CortexM0\ARM_GCC_541\Debug\MandMs-sorting.a(CyLib.o)
                              .\CortexM0\ARM_GCC_541\Debug\cyfitter_cfg.o (CyIntEnable)
.\CortexM0\ARM_GCC_541\Debug\MandMs-sorting.a(CyLFClk.o)
                              .\CortexM0\ARM_GCC_541\Debug\cyfitter_cfg.o (CySysWdtIsr)
.\CortexM0\ARM_GCC_541\Debug\MandMs-sorting.a(PWM_RED.o)
                              .\CortexM0\ARM_GCC_541\Debug\tcs34725.o (PWM_RED_WriteCompare)
.\CortexM0\ARM_GCC_541\Debug\MandMs-sorting.a(PWM_BLUE.o)
                              .\CortexM0\ARM_GCC_541\Debug\tcs34725.o (PWM_BLUE_WriteCompare)
.\CortexM0\ARM_GCC_541\Debug\MandMs-sorting.a(PWM_GREEN.o)
                              .\CortexM0\ARM_GCC_541\Debug\tcs34725.o (PWM_GREEN_WriteCompare)
.\CortexM0\ARM_GCC_541\Debug\MandMs-sorting.a(SW.o)
                              .\CortexM0\ARM_GCC_541\Debug\main.o (SW_ClearInterrupt)
.\CortexM0\ARM_GCC_541\Debug\MandMs-sorting.a(isr_SW.o)
                              .\CortexM0\ARM_GCC_541\Debug\main.o (isr_SW_StartEx)
.\CortexM0\ARM_GCC_541\Debug\MandMs-sorting.a(SW_UpDown.o)
                              .\CortexM0\ARM_GCC_541\Debug\main.o (SW_UpDown_ClearInterrupt)
.\CortexM0\ARM_GCC_541\Debug\MandMs-sorting.a(isr_SW_UpDown.o)
                              .\CortexM0\ARM_GCC_541\Debug\main.o (isr_SW_UpDown_StartEx)
.\CortexM0\ARM_GCC_541\Debug\MandMs-sorting.a(ADC.o)
                              .\CortexM0\ARM_GCC_541\Debug\main.o (ADC_Start)
.\CortexM0\ARM_GCC_541\Debug\MandMs-sorting.a(ADC_INT.o)
                              .\CortexM0\ARM_GCC_541\Debug\MandMs-sorting.a(ADC.o) (ADC_ISR)
.\CortexM0\ARM_GCC_541\Debug\MandMs-sorting.a(CyBootAsmGnu.o)
                              .\CortexM0\ARM_GCC_541\Debug\MandMs-sorting.a(CyLib.o) (CyDelayCycles)
.\CortexM0\ARM_GCC_541\Debug\MandMs-sorting.a(I2C_I2C_INT.o)
                              .\CortexM0\ARM_GCC_541\Debug\MandMs-sorting.a(I2C_I2C.o) (I2C_I2C_ISR)
.\CortexM0\ARM_GCC_541\Debug\MandMs-sorting.a(UART_SPI_UART.o)
                              .\CortexM0\ARM_GCC_541\Debug\MandMs-sorting.a(UART_UART.o) (UART_SpiUartReadRxData)
c:/program files (x86)/cypress/psoc creator/4.4/psoc creator/import/gnu/arm/5.4.1/bin/../lib/gcc/arm-none-eabi/5.4.1/armv6-m\libgcc.a(_udivsi3.o)
                              .\CortexM0\ARM_GCC_541\Debug\MandMs-sorting.a(CyLib.o) (__aeabi_uidiv)
c:/program files (x86)/cypress/psoc creator/4.4/psoc creator/import/gnu/arm/5.4.1/bin/../lib/gcc/arm-none-eabi/5.4.1/armv6-m\libgcc.a(_divsi3.o)
                              .\CortexM0\ARM_GCC_541\Debug\tcs34725.o (__aeabi_idiv)
[...]
Memory Configuration

Name             Origin             Length             Attributes
rom              0x00000000         0x00008000         xr
ram              0x20000000         0x00001000         xrw
*default*        0x00000000         0xffffffff

Linker script and memory map

LOAD c:/program files (x86)/cypress/psoc creator/4.4/psoc creator/import/gnu/arm/5.4.1/bin/../lib/gcc/arm-none-eabi/5.4.1/armv6-m/crti.o
LOAD c:/program files (x86)/cypress/psoc creator/4.4/psoc creator/import/gnu/arm/5.4.1/bin/../lib/gcc/arm-none-eabi/5.4.1/armv6-m/crtbegin.o
LOAD c:/program files (x86)/cypress/psoc creator/4.4/psoc creator/import/gnu/arm/5.4.1/bin/../lib/gcc/arm-none-eabi/5.4.1/../../../../arm-none-eabi/lib/armv6-m/crt0.o
START GROUP
LOAD .\CortexM0\ARM_GCC_541\Debug\main.o
LOAD .\CortexM0\ARM_GCC_541\Debug\utils.o
LOAD .\CortexM0\ARM_GCC_541\Debug\tcs34725.o
LOAD .\CortexM0\ARM_GCC_541\Debug\learn_color.o
LOAD .\CortexM0\ARM_GCC_541\Debug\cyfitter_cfg.o
LOAD .\CortexM0\ARM_GCC_541\Debug\cymetadata.o
LOAD .\CortexM0\ARM_GCC_541\Debug\Cm0Start.o
LOAD .\CortexM0\ARM_GCC_541\Debug\MandMs-sorting.a
END GROUP
START GROUP
LOAD c:/program files (x86)/cypress/psoc creator/4.4/psoc creator/import/gnu/arm/5.4.1/bin/../lib/gcc/arm-none-eabi/5.4.1/armv6-m\libgcc.a
LOAD c:/program files (x86)/cypress/psoc creator/4.4/psoc creator/import/gnu/arm/5.4.1/bin/../lib/gcc/arm-none-eabi/5.4.1/../../../../arm-none-eabi/lib/armv6-m\libg_nano.a
LOAD c:/program files (x86)/cypress/psoc creator/4.4/psoc creator/import/gnu/arm/5.4.1/bin/../lib/gcc/arm-none-eabi/5.4.1/../../../../arm-none-eabi/lib/armv6-m\libc_nano.a
END GROUP
START GROUP
LOAD c:/program files (x86)/cypress/psoc creator/4.4/psoc creator/import/gnu/arm/5.4.1/bin/../lib/gcc/arm-none-eabi/5.4.1/armv6-m\libgcc.a
LOAD c:/program files (x86)/cypress/psoc creator/4.4/psoc creator/import/gnu/arm/5.4.1/bin/../lib/gcc/arm-none-eabi/5.4.1/../../../../arm-none-eabi/lib/armv6-m\libc_nano.a
END GROUP
LOAD c:/program files (x86)/cypress/psoc creator/4.4/psoc creator/import/gnu/arm/5.4.1/bin/../lib/gcc/arm-none-eabi/5.4.1/armv6-m/crtend.o
LOAD c:/program files (x86)/cypress/psoc creator/4.4/psoc creator/import/gnu/arm/5.4.1/bin/../lib/gcc/arm-none-eabi/5.4.1/armv6-m/crtn.o
START GROUP
LOAD c:/program files (x86)/cypress/psoc creator/4.4/psoc creator/import/gnu/arm/5.4.1/bin/../lib/gcc/arm-none-eabi/5.4.1/armv6-m\libgcc.a
LOAD c:/program files (x86)/cypress/psoc creator/4.4/psoc creator/import/gnu/arm/5.4.1/bin/../lib/gcc/arm-none-eabi/5.4.1/../../../../arm-none-eabi/lib/armv6-m\libc.a
LOAD c:/program files (x86)/cypress/psoc creator/4.4/psoc creator/import/gnu/arm/5.4.1/bin/../lib/gcc/arm-none-eabi/5.4.1/../../../../arm-none-eabi/lib/armv6-m\libnosys.a
END GROUP
                0x00000000                CY_APPL_ORIGIN = 0x0
                0x00000080                CY_FLASH_ROW_SIZE = 0x80
                0x00000001                CY_APPL_NUM = 0x1
                0x00000001                CY_APPL_MAX = 0x1
                0x00000040                CY_METADATA_SIZE = 0x40
                0x00000000                CY_APPL_LOADABLE = 0x0
                0x00000000                CY_CHECKSUM_EXCLUDE_SIZE = ALIGN (0x0, CY_FLASH_ROW_SIZE)
                0x00000000                CY_APP_FOR_STACK_AND_COPIER = 0x0
                [!provide]                PROVIDE (__cy_heap_start, _end)
                0x00000001                PROVIDE (__cy_region_num, ((__cy_regions_end - __cy_regions) / 0x10))
                0x20001000                PROVIDE (__cy_stack, (ORIGIN (ram) + LENGTH (ram)))
                [!provide]                PROVIDE (__cy_heap_end, (__cy_stack - 0x400))

.cybootloader   0x00000000        0x0
 *(.cybootloader)
                0x00000000                appl1_start = CY_APPL_ORIGIN?CY_APPL_ORIGIN:ALIGN (CY_FLASH_ROW_SIZE)
                0x00003f80                appl2_start = (appl1_start + ALIGN ((((LENGTH (rom) - appl1_start) - (0x2 * CY_FLASH_ROW_SIZE)) / 0x2), CY_FLASH_ROW_SIZE))
                0x00000000                appl_start = (CY_APPL_NUM == 0x1)?appl1_start:appl2_start
                0x00000001                cy_project_type_bootloader = (appl_start == 0x0)?0x1:0x0
                0x00000000                cy_project_type_app_for_stack_and_copier = (CY_APP_FOR_STACK_AND_COPIER == 0x1)?0x1:0x0

.text           0x00000000     0x36be
 CREATE_OBJECT_SYMBOLS
                0x00000000                PROVIDE (__cy_interrupt_vector, RomVectors)
 *(.romvectors)
 .romvectors    0x00000000       0x10 .\CortexM0\ARM_GCC_541\Debug\Cm0Start.o
                0x00000000                RomVectors
                0x00000001                ASSERT ((. != __cy_interrupt_vector), No interrupt vector)
                0x00000001                ASSERT (CY_APPL_ORIGIN?(SIZEOF (.cybootloader) <= CY_APPL_ORIGIN):0x1, Wrong image location)
                0x00000010                PROVIDE (__cy_reset, Reset)
 *(.text.Reset)
 .text.Reset    0x00000010        0x8 .\CortexM0\ARM_GCC_541\Debug\Cm0Start.o
                0x00000010                Reset
                0x00000001                ASSERT ((. != __cy_reset), No reset code)
 *(.psocinit)
 .psocinit      0x00000018      0x274 .\CortexM0\ARM_GCC_541\Debug\cyfitter_cfg.o
                0x000000f8                cyfitter_cfg
                0x0000028c                . = MAX (., 0x100)
 *(.text .text.* .gnu.linkonce.t.*)
 .text          0x0000028c       0x60 c:/program files (x86)/cypress/psoc creator/4.4/psoc creator/import/gnu/arm/5.4.1/bin/../lib/gcc/arm-none-eabi/5.4.1/armv6-m/crtbegin.o
 .text.SW_Handler
                0x000002ec       0x34 .\CortexM0\ARM_GCC_541\Debug\main.o
                0x000002ec                SW_Handler
 .text.SW_UpDown_Handler
                0x00000320       0x18 .\CortexM0\ARM_GCC_541\Debug\main.o
                0x00000320                SW_UpDown_Handler
 .text.RunMotors45Degrees
                0x00000338       0x4c .\CortexM0\ARM_GCC_541\Debug\main.o
                0x00000338                RunMotors45Degrees
 .text.OpenCloseGates
                0x00000384       0x30 .\CortexM0\ARM_GCC_541\Debug\main.o
                0x00000384                OpenCloseGates
 .text.main     0x000003b4      0x15c .\CortexM0\ARM_GCC_541\Debug\main.o
                0x000003b4                main
 .text.OpenCloseTestGates
                0x00000510       0x80 .\CortexM0\ARM_GCC_541\Debug\main.o
                0x00000510                OpenCloseTestGates
 .text.print    0x00000590        0x8 .\CortexM0\ARM_GCC_541\Debug\utils.o
                0x00000590                print
 .text.write8   0x00000598       0x54 .\CortexM0\ARM_GCC_541\Debug\tcs34725.o
                0x00000598                write8
 .text.read8    0x000005ec       0x6c .\CortexM0\ARM_GCC_541\Debug\tcs34725.o
                0x000005ec                read8
 .text.read16   0x00000658       0x84 .\CortexM0\ARM_GCC_541\Debug\tcs34725.o
                0x00000658                read16
 .text.enable   0x000006dc       0x3c .\CortexM0\ARM_GCC_541\Debug\tcs34725.o
                0x000006dc                enable
 .text.setIntegrationTime
                0x00000718       0x18 .\CortexM0\ARM_GCC_541\Debug\tcs34725.o
                0x00000718                setIntegrationTime
 .text.setGain  0x00000730       0x18 .\CortexM0\ARM_GCC_541\Debug\tcs34725.o
                0x00000730                setGain
 .text.init     0x00000748       0x60 .\CortexM0\ARM_GCC_541\Debug\tcs34725.o
                0x00000748                init
 .text.getRawData
                0x000007a8       0x4c .\CortexM0\ARM_GCC_541\Debug\tcs34725.o
                0x000007a8                getRawData
 .text.getRGB   0x000007f4       0xa0 .\CortexM0\ARM_GCC_541\Debug\tcs34725.o
                0x000007f4                getRGB
 .text.checkColor
                0x00000894       0x44 .\CortexM0\ARM_GCC_541\Debug\tcs34725.o
                0x00000894                checkColor
 .text.getColor
                0x000008d8      0x120 .\CortexM0\ARM_GCC_541\Debug\tcs34725.o
                0x000008d8                getColor
 .text.LED      0x000009f8       0x28 .\CortexM0\ARM_GCC_541\Debug\tcs34725.o
                0x000009f8                LED
 .text.lightColor
                0x00000a20       0x60 .\CortexM0\ARM_GCC_541\Debug\tcs34725.o
                0x00000a20                lightColor
 .text.preparation
                0x00000a80       0xa4 .\CortexM0\ARM_GCC_541\Debug\tcs34725.o
                0x00000a80                preparation
 .text.compare_to_none_color
                0x00000b24       0x34 .\CortexM0\ARM_GCC_541\Debug\learn_color.o
                0x00000b24                compare_to_none_color
 .text.analyze_measurement_boundaries
                0x00000b58      0x228 .\CortexM0\ARM_GCC_541\Debug\learn_color.o
                0x00000b58                analyze_measurement_boundaries
 .text.analyze_measurement_boundaries_none
                0x00000d80        0xc .\CortexM0\ARM_GCC_541\Debug\learn_color.o
                0x00000d80                analyze_measurement_boundaries_none
 .text.analyze_measurement_boundaries_color
                0x00000d8c        0xc .\CortexM0\ARM_GCC_541\Debug\learn_color.o
                0x00000d8c                analyze_measurement_boundaries_color
 .text.cfg_write_bytes32
                0x00000d98       0x34 .\CortexM0\ARM_GCC_541\Debug\cyfitter_cfg.o
 .text.CYMEMZERO
                0x00000dcc        0xc .\CortexM0\ARM_GCC_541\Debug\cyfitter_cfg.o
 .text.SetAnalogRoutingPumps
                0x00000dd8       0x20 .\CortexM0\ARM_GCC_541\Debug\cyfitter_cfg.o
                0x00000dd8                SetAnalogRoutingPumps
 .text.AnalogSetDefault
                0x00000df8       0x18 .\CortexM0\ARM_GCC_541\Debug\cyfitter_cfg.o
 .text.IntDefaultHandler
                0x00000e10       0x10 .\CortexM0\ARM_GCC_541\Debug\Cm0Start.o
                0x00000e10                IntDefaultHandler
 .text._sbrk    0x00000e20       0x30 .\CortexM0\ARM_GCC_541\Debug\Cm0Start.o
                0x00000e20                _sbrk
 .text.Start_c  0x00000e50       0x48 .\CortexM0\ARM_GCC_541\Debug\Cm0Start.o
                0x00000e50                Start_c
 .text.initialize_psoc
                0x00000e98       0x40 .\CortexM0\ARM_GCC_541\Debug\Cm0Start.o
                0x00000e98                initialize_psoc
 .text.Clock_Start
                0x00000ed8       0x14 .\CortexM0\ARM_GCC_541\Debug\MandMs-sorting.a(Clock.o)
                0x00000ed8                Clock_Start
 .text.Control_Reg_1_Write
                0x00000eec        0xc .\CortexM0\ARM_GCC_541\Debug\MandMs-sorting.a(Control_Reg_1.o)
                0x00000eec                Control_Reg_1_Write
 .text.Dir_1_Write
                0x00000ef8       0x18 .\CortexM0\ARM_GCC_541\Debug\MandMs-sorting.a(Dir_1.o)
                0x00000ef8                Dir_1_Write
 .text.Dir_2_5_Write
                0x00000f10       0x18 .\CortexM0\ARM_GCC_541\Debug\MandMs-sorting.a(Dir_2_5.o)
                0x00000f10                Dir_2_5_Write
 .text.Dir_3_4_Write
                0x00000f28       0x18 .\CortexM0\ARM_GCC_541\Debug\MandMs-sorting.a(Dir_3_4.o)
                0x00000f28                Dir_3_4_Write
 .text.Control_Reg_2_Write
                0x00000f40        0xc .\CortexM0\ARM_GCC_541\Debug\MandMs-sorting.a(Control_Reg_2.o)
                0x00000f40                Control_Reg_2_Write
 .text.Status_Reg_1_Read
                0x00000f4c        0xc .\CortexM0\ARM_GCC_541\Debug\MandMs-sorting.a(Status_Reg_1.o)
                0x00000f4c                Status_Reg_1_Read
 .text.PWM_Container_Stop
                0x00000f58       0x1c .\CortexM0\ARM_GCC_541\Debug\MandMs-sorting.a(PWM_Container.o)
                0x00000f58                PWM_Container_Stop
 .text.PWM_Container_WriteCounter
                0x00000f74       0x10 .\CortexM0\ARM_GCC_541\Debug\MandMs-sorting.a(PWM_Container.o)
                0x00000f74                PWM_Container_WriteCounter
 .text.PWM_Container_WritePeriod
                0x00000f84       0x10 .\CortexM0\ARM_GCC_541\Debug\MandMs-sorting.a(PWM_Container.o)
                0x00000f84                PWM_Container_WritePeriod
 .text.PWM_Container_WriteCompare
                0x00000f94       0x10 .\CortexM0\ARM_GCC_541\Debug\MandMs-sorting.a(PWM_Container.o)
                0x00000f94                PWM_Container_WriteCompare
 .text.PWM_Container_TriggerCommand
                0x00000fa4       0x1c .\CortexM0\ARM_GCC_541\Debug\MandMs-sorting.a(PWM_Container.o)
                0x00000fa4                PWM_Container_TriggerCommand
 .text.PWM_Container_Enable
                0x00000fc0       0x24 .\CortexM0\ARM_GCC_541\Debug\MandMs-sorting.a(PWM_Container.o)
                0x00000fc0                PWM_Container_Enable
 .text.PWM_Container_SetInterruptMode
                0x00000fe4        0xc .\CortexM0\ARM_GCC_541\Debug\MandMs-sorting.a(PWM_Container.o)
                0x00000fe4                PWM_Container_SetInterruptMode
 .text.PWM_Container_Init
                0x00000ff0       0x44 .\CortexM0\ARM_GCC_541\Debug\MandMs-sorting.a(PWM_Container.o)
                0x00000ff0                PWM_Container_Init
 .text.PWM_Container_Start
                0x00001034       0x20 .\CortexM0\ARM_GCC_541\Debug\MandMs-sorting.a(PWM_Container.o)
                0x00001034                PWM_Container_Start
 .text.I2C_ScbEnableIntr
                0x00001054        0xc .\CortexM0\ARM_GCC_541\Debug\MandMs-sorting.a(I2C.o)
 .text.I2C_Init
                0x00001060        0x8 .\CortexM0\ARM_GCC_541\Debug\MandMs-sorting.a(I2C.o)
                0x00001060                I2C_Init
 .text.I2C_Enable
                0x00001068       0x18 .\CortexM0\ARM_GCC_541\Debug\MandMs-sorting.a(I2C.o)
                0x00001068                I2C_Enable
 .text.I2C_Start
                0x00001080       0x20 .\CortexM0\ARM_GCC_541\Debug\MandMs-sorting.a(I2C.o)
                0x00001080                I2C_Start
 .text.I2C_I2CInit
                0x000010a0       0xc4 .\CortexM0\ARM_GCC_541\Debug\MandMs-sorting.a(I2C_I2C.o)
                0x000010a0                I2C_I2CInit
 .text.I2C_I2CFwBlockReset
                0x00001164       0x94 .\CortexM0\ARM_GCC_541\Debug\MandMs-sorting.a(I2C_I2C.o)
                0x00001164                I2C_I2CFwBlockReset
 .text.I2C_I2CMasterWaitOneUnit
                0x000011f8       0x28 .\CortexM0\ARM_GCC_541\Debug\MandMs-sorting.a(I2C_I2C_MASTER.o)
 .text.I2C_I2CMasterHandleStatus
                0x00001220       0xc4 .\CortexM0\ARM_GCC_541\Debug\MandMs-sorting.a(I2C_I2C_MASTER.o)
 .text.I2C_I2CMasterSendStart
                0x000012e4       0xc4 .\CortexM0\ARM_GCC_541\Debug\MandMs-sorting.a(I2C_I2C_MASTER.o)
                0x000012e4                I2C_I2CMasterSendStart
 .text.I2C_I2CMasterSendStop
                0x000013a8       0x58 .\CortexM0\ARM_GCC_541\Debug\MandMs-sorting.a(I2C_I2C_MASTER.o)
                0x000013a8                I2C_I2CMasterSendStop
 .text.I2C_I2CMasterWriteByte
                0x00001400       0x48 .\CortexM0\ARM_GCC_541\Debug\MandMs-sorting.a(I2C_I2C_MASTER.o)
                0x00001400                I2C_I2CMasterWriteByte
 .text.I2C_I2CMasterReadByte
                0x00001448       0x7c .\CortexM0\ARM_GCC_541\Debug\MandMs-sorting.a(I2C_I2C_MASTER.o)
                0x00001448                I2C_I2CMasterReadByte
 .text.UART_ScbModePostEnable
                0x000014c4        0x8 .\CortexM0\ARM_GCC_541\Debug\MandMs-sorting.a(UART.o)
 .text.UART_Init
                0x000014cc        0x8 .\CortexM0\ARM_GCC_541\Debug\MandMs-sorting.a(UART.o)
                0x000014cc                UART_Init
 .text.UART_Enable
                0x000014d4       0x18 .\CortexM0\ARM_GCC_541\Debug\MandMs-sorting.a(UART.o)
                0x000014d4                UART_Enable
 .text.UART_Start
                0x000014ec       0x20 .\CortexM0\ARM_GCC_541\Debug\MandMs-sorting.a(UART.o)
                0x000014ec                UART_Start
 .text.UART_UartInit
                0x0000150c       0x9c .\CortexM0\ARM_GCC_541\Debug\MandMs-sorting.a(UART_UART.o)
                0x0000150c                UART_UartInit
 .text.UART_UartPostEnable
                0x000015a8       0x2c .\CortexM0\ARM_GCC_541\Debug\MandMs-sorting.a(UART_UART.o)
                0x000015a8                UART_UartPostEnable
 .text.UART_UartPutString
                0x000015d4       0x18 .\CortexM0\ARM_GCC_541\Debug\MandMs-sorting.a(UART_UART.o)
                0x000015d4                UART_UartPutString
 .text.CyIntEnable
                0x000015ec       0x14 .\CortexM0\ARM_GCC_541\Debug\MandMs-sorting.a(CyLib.o)
                0x000015ec                CyIntEnable
 .text.CyIntDisable
                0x00001600       0x14 .\CortexM0\ARM_GCC_541\Debug\MandMs-sorting.a(CyLib.o)
                0x00001600                CyIntDisable
 .text.CyHalt   0x00001614        0x4 .\CortexM0\ARM_GCC_541\Debug\MandMs-sorting.a(CyLib.o)
                0x00001614                CyHalt
 .text.CyIntSetVector
                0x00001618       0x24 .\CortexM0\ARM_GCC_541\Debug\MandMs-sorting.a(CyLib.o)
                0x00001618                CyIntSetVector
 .text.CyIntSetPriority
                0x0000163c       0x4c .\CortexM0\ARM_GCC_541\Debug\MandMs-sorting.a(CyLib.o)
                0x0000163c                CyIntSetPriority
 .text.CyDelay  0x00001688       0x30 .\CortexM0\ARM_GCC_541\Debug\MandMs-sorting.a(CyLib.o)
                0x00001688                CyDelay
 .text.CyDelayUs
                0x000016b8       0x14 .\CortexM0\ARM_GCC_541\Debug\MandMs-sorting.a(CyLib.o)
                0x000016b8                CyDelayUs
 .text.CySysClkWriteImoFreq
                0x000016cc      0x164 .\CortexM0\ARM_GCC_541\Debug\MandMs-sorting.a(CyLib.o)
                0x000016cc                CySysClkWriteImoFreq
 .text.CySysWdtLocked
                0x00001830       0x14 .\CortexM0\ARM_GCC_541\Debug\MandMs-sorting.a(CyLFClk.o)
 .text.CySysWdtLock
                0x00001844       0x1c .\CortexM0\ARM_GCC_541\Debug\MandMs-sorting.a(CyLFClk.o)
                0x00001844                CySysWdtLock
 .text.CySysWdtUnlock
                0x00001860       0x30 .\CortexM0\ARM_GCC_541\Debug\MandMs-sorting.a(CyLFClk.o)
                0x00001860                CySysWdtUnlock
 .text.CySysWdtClearInterrupt
                0x00001890       0x4c .\CortexM0\ARM_GCC_541\Debug\MandMs-sorting.a(CyLFClk.o)
                0x00001890                CySysWdtClearInterrupt
 .text.CySysWdtIsr
                0x000018dc       0xa4 .\CortexM0\ARM_GCC_541\Debug\MandMs-sorting.a(CyLFClk.o)
                0x000018dc                CySysWdtIsr
 .text.PWM_RED_WriteCounter
                0x00001980       0x10 .\CortexM0\ARM_GCC_541\Debug\MandMs-sorting.a(PWM_RED.o)
                0x00001980                PWM_RED_WriteCounter
 .text.PWM_RED_WritePeriod
                0x00001990       0x10 .\CortexM0\ARM_GCC_541\Debug\MandMs-sorting.a(PWM_RED.o)
                0x00001990                PWM_RED_WritePeriod
 .text.PWM_RED_WriteCompare
                0x000019a0       0x10 .\CortexM0\ARM_GCC_541\Debug\MandMs-sorting.a(PWM_RED.o)
                0x000019a0                PWM_RED_WriteCompare
 .text.PWM_RED_TriggerCommand
                0x000019b0       0x1c .\CortexM0\ARM_GCC_541\Debug\MandMs-sorting.a(PWM_RED.o)
                0x000019b0                PWM_RED_TriggerCommand
 .text.PWM_RED_Enable
                0x000019cc       0x24 .\CortexM0\ARM_GCC_541\Debug\MandMs-sorting.a(PWM_RED.o)
                0x000019cc                PWM_RED_Enable
 .text.PWM_RED_SetInterruptMode
                0x000019f0        0xc .\CortexM0\ARM_GCC_541\Debug\MandMs-sorting.a(PWM_RED.o)
                0x000019f0                PWM_RED_SetInterruptMode
 .text.PWM_RED_Init
                0x000019fc       0x44 .\CortexM0\ARM_GCC_541\Debug\MandMs-sorting.a(PWM_RED.o)
                0x000019fc                PWM_RED_Init
 .text.PWM_RED_Start
                0x00001a40       0x20 .\CortexM0\ARM_GCC_541\Debug\MandMs-sorting.a(PWM_RED.o)
                0x00001a40                PWM_RED_Start
 .text.PWM_BLUE_WriteCounter
                0x00001a60       0x10 .\CortexM0\ARM_GCC_541\Debug\MandMs-sorting.a(PWM_BLUE.o)
                0x00001a60                PWM_BLUE_WriteCounter
 .text.PWM_BLUE_WritePeriod
                0x00001a70       0x10 .\CortexM0\ARM_GCC_541\Debug\MandMs-sorting.a(PWM_BLUE.o)
                0x00001a70                PWM_BLUE_WritePeriod
 .text.PWM_BLUE_WriteCompare
                0x00001a80       0x10 .\CortexM0\ARM_GCC_541\Debug\MandMs-sorting.a(PWM_BLUE.o)
                0x00001a80                PWM_BLUE_WriteCompare
 .text.PWM_BLUE_TriggerCommand
                0x00001a90       0x1c .\CortexM0\ARM_GCC_541\Debug\MandMs-sorting.a(PWM_BLUE.o)
                0x00001a90                PWM_BLUE_TriggerCommand
 .text.PWM_BLUE_Enable
                0x00001aac       0x24 .\CortexM0\ARM_GCC_541\Debug\MandMs-sorting.a(PWM_BLUE.o)
                0x00001aac                PWM_BLUE_Enable
 .text.PWM_BLUE_SetInterruptMode
                0x00001ad0        0xc .\CortexM0\ARM_GCC_541\Debug\MandMs-sorting.a(PWM_BLUE.o)
                0x00001ad0                PWM_BLUE_SetInterruptMode
 .text.PWM_BLUE_Init
                0x00001adc       0x44 .\CortexM0\ARM_GCC_541\Debug\MandMs-sorting.a(PWM_BLUE.o)
                0x00001adc                PWM_BLUE_Init
 .text.PWM_BLUE_Start
                0x00001b20       0x20 .\CortexM0\ARM_GCC_541\Debug\MandMs-sorting.a(PWM_BLUE.o)
                0x00001b20                PWM_BLUE_Start
 .text.PWM_GREEN_WriteCounter
                0x00001b40       0x10 .\CortexM0\ARM_GCC_541\Debug\MandMs-sorting.a(PWM_GREEN.o)
                0x00001b40                PWM_GREEN_WriteCounter
 .text.PWM_GREEN_WritePeriod
                0x00001b50       0x10 .\CortexM0\ARM_GCC_541\Debug\MandMs-sorting.a(PWM_GREEN.o)
                0x00001b50                PWM_GREEN_WritePeriod
 .text.PWM_GREEN_WriteCompare
                0x00001b60       0x10 .\CortexM0\ARM_GCC_541\Debug\MandMs-sorting.a(PWM_GREEN.o)
                0x00001b60                PWM_GREEN_WriteCompare
 .text.PWM_GREEN_TriggerCommand
                0x00001b70       0x1c .\CortexM0\ARM_GCC_541\Debug\MandMs-sorting.a(PWM_GREEN.o)
                0x00001b70                PWM_GREEN_TriggerCommand
 .text.PWM_GREEN_Enable
                0x00001b8c       0x24 .\CortexM0\ARM_GCC_541\Debug\MandMs-sorting.a(PWM_GREEN.o)
                0x00001b8c                PWM_GREEN_Enable
 .text.PWM_GREEN_SetInterruptMode
                0x00001bb0        0xc .\CortexM0\ARM_GCC_541\Debug\MandMs-sorting.a(PWM_GREEN.o)
                0x00001bb0                PWM_GREEN_SetInterruptMode
 .text.PWM_GREEN_Init
                0x00001bbc       0x44 .\CortexM0\ARM_GCC_541\Debug\MandMs-sorting.a(PWM_GREEN.o)
                0x00001bbc                PWM_GREEN_Init
 .text.PWM_GREEN_Start
                0x00001c00       0x20 .\CortexM0\ARM_GCC_541\Debug\MandMs-sorting.a(PWM_GREEN.o)
                0x00001c00                PWM_GREEN_Start
 .text.SW_ClearInterrupt
                0x00001c20       0x14 .\CortexM0\ARM_GCC_541\Debug\MandMs-sorting.a(SW.o)
                0x00001c20                SW_ClearInterrupt
 .text.isr_SW_SetVector
                0x00001c34        0xc .\CortexM0\ARM_GCC_541\Debug\MandMs-sorting.a(isr_SW.o)
                0x00001c34                isr_SW_SetVector
 .text.isr_SW_SetPriority
                0x00001c40       0x20 .\CortexM0\ARM_GCC_541\Debug\MandMs-sorting.a(isr_SW.o)
                0x00001c40                isr_SW_SetPriority
 .text.isr_SW_Enable
                0x00001c60        0xc .\CortexM0\ARM_GCC_541\Debug\MandMs-sorting.a(isr_SW.o)
                0x00001c60                isr_SW_Enable
 .text.isr_SW_Disable
                0x00001c6c        0xc .\CortexM0\ARM_GCC_541\Debug\MandMs-sorting.a(isr_SW.o)
                0x00001c6c                isr_SW_Disable
 .text.isr_SW_StartEx
                0x00001c78       0x1c .\CortexM0\ARM_GCC_541\Debug\MandMs-sorting.a(isr_SW.o)
                0x00001c78                isr_SW_StartEx
 .text.SW_UpDown_ClearInterrupt
                0x00001c94       0x14 .\CortexM0\ARM_GCC_541\Debug\MandMs-sorting.a(SW_UpDown.o)
                0x00001c94                SW_UpDown_ClearInterrupt
 .text.isr_SW_UpDown_SetVector
                0x00001ca8        0xc .\CortexM0\ARM_GCC_541\Debug\MandMs-sorting.a(isr_SW_UpDown.o)
                0x00001ca8                isr_SW_UpDown_SetVector
 .text.isr_SW_UpDown_SetPriority
                0x00001cb4       0x24 .\CortexM0\ARM_GCC_541\Debug\MandMs-sorting.a(isr_SW_UpDown.o)
                0x00001cb4                isr_SW_UpDown_SetPriority
 .text.isr_SW_UpDown_Enable
                0x00001cd8        0xc .\CortexM0\ARM_GCC_541\Debug\MandMs-sorting.a(isr_SW_UpDown.o)
                0x00001cd8                isr_SW_UpDown_Enable
 .text.isr_SW_UpDown_Disable
                0x00001ce4        0xc .\CortexM0\ARM_GCC_541\Debug\MandMs-sorting.a(isr_SW_UpDown.o)
                0x00001ce4                isr_SW_UpDown_Disable
 .text.isr_SW_UpDown_StartEx
                0x00001cf0       0x1c .\CortexM0\ARM_GCC_541\Debug\MandMs-sorting.a(isr_SW_UpDown.o)
                0x00001cf0                isr_SW_UpDown_StartEx
 .text.ADC_Init
                0x00001d0c      0x104 .\CortexM0\ARM_GCC_541\Debug\MandMs-sorting.a(ADC.o)
                0x00001d0c                ADC_Init
 .text.ADC_Enable
                0x00001e10       0x24 .\CortexM0\ARM_GCC_541\Debug\MandMs-sorting.a(ADC.o)
                0x00001e10                ADC_Enable
 .text.ADC_Start
                0x00001e34       0x20 .\CortexM0\ARM_GCC_541\Debug\MandMs-sorting.a(ADC.o)
                0x00001e34                ADC_Start
 .text.ADC_StartConvert
                0x00001e54       0x14 .\CortexM0\ARM_GCC_541\Debug\MandMs-sorting.a(ADC.o)
                0x00001e54                ADC_StartConvert
 .text.ADC_GetResult16
                0x00001e68       0x2c .\CortexM0\ARM_GCC_541\Debug\MandMs-sorting.a(ADC.o)
                0x00001e68                ADC_GetResult16
 .text.ADC_ISR  0x00001e94        0xc .\CortexM0\ARM_GCC_541\Debug\MandMs-sorting.a(ADC_INT.o)
                0x00001e94                ADC_ISR
 .text          0x00001ea0       0x24 .\CortexM0\ARM_GCC_541\Debug\MandMs-sorting.a(CyBootAsmGnu.o)
                0x00001ea0                CyDelayCycles
                0x00001eb4                CyEnterCriticalSection
                0x00001ebc                CyExitCriticalSection
 .text.I2C_I2C_ISR
                0x00001ec4      0x33c .\CortexM0\ARM_GCC_541\Debug\MandMs-sorting.a(I2C_I2C_INT.o)
                0x00001ec4                I2C_I2C_ISR
 .text.UART_SpiUartWriteTxData
                0x00002200       0x1c .\CortexM0\ARM_GCC_541\Debug\MandMs-sorting.a(UART_SPI_UART.o)
                0x00002200                UART_SpiUartWriteTxData
 .text          0x0000221c      0x114 c:/program files (x86)/cypress/psoc creator/4.4/psoc creator/import/gnu/arm/5.4.1/bin/../lib/gcc/arm-none-eabi/5.4.1/armv6-m\libgcc.a(_udivsi3.o)
                0x0000221c                __aeabi_uidiv
                0x0000221c                __udivsi3
                0x00002328                __aeabi_uidivmod
 .text          0x00002330      0x1d4 c:/program files (x86)/cypress/psoc creator/4.4/psoc creator/import/gnu/arm/5.4.1/bin/../lib/gcc/arm-none-eabi/5.4.1/armv6-m\libgcc.a(_divsi3.o)
                0x00002330                __divsi3
                0x00002330                __aeabi_idiv
                0x000024fc                __aeabi_idivmod
 .text          0x00002504        0x4 c:/program files (x86)/cypress/psoc creator/4.4/psoc creator/import/gnu/arm/5.4.1/bin/../lib/gcc/arm-none-eabi/5.4.1/armv6-m\libgcc.a(_dvmd_tls.o)
                0x00002504                __aeabi_idiv0
                0x00002504                __aeabi_ldiv0
 .text          0x00002508      0x234 c:/program files (x86)/cypress/psoc creator/4.4/psoc creator/import/gnu/arm/5.4.1/bin/../lib/gcc/arm-none-eabi/5.4.1/armv6-m\libgcc.a(divsf3.o)
                0x00002508                __aeabi_fdiv
 .text          0x0000273c       0x7c c:/program files (x86)/cypress/psoc creator/4.4/psoc creator/import/gnu/arm/5.4.1/bin/../lib/gcc/arm-none-eabi/5.4.1/armv6-m\libgcc.a(floatunsisf.o)
                0x0000273c                __aeabi_ui2f
 .text          0x000027b8      0x4f4 c:/program files (x86)/cypress/psoc creator/4.4/psoc creator/import/gnu/arm/5.4.1/bin/../lib/gcc/arm-none-eabi/5.4.1/armv6-m\libgcc.a(muldf3.o)
                0x000027b8                __aeabi_dmul
 .text          0x00002cac       0x6c c:/program files (x86)/cypress/psoc creator/4.4/psoc creator/import/gnu/arm/5.4.1/bin/../lib/gcc/arm-none-eabi/5.4.1/armv6-m\libgcc.a(fixdfsi.o)
                0x00002cac                __aeabi_d2iz
 .text          0x00002d18       0xa8 c:/program files (x86)/cypress/psoc creator/4.4/psoc creator/import/gnu/arm/5.4.1/bin/../lib/gcc/arm-none-eabi/5.4.1/armv6-m\libgcc.a(extendsfdf2.o)
                0x00002d18                __aeabi_f2d
 .text          0x00002dc0       0x3c c:/program files (x86)/cypress/psoc creator/4.4/psoc creator/import/gnu/arm/5.4.1/bin/../lib/gcc/arm-none-eabi/5.4.1/armv6-m\libgcc.a(_clzsi2.o)
                0x00002dc0                __clzsi2
 .text.__errno  0x00002dfc        0xc c:/program files (x86)/cypress/psoc creator/4.4/psoc creator/import/gnu/arm/5.4.1/bin/../lib/gcc/arm-none-eabi/5.4.1/../../../../arm-none-eabi/lib/armv6-m\libg_nano.a(lib_a-errno.o)
                0x00002dfc                __errno
 .text.__libc_init_array
                0x00002e08       0x4c c:/program files (x86)/cypress/psoc creator/4.4/psoc creator/import/gnu/arm/5.4.1/bin/../lib/gcc/arm-none-eabi/5.4.1/../../../../arm-none-eabi/lib/armv6-m\libg_nano.a(lib_a-init.o)
                0x00002e08                __libc_init_array
 .text.memcpy   0x00002e54       0x12 c:/program files (x86)/cypress/psoc creator/4.4/psoc creator/import/gnu/arm/5.4.1/bin/../lib/gcc/arm-none-eabi/5.4.1/../../../../arm-none-eabi/lib/armv6-m\libg_nano.a(lib_a-memcpy-stub.o)
                0x00002e54                memcpy
 .text.memset   0x00002e66       0x10 c:/program files (x86)/cypress/psoc creator/4.4/psoc creator/import/gnu/arm/5.4.1/bin/../lib/gcc/arm-none-eabi/5.4.1/../../../../arm-none-eabi/lib/armv6-m\libg_nano.a(lib_a-memset.o)
                0x00002e66                memset
 *fill*         0x00002e76        0x2 
 .text.sprintf  0x00002e78       0x44 c:/program files (x86)/cypress/psoc creator/4.4/psoc creator/import/gnu/arm/5.4.1/bin/../lib/gcc/arm-none-eabi/5.4.1/../../../../arm-none-eabi/lib/armv6-m\libg_nano.a(lib_a-sprintf.o)
                0x00002e78                siprintf
                0x00002e78                sprintf
 .text.__ssputs_r
                0x00002ebc       0xc4 c:/program files (x86)/cypress/psoc creator/4.4/psoc creator/import/gnu/arm/5.4.1/bin/../lib/gcc/arm-none-eabi/5.4.1/../../../../arm-none-eabi/lib/armv6-m\libg_nano.a(lib_a-nano-svfprintf.o)
                0x00002ebc                __ssputs_r
 .text._svfprintf_r
                0x00002f80      0x1fc c:/program files (x86)/cypress/psoc creator/4.4/psoc creator/import/gnu/arm/5.4.1/bin/../lib/gcc/arm-none-eabi/5.4.1/../../../../arm-none-eabi/lib/armv6-m\libg_nano.a(lib_a-nano-svfprintf.o)
                0x00002f80                _svfiprintf_r
                0x00002f80                _svfprintf_r
 .text._printf_common
                0x0000317c       0xdc c:/program files (x86)/cypress/psoc creator/4.4/psoc creator/import/gnu/arm/5.4.1/bin/../lib/gcc/arm-none-eabi/5.4.1/../../../../arm-none-eabi/lib/armv6-m\libg_nano.a(lib_a-nano-vfprintf_i.o)
                0x0000317c                _printf_common
 .text._printf_i
                0x00003258      0x244 c:/program files (x86)/cypress/psoc creator/4.4/psoc creator/import/gnu/arm/5.4.1/bin/../lib/gcc/arm-none-eabi/5.4.1/../../../../arm-none-eabi/lib/armv6-m\libg_nano.a(lib_a-nano-vfprintf_i.o)
                0x00003258                _printf_i
 .text.memchr   0x0000349c       0x16 c:/program files (x86)/cypress/psoc creator/4.4/psoc creator/import/gnu/arm/5.4.1/bin/../lib/gcc/arm-none-eabi/5.4.1/../../../../arm-none-eabi/lib/armv6-m\libg_nano.a(lib_a-memchr-stub.o)
                0x0000349c                memchr
 .text.memmove  0x000034b2       0x2a c:/program files (x86)/cypress/psoc creator/4.4/psoc creator/import/gnu/arm/5.4.1/bin/../lib/gcc/arm-none-eabi/5.4.1/../../../../arm-none-eabi/lib/armv6-m\libg_nano.a(lib_a-memmove.o)
                0x000034b2                memmove
 .text._free_r  0x000034dc       0x98 c:/program files (x86)/cypress/psoc creator/4.4/psoc creator/import/gnu/arm/5.4.1/bin/../lib/gcc/arm-none-eabi/5.4.1/../../../../arm-none-eabi/lib/armv6-m\libg_nano.a(lib_a-nano-freer.o)
                0x000034dc                _free_r
 .text._malloc_r
                0x00003574       0xc0 c:/program files (x86)/cypress/psoc creator/4.4/psoc creator/import/gnu/arm/5.4.1/bin/../lib/gcc/arm-none-eabi/5.4.1/../../../../arm-none-eabi/lib/armv6-m\libg_nano.a(lib_a-nano-mallocr.o)
                0x00003574                _malloc_r
 .text._realloc_r
                0x00003634       0x4c c:/program files (x86)/cypress/psoc creator/4.4/psoc creator/import/gnu/arm/5.4.1/bin/../lib/gcc/arm-none-eabi/5.4.1/../../../../arm-none-eabi/lib/armv6-m\libg_nano.a(lib_a-nano-reallocr.o)
                0x00003634                _realloc_r
 .text._sbrk_r  0x00003680       0x24 c:/program files (x86)/cypress/psoc creator/4.4/psoc creator/import/gnu/arm/5.4.1/bin/../lib/gcc/arm-none-eabi/5.4.1/../../../../arm-none-eabi/lib/armv6-m\libg_nano.a(lib_a-sbrkr.o)
                0x00003680                _sbrk_r
 .text.__malloc_lock
                0x000036a4        0x2 c:/program files (x86)/cypress/psoc creator/4.4/psoc creator/import/gnu/arm/5.4.1/bin/../lib/gcc/arm-none-eabi/5.4.1/../../../../arm-none-eabi/lib/armv6-m\libg_nano.a(lib_a-mlock.o)
                0x000036a4                __malloc_lock
 .text.__malloc_unlock
                0x000036a6        0x2 c:/program files (x86)/cypress/psoc creator/4.4/psoc creator/import/gnu/arm/5.4.1/bin/../lib/gcc/arm-none-eabi/5.4.1/../../../../arm-none-eabi/lib/armv6-m\libg_nano.a(lib_a-mlock.o)
                0x000036a6                __malloc_unlock
 .text._malloc_usable_size_r
                0x000036a8       0x16 c:/program files (x86)/cypress/psoc creator/4.4/psoc creator/import/gnu/arm/5.4.1/bin/../lib/gcc/arm-none-eabi/5.4.1/../../../../arm-none-eabi/lib/armv6-m\libg_nano.a(lib_a-nano-msizer.o)
                0x000036a8                _malloc_usable_size_r
 *(.plt)
 *(.gnu.warning)
 *(.glue_7t)
 .glue_7t       0x000036be        0x0 linker stubs
 *(.glue_7)
 .glue_7        0x000036be        0x0 linker stubs
 *(.vfp11_veneer)
 .vfp11_veneer  0x000036be        0x0 linker stubs
 *(.bootloader)
 *(.ARM.extab* .gnu.linkonce.armextab.*)
 *(.gcc_except_table)

.v4_bx          0x000036c0        0x0
 .v4_bx         0x000036c0        0x0 linker stubs

.iplt           0x000036c0        0x0
 .iplt          0x000036c0        0x0 c:/program files (x86)/cypress/psoc creator/4.4/psoc creator/import/gnu/arm/5.4.1/bin/../lib/gcc/arm-none-eabi/5.4.1/armv6-m/crtbegin.o

.eh_frame_hdr
 *(.eh_frame_hdr)

.eh_frame       0x000036c0        0x4
 *(.eh_frame)
 .eh_frame      0x000036c0        0x0 c:/program files (x86)/cypress/psoc creator/4.4/psoc creator/import/gnu/arm/5.4.1/bin/../lib/gcc/arm-none-eabi/5.4.1/armv6-m/crtbegin.o
 .eh_frame      0x000036c0        0x4 c:/program files (x86)/cypress/psoc creator/4.4/psoc creator/import/gnu/arm/5.4.1/bin/../lib/gcc/arm-none-eabi/5.4.1/armv6-m/crtend.o
                [!provide]                PROVIDE (__exidx_start, .)

.ARM.exidx
 *(.ARM.exidx* .gnu.linkonce.armexidx.*)
                0x000036c4                __exidx_end = .

.rodata         0x000036c4      0x4cc
 *(.rodata .rodata.* .gnu.linkonce.r.*)
 .rodata        0x000036c4       0x3f .\CortexM0\ARM_GCC_541\Debug\main.o
 *fill*         0x00003703        0x1 
 .rodata.str1.4
                0x00003704       0x18 .\CortexM0\ARM_GCC_541\Debug\main.o
 .rodata        0x0000371c       0x38 .\CortexM0\ARM_GCC_541\Debug\tcs34725.o
 .rodata.str1.4
                0x00003754       0x97 .\CortexM0\ARM_GCC_541\Debug\tcs34725.o
 *fill*         0x000037eb        0x1 
 .rodata.str1.4
                0x000037ec       0x54 .\CortexM0\ARM_GCC_541\Debug\learn_color.o
                                 0x6f (size before relaxing)
 .rodata        0x00003840      0x1f4 .\CortexM0\ARM_GCC_541\Debug\cyfitter_cfg.o
 .rodata        0x00003a34       0x2e .\CortexM0\ARM_GCC_541\Debug\MandMs-sorting.a(CyLib.o)
                0x00003a34                cyImoFreqMhz2Reg
 *fill*         0x00003a62        0x2 
 .rodata        0x00003a64       0x80 c:/program files (x86)/cypress/psoc creator/4.4/psoc creator/import/gnu/arm/5.4.1/bin/../lib/gcc/arm-none-eabi/5.4.1/armv6-m\libgcc.a(divsf3.o)
 .rodata        0x00003ae4       0x40 c:/program files (x86)/cypress/psoc creator/4.4/psoc creator/import/gnu/arm/5.4.1/bin/../lib/gcc/arm-none-eabi/5.4.1/armv6-m\libgcc.a(muldf3.o)
 .rodata.str1.1
                0x00003b24        0x2 c:/program files (x86)/cypress/psoc creator/4.4/psoc creator/import/gnu/arm/5.4.1/bin/../lib/gcc/arm-none-eabi/5.4.1/../../../../arm-none-eabi/lib/armv6-m\libg_nano.a(lib_a-impure.o)
 .rodata.str1.1
                0x00003b26       0x11 c:/program files (x86)/cypress/psoc creator/4.4/psoc creator/import/gnu/arm/5.4.1/bin/../lib/gcc/arm-none-eabi/5.4.1/../../../../arm-none-eabi/lib/armv6-m\libg_nano.a(lib_a-nano-svfprintf.o)
 .rodata.str1.1
                0x00003b37       0x22 c:/program files (x86)/cypress/psoc creator/4.4/psoc creator/import/gnu/arm/5.4.1/bin/../lib/gcc/arm-none-eabi/5.4.1/../../../../arm-none-eabi/lib/armv6-m\libg_nano.a(lib_a-nano-vfprintf_i.o)
                0x00003b5c                . = ALIGN (0x4)
 *fill*         0x00003b59        0x3 
 *(.init)
 .init          0x00003b5c        0x4 c:/program files (x86)/cypress/psoc creator/4.4/psoc creator/import/gnu/arm/5.4.1/bin/../lib/gcc/arm-none-eabi/5.4.1/armv6-m/crti.o
                0x00003b5c                _init
 .init          0x00003b60        0x8 c:/program files (x86)/cypress/psoc creator/4.4/psoc creator/import/gnu/arm/5.4.1/bin/../lib/gcc/arm-none-eabi/5.4.1/armv6-m/crtn.o
                0x00003b68                . = ALIGN (0x4)
                0x00003b68                __preinit_array_start = .
 *(.preinit_array)
                0x00003b68                __preinit_array_end = .
                0x00003b68                . = ALIGN (0x4)
                0x00003b68                __init_array_start = .
 *(SORT(.init_array.*))
 *(.init_array)
 .init_array    0x00003b68        0x4 c:/program files (x86)/cypress/psoc creator/4.4/psoc creator/import/gnu/arm/5.4.1/bin/../lib/gcc/arm-none-eabi/5.4.1/armv6-m/crtbegin.o
 .init_array    0x00003b6c        0x4 .\CortexM0\ARM_GCC_541\Debug\Cm0Start.o
                0x00003b70                __init_array_end = .
                0x00003b70                . = ALIGN (0x4)
 *(.fini)
 .fini          0x00003b70        0x4 c:/program files (x86)/cypress/psoc creator/4.4/psoc creator/import/gnu/arm/5.4.1/bin/../lib/gcc/arm-none-eabi/5.4.1/armv6-m/crti.o
                0x00003b70                _fini
 .fini          0x00003b74        0x8 c:/program files (x86)/cypress/psoc creator/4.4/psoc creator/import/gnu/arm/5.4.1/bin/../lib/gcc/arm-none-eabi/5.4.1/armv6-m/crtn.o
                0x00003b7c                . = ALIGN (0x4)
                0x00003b7c                __fini_array_start = .
 *(.fini_array)
 .fini_array    0x00003b7c        0x4 c:/program files (x86)/cypress/psoc creator/4.4/psoc creator/import/gnu/arm/5.4.1/bin/../lib/gcc/arm-none-eabi/5.4.1/armv6-m/crtbegin.o
 *(SORT(.fini_array.*))
                0x00003b80                __fini_array_end = .
                0x00003b80                . = ALIGN (0x4)
 *crtbegin.o(.ctors)
 *(EXCLUDE_FILE(*crtend.o) .ctors)
 *(SORT(.ctors.*))
 *crtend.o(.ctors)
                0x00003b80                . = ALIGN (0x4)
 *crtbegin.o(.dtors)
 *(EXCLUDE_FILE(*crtend.o) .dtors)
 *(SORT(.dtors.*))
 *crtend.o(.dtors)
                0x00003b80                . = ALIGN (0x4)
                0x00003b80                __cy_regions = .
                0x00003b80        0x4 LONG 0x3b90 __cy_region_init_ram
                0x00003b84        0x4 LONG 0x200000c0 __cy_region_start_data
                0x00003b88        0x4 LONG 0x118 __cy_region_init_size_ram
                0x00003b8c        0x4 LONG 0x180 __cy_region_zero_size_ram
                0x00003b90                __cy_regions_end = .
                0x00003b90                . = ALIGN (0x8)
                0x00003b90                _etext = .

.cy_checksum_exclude
                0x00003b90        0x0
 *(.cy_checksum_exclude)

.ramvectors     0x20000000       0xc0
                0x20000000                __cy_region_start_ram = .
 *(.ramvectors)
 .ramvectors    0x20000000       0xc0 .\CortexM0\ARM_GCC_541\Debug\Cm0Start.o
                0x20000000                CyRamVectors

.noinit
 *(.noinit)

.data           0x200000c0      0x118 load address 0x00003b90
                0x200000c0                __cy_region_start_data = .
 *(.jcr)
 .jcr           0x200000c0        0x0 c:/program files (x86)/cypress/psoc creator/4.4/psoc creator/import/gnu/arm/5.4.1/bin/../lib/gcc/arm-none-eabi/5.4.1/armv6-m/crtbegin.o
 .jcr           0x200000c0        0x4 c:/program files (x86)/cypress/psoc creator/4.4/psoc creator/import/gnu/arm/5.4.1/bin/../lib/gcc/arm-none-eabi/5.4.1/armv6-m/crtend.o
 *(.got.plt)
 *(.got)
 *(.shdata)
 *(.data .data.* .gnu.linkonce.d.*)
 .data          0x200000c4        0x9 .\CortexM0\ARM_GCC_541\Debug\main.o
                0x200000c4                gates
                0x200000c7                previous_state
                0x200000c8                current_measure
 *fill*         0x200000cd        0x3 
 .data          0x200000d0       0x77 .\CortexM0\ARM_GCC_541\Debug\tcs34725.o
                0x200000d0                red_struct_min
                0x200000dc                green_struct_min
                0x200000e8                blue_struct_min
                0x200000f4                orange_struct_min
                0x20000100                brown_struct_min
                0x2000010c                yellow_struct_min
                0x20000118                red_led
                0x2000011c                green_led
                0x20000120                blue_led
                0x20000124                yellow_led
                0x20000128                orange_led
                0x2000012c                brown_led
                0x20000130                brown_struct
                0x20000134                orange_struct
                0x20000138                yellow_struct
                0x2000013c                blue_struct
                0x20000140                green_struct
                0x20000144                red_struct
 *fill*         0x20000147        0x1 
 .data          0x20000148        0xc .\CortexM0\ARM_GCC_541\Debug\learn_color.o
                0x20000148                min_none_color
 .data          0x20000154        0x4 .\CortexM0\ARM_GCC_541\Debug\Cm0Start.o
 .data          0x20000158       0x14 .\CortexM0\ARM_GCC_541\Debug\MandMs-sorting.a(CyLib.o)
                0x20000158                CySysClkPumpConfig
                0x2000015c                cydelay32kMs
                0x20000160                cydelayFreqKhz
                0x20000164                cydelayFreqMhz
                0x20000168                cydelayFreqHz
 .data          0x2000016c        0x4 .\CortexM0\ARM_GCC_541\Debug\MandMs-sorting.a(CyLFClk.o)
 .data.impure_data
                0x20000170       0x60 c:/program files (x86)/cypress/psoc creator/4.4/psoc creator/import/gnu/arm/5.4.1/bin/../lib/gcc/arm-none-eabi/5.4.1/../../../../arm-none-eabi/lib/armv6-m\libg_nano.a(lib_a-impure.o)
 .data._impure_ptr
                0x200001d0        0x4 c:/program files (x86)/cypress/psoc creator/4.4/psoc creator/import/gnu/arm/5.4.1/bin/../lib/gcc/arm-none-eabi/5.4.1/../../../../arm-none-eabi/lib/armv6-m\libg_nano.a(lib_a-impure.o)
                0x200001d0                _impure_ptr
                0x200001d8                . = ALIGN (0x8)
 *fill*         0x200001d4        0x4 
 *(.ram)
                0x200001d8                _edata = .

.igot.plt       0x200001d8        0x0 load address 0x00003ca8
 .igot.plt      0x200001d8        0x0 c:/program files (x86)/cypress/psoc creator/4.4/psoc creator/import/gnu/arm/5.4.1/bin/../lib/gcc/arm-none-eabi/5.4.1/armv6-m/crtbegin.o

.bss            0x200001d8      0x180 load address 0x00003ca8
                0x200001d8                PROVIDE (__bss_start__, .)
 *(.shbss)
 *(.bss .bss.* .gnu.linkonce.b.*)
 .bss           0x200001d8       0x1c c:/program files (x86)/cypress/psoc creator/4.4/psoc creator/import/gnu/arm/5.4.1/bin/../lib/gcc/arm-none-eabi/5.4.1/armv6-m/crtbegin.o
 .bss           0x200001f4        0xc .\CortexM0\ARM_GCC_541\Debug\main.o
                0x200001f4                count_settings
                0x200001f8                my_test
                0x200001fc                joystick
 .bss           0x20000200       0x4f .\CortexM0\ARM_GCC_541\Debug\tcs34725.o
                0x20000200                _tcs34725Initialised
                0x20000201                state
                0x20000204                red_struct_max
                0x20000210                green_struct_max
                0x2000021c                blue_struct_max
                0x20000228                orange_struct_max
                0x20000234                brown_struct_max
                0x20000240                yellow_struct_max
                0x2000024c                black_led
 *fill*         0x2000024f        0x1 
 .bss           0x20000250        0xd .\CortexM0\ARM_GCC_541\Debug\learn_color.o
                0x20000250                max_none_color
                0x2000025c                button_pushed
 .bss           0x2000025d        0x1 .\CortexM0\ARM_GCC_541\Debug\MandMs-sorting.a(PWM_Container.o)
                0x2000025d                PWM_Container_initVar
 *fill*         0x2000025e        0x2 
 .bss           0x20000260        0x8 .\CortexM0\ARM_GCC_541\Debug\MandMs-sorting.a(I2C.o)
                0x20000260                I2C_initVar
                0x20000264                I2C_customIntrHandler
 .bss           0x20000268        0x4 .\CortexM0\ARM_GCC_541\Debug\MandMs-sorting.a(UART.o)
                0x20000268                UART_initVar
                0x2000026a                UART_IntrTxMask
 .bss           0x2000026c       0x20 .\CortexM0\ARM_GCC_541\Debug\MandMs-sorting.a(CyLFClk.o)
 .bss           0x2000028c        0x1 .\CortexM0\ARM_GCC_541\Debug\MandMs-sorting.a(PWM_RED.o)
                0x2000028c                PWM_RED_initVar
 .bss           0x2000028d        0x1 .\CortexM0\ARM_GCC_541\Debug\MandMs-sorting.a(PWM_BLUE.o)
                0x2000028d                PWM_BLUE_initVar
 .bss           0x2000028e        0x1 .\CortexM0\ARM_GCC_541\Debug\MandMs-sorting.a(PWM_GREEN.o)
                0x2000028e                PWM_GREEN_initVar
 .bss           0x2000028f        0x1 .\CortexM0\ARM_GCC_541\Debug\MandMs-sorting.a(ADC.o)
                0x2000028f                ADC_initVar
 .bss.__malloc_sbrk_start
                0x20000290        0x4 c:/program files (x86)/cypress/psoc creator/4.4/psoc creator/import/gnu/arm/5.4.1/bin/../lib/gcc/arm-none-eabi/5.4.1/../../../../arm-none-eabi/lib/armv6-m\libg_nano.a(lib_a-nano-mallocr.o)
                0x20000290                __malloc_sbrk_start
 .bss.__malloc_free_list
                0x20000294        0x4 c:/program files (x86)/cypress/psoc creator/4.4/psoc creator/import/gnu/arm/5.4.1/bin/../lib/gcc/arm-none-eabi/5.4.1/../../../../arm-none-eabi/lib/armv6-m\libg_nano.a(lib_a-nano-mallocr.o)
                0x20000294                __malloc_free_list
 *(COMMON)
 COMMON         0x20000298       0x81 .\CortexM0\ARM_GCC_541\Debug\utils.o
                0x20000298                str
 *fill*         0x20000319        0x3 
 COMMON         0x2000031c        0x8 .\CortexM0\ARM_GCC_541\Debug\tcs34725.o
                0x2000031c                _tcs34725IntegrationTime
                0x2000031d                _tcs34725Gain
                0x20000320                status
 COMMON         0x20000324        0x1 .\CortexM0\ARM_GCC_541\Debug\MandMs-sorting.a(I2C_I2C.o)
                0x20000324                I2C_state
 *fill*         0x20000325        0x3 
 COMMON         0x20000328       0x24 .\CortexM0\ARM_GCC_541\Debug\MandMs-sorting.a(I2C_I2C_MASTER.o)
                0x20000328                I2C_mstrWrBufIndexTmp
                0x2000032c                I2C_mstrWrBufIndex
                0x20000330                I2C_mstrWrBufSize
                0x20000334                I2C_mstrStatus
                0x20000338                I2C_mstrRdBufPtr
                0x2000033c                I2C_mstrControl
                0x20000340                I2C_mstrRdBufSize
                0x20000344                I2C_mstrRdBufIndex
                0x20000348                I2C_mstrWrBufPtr
 COMMON         0x2000034c        0x6 .\CortexM0\ARM_GCC_541\Debug\MandMs-sorting.a(ADC.o)
                0x2000034c                ADC_countsPer10Volt
                0x20000350                ADC_offset
 *fill*         0x20000352        0x2 
 COMMON         0x20000354        0x4 c:/program files (x86)/cypress/psoc creator/4.4/psoc creator/import/gnu/arm/5.4.1/bin/../lib/gcc/arm-none-eabi/5.4.1/../../../../arm-none-eabi/lib/armv6-m\libg_nano.a(lib_a-reent.o)
                0x20000354                errno
                0x20000358                . = ALIGN (0x8)
 *(.ram.b)
                0x20000358                _end = .
                0x20000358                __end = .
                0x20000358                PROVIDE (end, .)
                0x20000358                PROVIDE (__bss_end__, .)
                0x00003b90                __cy_region_init_ram = LOADADDR (.data)
                0x00000118                __cy_region_init_size_ram = (_edata - ADDR (.data))
                0x00000180                __cy_region_zero_size_ram = (_end - _edata)

.heap           0x20000358       0x80 load address 0x00003ca8
                0x20000358                . = _end
                0x200003d8                . = (. + 0x80)
 *fill*         0x20000358       0x80 
                0x200003d8                __cy_heap_limit = .

.stack          0x20000c00      0x400
                0x20000c00                __cy_stack_limit = .
                0x20001000                . = (. + 0x400)
 *fill*         0x20000c00      0x400 
                0x00000001                ASSERT ((__cy_stack_limit >= __cy_heap_limit), region RAM overflowed with stack)
                0x00000000                cy_checksum_exclude_size = (CY_APPL_LOADABLE == 0x1)?SIZEOF (.cy_checksum_exclude):0x0
                0x00000001                ASSERT ((cy_checksum_exclude_size <= CY_CHECKSUM_EXCLUDE_SIZE), CY_BOOT: Section .cy_checksum_exclude size exceedes specified limit.)
                0x00007fc0                cyloadermeta_start = (cy_project_type_bootloader || cy_project_type_app_for_stack_and_copier)?(LENGTH (rom) - CY_METADATA_SIZE):0xf0000000

.cyloadermeta
 *(.cyloadermeta)
                0x00007fc0                cyloadablemeta_start = cy_project_type_app_for_stack_and_copier?((LENGTH (rom) - CY_FLASH_ROW_SIZE) - CY_METADATA_SIZE):((LENGTH (rom) - (CY_FLASH_ROW_SIZE * (CY_APPL_NUM - 0x1))) - CY_METADATA_SIZE)

.cyloadablemeta
 *(.cyloadablemeta)

.cyflashprotect
                0x90400000       0x20
 *(.cyflashprotect)
 .cyflashprotect
                0x90400000       0x20 .\CortexM0\ARM_GCC_541\Debug\cymetadata.o
                0x90400000                cy_meta_flashprotect

.cymeta         0x90500000        0xc
 *(.cymeta)
 .cymeta        0x90500000        0xc .\CortexM0\ARM_GCC_541\Debug\cymetadata.o
                0x90500000                cy_metadata

.cychipprotect  0x90600000        0x1
 *(.cychipprotect)
 .cychipprotect
                0x90600000        0x1 .\CortexM0\ARM_GCC_541\Debug\cymetadata.o
                0x90600000                cy_meta_chipprotect

.rel.dyn        0x00003ca8        0x0 load address 0x90600004
 .rel.iplt      0x00003ca8        0x0 c:/program files (x86)/cypress/psoc creator/4.4/psoc creator/import/gnu/arm/5.4.1/bin/../lib/gcc/arm-none-eabi/5.4.1/armv6-m/crtbegin.o

.stab
 *(.stab)

.stabstr
 *(.stabstr)

.debug
 *(.debug)

.line
 *(.line)

.debug_srcinfo
 *(.debug_srcinfo)

.debug_sfnames
 *(.debug_sfnames)

.debug_aranges  0x00000000     0x1118
 *(.debug_aranges)
 .debug_aranges
                0x00000000       0x48 .\CortexM0\ARM_GCC_541\Debug\main.o
 .debug_aranges
                0x00000048       0x20 .\CortexM0\ARM_GCC_541\Debug\utils.o
 .debug_aranges
                0x00000068       0x90 .\CortexM0\ARM_GCC_541\Debug\tcs34725.o
 .debug_aranges
                0x000000f8       0x38 .\CortexM0\ARM_GCC_541\Debug\learn_color.o
 .debug_aranges
                0x00000130       0x48 .\CortexM0\ARM_GCC_541\Debug\cyfitter_cfg.o
 .debug_aranges
                0x00000178       0x18 .\CortexM0\ARM_GCC_541\Debug\cymetadata.o
 .debug_aranges
                0x00000190       0x48 .\CortexM0\ARM_GCC_541\Debug\Cm0Start.o
 .debug_aranges
                0x000001d8       0x40 .\CortexM0\ARM_GCC_541\Debug\MandMs-sorting.a(Clock.o)
 .debug_aranges
                0x00000218       0x28 .\CortexM0\ARM_GCC_541\Debug\MandMs-sorting.a(Control_Reg_1.o)
 .debug_aranges
                0x00000240       0x48 .\CortexM0\ARM_GCC_541\Debug\MandMs-sorting.a(Dir_1.o)
 .debug_aranges
                0x00000288       0x48 .\CortexM0\ARM_GCC_541\Debug\MandMs-sorting.a(Dir_2_5.o)
 .debug_aranges
                0x000002d0       0x48 .\CortexM0\ARM_GCC_541\Debug\MandMs-sorting.a(Dir_3_4.o)
 .debug_aranges
                0x00000318       0x28 .\CortexM0\ARM_GCC_541\Debug\MandMs-sorting.a(Control_Reg_2.o)
 .debug_aranges
                0x00000340       0x40 .\CortexM0\ARM_GCC_541\Debug\MandMs-sorting.a(Status_Reg_1.o)
 .debug_aranges
                0x00000380      0x158 .\CortexM0\ARM_GCC_541\Debug\MandMs-sorting.a(PWM_Container.o)
 .debug_aranges
                0x000004d8       0x68 .\CortexM0\ARM_GCC_541\Debug\MandMs-sorting.a(I2C.o)
 .debug_aranges
                0x00000540       0x30 .\CortexM0\ARM_GCC_541\Debug\MandMs-sorting.a(I2C_I2C.o)
 .debug_aranges
                0x00000570       0x98 .\CortexM0\ARM_GCC_541\Debug\MandMs-sorting.a(I2C_I2C_MASTER.o)
 .debug_aranges
                0x00000608       0x60 .\CortexM0\ARM_GCC_541\Debug\MandMs-sorting.a(UART.o)
 .debug_aranges
                0x00000668       0x68 .\CortexM0\ARM_GCC_541\Debug\MandMs-sorting.a(UART_UART.o)
 .debug_aranges
                0x000006d0       0x48 .\CortexM0\ARM_GCC_541\Debug\MandMs-sorting.a(I2C_sda.o)
 .debug_aranges
                0x00000718       0x48 .\CortexM0\ARM_GCC_541\Debug\MandMs-sorting.a(I2C_scl.o)
 .debug_aranges
                0x00000760      0x180 .\CortexM0\ARM_GCC_541\Debug\MandMs-sorting.a(CyLib.o)
 .debug_aranges
                0x000008e0      0x138 .\CortexM0\ARM_GCC_541\Debug\MandMs-sorting.a(CyLFClk.o)
 .debug_aranges
                0x00000a18      0x158 .\CortexM0\ARM_GCC_541\Debug\MandMs-sorting.a(PWM_RED.o)
 .debug_aranges
                0x00000b70      0x158 .\CortexM0\ARM_GCC_541\Debug\MandMs-sorting.a(PWM_BLUE.o)
 .debug_aranges
                0x00000cc8      0x158 .\CortexM0\ARM_GCC_541\Debug\MandMs-sorting.a(PWM_GREEN.o)
 .debug_aranges
                0x00000e20       0x48 .\CortexM0\ARM_GCC_541\Debug\MandMs-sorting.a(SW.o)
 .debug_aranges
                0x00000e68       0x80 .\CortexM0\ARM_GCC_541\Debug\MandMs-sorting.a(isr_SW.o)
 .debug_aranges
                0x00000ee8       0x48 .\CortexM0\ARM_GCC_541\Debug\MandMs-sorting.a(SW_UpDown.o)
 .debug_aranges
                0x00000f30       0x80 .\CortexM0\ARM_GCC_541\Debug\MandMs-sorting.a(isr_SW_UpDown.o)
 .debug_aranges
                0x00000fb0       0xa8 .\CortexM0\ARM_GCC_541\Debug\MandMs-sorting.a(ADC.o)
 .debug_aranges
                0x00001058       0x20 .\CortexM0\ARM_GCC_541\Debug\MandMs-sorting.a(ADC_INT.o)
 .debug_aranges
                0x00001078       0x20 .\CortexM0\ARM_GCC_541\Debug\MandMs-sorting.a(CyBootAsmGnu.o)
 .debug_aranges
                0x00001098       0x20 .\CortexM0\ARM_GCC_541\Debug\MandMs-sorting.a(I2C_I2C_INT.o)
 .debug_aranges
                0x000010b8       0x60 .\CortexM0\ARM_GCC_541\Debug\MandMs-sorting.a(UART_SPI_UART.o)

.debug_pubnames
 *(.debug_pubnames)

.debug_info     0x00000000     0x962e
 *(.debug_info .gnu.linkonce.wi.*)
 .debug_info    0x00000000      0x82f .\CortexM0\ARM_GCC_541\Debug\main.o
 .debug_info    0x0000082f       0xf8 .\CortexM0\ARM_GCC_541\Debug\utils.o
 .debug_info    0x00000927      0xf6d .\CortexM0\ARM_GCC_541\Debug\tcs34725.o
 .debug_info    0x00001894      0x5d8 .\CortexM0\ARM_GCC_541\Debug\learn_color.o
 .debug_info    0x00001e6c      0x404 .\CortexM0\ARM_GCC_541\Debug\cyfitter_cfg.o
 .debug_info    0x00002270       0xf8 .\CortexM0\ARM_GCC_541\Debug\cymetadata.o
 .debug_info    0x00002368      0x3a2 .\CortexM0\ARM_GCC_541\Debug\Cm0Start.o
 .debug_info    0x0000270a      0x14e .\CortexM0\ARM_GCC_541\Debug\MandMs-sorting.a(Clock.o)
 .debug_info    0x00002858       0xd6 .\CortexM0\ARM_GCC_541\Debug\MandMs-sorting.a(Control_Reg_1.o)
 .debug_info    0x0000292e      0x19d .\CortexM0\ARM_GCC_541\Debug\MandMs-sorting.a(Dir_1.o)
 .debug_info    0x00002acb      0x19b .\CortexM0\ARM_GCC_541\Debug\MandMs-sorting.a(Dir_2_5.o)
 .debug_info    0x00002c66      0x19d .\CortexM0\ARM_GCC_541\Debug\MandMs-sorting.a(Dir_3_4.o)
 .debug_info    0x00002e03       0xd6 .\CortexM0\ARM_GCC_541\Debug\MandMs-sorting.a(Control_Reg_2.o)
 .debug_info    0x00002ed9      0x17f .\CortexM0\ARM_GCC_541\Debug\MandMs-sorting.a(Status_Reg_1.o)
 .debug_info    0x00003058      0x907 .\CortexM0\ARM_GCC_541\Debug\MandMs-sorting.a(PWM_Container.o)
 .debug_info    0x0000395f      0x2aa .\CortexM0\ARM_GCC_541\Debug\MandMs-sorting.a(I2C.o)
 .debug_info    0x00003c09      0x195 .\CortexM0\ARM_GCC_541\Debug\MandMs-sorting.a(I2C_I2C.o)
 .debug_info    0x00003d9e      0x91d .\CortexM0\ARM_GCC_541\Debug\MandMs-sorting.a(I2C_I2C_MASTER.o)
 .debug_info    0x000046bb      0x24c .\CortexM0\ARM_GCC_541\Debug\MandMs-sorting.a(UART.o)
 .debug_info    0x00004907      0x310 .\CortexM0\ARM_GCC_541\Debug\MandMs-sorting.a(UART_UART.o)
 .debug_info    0x00004c17      0x19d .\CortexM0\ARM_GCC_541\Debug\MandMs-sorting.a(I2C_sda.o)
 .debug_info    0x00004db4      0x19b .\CortexM0\ARM_GCC_541\Debug\MandMs-sorting.a(I2C_scl.o)
 .debug_info    0x00004f4f      0xaed .\CortexM0\ARM_GCC_541\Debug\MandMs-sorting.a(CyLib.o)
 .debug_info    0x00005a3c      0xcfe .\CortexM0\ARM_GCC_541\Debug\MandMs-sorting.a(CyLFClk.o)
 .debug_info    0x0000673a      0x908 .\CortexM0\ARM_GCC_541\Debug\MandMs-sorting.a(PWM_RED.o)
 .debug_info    0x00007042      0x908 .\CortexM0\ARM_GCC_541\Debug\MandMs-sorting.a(PWM_BLUE.o)
 .debug_info    0x0000794a      0x908 .\CortexM0\ARM_GCC_541\Debug\MandMs-sorting.a(PWM_GREEN.o)
 .debug_info    0x00008252      0x19d .\CortexM0\ARM_GCC_541\Debug\MandMs-sorting.a(SW.o)
 .debug_info    0x000083ef      0x305 .\CortexM0\ARM_GCC_541\Debug\MandMs-sorting.a(isr_SW.o)
 .debug_info    0x000086f4      0x19d .\CortexM0\ARM_GCC_541\Debug\MandMs-sorting.a(SW_UpDown.o)
 .debug_info    0x00008891      0x305 .\CortexM0\ARM_GCC_541\Debug\MandMs-sorting.a(isr_SW_UpDown.o)
 .debug_info    0x00008b96      0x579 .\CortexM0\ARM_GCC_541\Debug\MandMs-sorting.a(ADC.o)
 .debug_info    0x0000910f       0xcb .\CortexM0\ARM_GCC_541\Debug\MandMs-sorting.a(ADC_INT.o)
 .debug_info    0x000091da       0x8c .\CortexM0\ARM_GCC_541\Debug\MandMs-sorting.a(CyBootAsmGnu.o)
 .debug_info    0x00009266      0x1a8 .\CortexM0\ARM_GCC_541\Debug\MandMs-sorting.a(I2C_I2C_INT.o)
 .debug_info    0x0000940e      0x220 .\CortexM0\ARM_GCC_541\Debug\MandMs-sorting.a(UART_SPI_UART.o)

.debug_abbrev   0x00000000     0x2771
 *(.debug_abbrev)
 .debug_abbrev  0x00000000      0x1e4 .\CortexM0\ARM_GCC_541\Debug\main.o
 .debug_abbrev  0x000001e4       0xa7 .\CortexM0\ARM_GCC_541\Debug\utils.o
 .debug_abbrev  0x0000028b      0x26a .\CortexM0\ARM_GCC_541\Debug\tcs34725.o
 .debug_abbrev  0x000004f5      0x177 .\CortexM0\ARM_GCC_541\Debug\learn_color.o
 .debug_abbrev  0x0000066c      0x1cf .\CortexM0\ARM_GCC_541\Debug\cyfitter_cfg.o
 .debug_abbrev  0x0000083b       0x5d .\CortexM0\ARM_GCC_541\Debug\cymetadata.o
 .debug_abbrev  0x00000898      0x1d7 .\CortexM0\ARM_GCC_541\Debug\Cm0Start.o
 .debug_abbrev  0x00000a6f       0xb7 .\CortexM0\ARM_GCC_541\Debug\MandMs-sorting.a(Clock.o)
 .debug_abbrev  0x00000b26       0x81 .\CortexM0\ARM_GCC_541\Debug\MandMs-sorting.a(Control_Reg_1.o)
 .debug_abbrev  0x00000ba7       0xc8 .\CortexM0\ARM_GCC_541\Debug\MandMs-sorting.a(Dir_1.o)
 .debug_abbrev  0x00000c6f       0xc8 .\CortexM0\ARM_GCC_541\Debug\MandMs-sorting.a(Dir_2_5.o)
 .debug_abbrev  0x00000d37       0xc8 .\CortexM0\ARM_GCC_541\Debug\MandMs-sorting.a(Dir_3_4.o)
 .debug_abbrev  0x00000dff       0x81 .\CortexM0\ARM_GCC_541\Debug\MandMs-sorting.a(Control_Reg_2.o)
 .debug_abbrev  0x00000e80       0xac .\CortexM0\ARM_GCC_541\Debug\MandMs-sorting.a(Status_Reg_1.o)
 .debug_abbrev  0x00000f2c      0x119 .\CortexM0\ARM_GCC_541\Debug\MandMs-sorting.a(PWM_Container.o)
 .debug_abbrev  0x00001045      0x130 .\CortexM0\ARM_GCC_541\Debug\MandMs-sorting.a(I2C.o)
 .debug_abbrev  0x00001175       0xc7 .\CortexM0\ARM_GCC_541\Debug\MandMs-sorting.a(I2C_I2C.o)
 .debug_abbrev  0x0000123c      0x1b3 .\CortexM0\ARM_GCC_541\Debug\MandMs-sorting.a(I2C_I2C_MASTER.o)
 .debug_abbrev  0x000013ef       0xed .\CortexM0\ARM_GCC_541\Debug\MandMs-sorting.a(UART.o)
 .debug_abbrev  0x000014dc      0x123 .\CortexM0\ARM_GCC_541\Debug\MandMs-sorting.a(UART_UART.o)
 .debug_abbrev  0x000015ff       0xc8 .\CortexM0\ARM_GCC_541\Debug\MandMs-sorting.a(I2C_sda.o)
 .debug_abbrev  0x000016c7       0xc8 .\CortexM0\ARM_GCC_541\Debug\MandMs-sorting.a(I2C_scl.o)
 .debug_abbrev  0x0000178f      0x1d3 .\CortexM0\ARM_GCC_541\Debug\MandMs-sorting.a(CyLib.o)
 .debug_abbrev  0x00001962      0x210 .\CortexM0\ARM_GCC_541\Debug\MandMs-sorting.a(CyLFClk.o)
 .debug_abbrev  0x00001b72      0x119 .\CortexM0\ARM_GCC_541\Debug\MandMs-sorting.a(PWM_RED.o)
 .debug_abbrev  0x00001c8b      0x119 .\CortexM0\ARM_GCC_541\Debug\MandMs-sorting.a(PWM_BLUE.o)
 .debug_abbrev  0x00001da4      0x119 .\CortexM0\ARM_GCC_541\Debug\MandMs-sorting.a(PWM_GREEN.o)
 .debug_abbrev  0x00001ebd       0xc8 .\CortexM0\ARM_GCC_541\Debug\MandMs-sorting.a(SW.o)
 .debug_abbrev  0x00001f85      0x19a .\CortexM0\ARM_GCC_541\Debug\MandMs-sorting.a(isr_SW.o)
 .debug_abbrev  0x0000211f       0xc8 .\CortexM0\ARM_GCC_541\Debug\MandMs-sorting.a(SW_UpDown.o)
 .debug_abbrev  0x000021e7      0x19a .\CortexM0\ARM_GCC_541\Debug\MandMs-sorting.a(isr_SW_UpDown.o)
 .debug_abbrev  0x00002381      0x184 .\CortexM0\ARM_GCC_541\Debug\MandMs-sorting.a(ADC.o)
 .debug_abbrev  0x00002505       0x65 .\CortexM0\ARM_GCC_541\Debug\MandMs-sorting.a(ADC_INT.o)
 .debug_abbrev  0x0000256a       0x14 .\CortexM0\ARM_GCC_541\Debug\MandMs-sorting.a(CyBootAsmGnu.o)
 .debug_abbrev  0x0000257e       0xa4 .\CortexM0\ARM_GCC_541\Debug\MandMs-sorting.a(I2C_I2C_INT.o)
 .debug_abbrev  0x00002622      0x14f .\CortexM0\ARM_GCC_541\Debug\MandMs-sorting.a(UART_SPI_UART.o)

.debug_line     0x00000000     0x3e61
 *(.debug_line)
 .debug_line    0x00000000      0x41f .\CortexM0\ARM_GCC_541\Debug\main.o
 .debug_line    0x0000041f       0x61 .\CortexM0\ARM_GCC_541\Debug\utils.o
 .debug_line    0x00000480      0x3d2 .\CortexM0\ARM_GCC_541\Debug\tcs34725.o
 .debug_line    0x00000852      0x26b .\CortexM0\ARM_GCC_541\Debug\learn_color.o
 .debug_line    0x00000abd      0x1a6 .\CortexM0\ARM_GCC_541\Debug\cyfitter_cfg.o
 .debug_line    0x00000c63      0x141 .\CortexM0\ARM_GCC_541\Debug\cymetadata.o
 .debug_line    0x00000da4      0x235 .\CortexM0\ARM_GCC_541\Debug\Cm0Start.o
 .debug_line    0x00000fd9       0xab .\CortexM0\ARM_GCC_541\Debug\MandMs-sorting.a(Clock.o)
 .debug_line    0x00001084       0x76 .\CortexM0\ARM_GCC_541\Debug\MandMs-sorting.a(Control_Reg_1.o)
 .debug_line    0x000010fa       0xbd .\CortexM0\ARM_GCC_541\Debug\MandMs-sorting.a(Dir_1.o)
 .debug_line    0x000011b7       0xbe .\CortexM0\ARM_GCC_541\Debug\MandMs-sorting.a(Dir_2_5.o)
 .debug_line    0x00001275       0xbf .\CortexM0\ARM_GCC_541\Debug\MandMs-sorting.a(Dir_3_4.o)
 .debug_line    0x00001334       0x76 .\CortexM0\ARM_GCC_541\Debug\MandMs-sorting.a(Control_Reg_2.o)
 .debug_line    0x000013aa       0xbb .\CortexM0\ARM_GCC_541\Debug\MandMs-sorting.a(Status_Reg_1.o)
 .debug_line    0x00001465      0x386 .\CortexM0\ARM_GCC_541\Debug\MandMs-sorting.a(PWM_Container.o)
 .debug_line    0x000017eb      0x143 .\CortexM0\ARM_GCC_541\Debug\MandMs-sorting.a(I2C.o)
 .debug_line    0x0000192e       0xc3 .\CortexM0\ARM_GCC_541\Debug\MandMs-sorting.a(I2C_I2C.o)
 .debug_line    0x000019f1      0x339 .\CortexM0\ARM_GCC_541\Debug\MandMs-sorting.a(I2C_I2C_MASTER.o)
 .debug_line    0x00001d2a      0x127 .\CortexM0\ARM_GCC_541\Debug\MandMs-sorting.a(UART.o)
 .debug_line    0x00001e51      0x16d .\CortexM0\ARM_GCC_541\Debug\MandMs-sorting.a(UART_UART.o)
 .debug_line    0x00001fbe       0xbf .\CortexM0\ARM_GCC_541\Debug\MandMs-sorting.a(I2C_sda.o)
 .debug_line    0x0000207d       0xbe .\CortexM0\ARM_GCC_541\Debug\MandMs-sorting.a(I2C_scl.o)
 .debug_line    0x0000213b      0x460 .\CortexM0\ARM_GCC_541\Debug\MandMs-sorting.a(CyLib.o)
 .debug_line    0x0000259b      0x466 .\CortexM0\ARM_GCC_541\Debug\MandMs-sorting.a(CyLFClk.o)
 .debug_line    0x00002a01      0x380 .\CortexM0\ARM_GCC_541\Debug\MandMs-sorting.a(PWM_RED.o)
 .debug_line    0x00002d81      0x381 .\CortexM0\ARM_GCC_541\Debug\MandMs-sorting.a(PWM_BLUE.o)
 .debug_line    0x00003102      0x382 .\CortexM0\ARM_GCC_541\Debug\MandMs-sorting.a(PWM_GREEN.o)
 .debug_line    0x00003484       0xba .\CortexM0\ARM_GCC_541\Debug\MandMs-sorting.a(SW.o)
 .debug_line    0x0000353e      0x14e .\CortexM0\ARM_GCC_541\Debug\MandMs-sorting.a(isr_SW.o)
 .debug_line    0x0000368c       0xc1 .\CortexM0\ARM_GCC_541\Debug\MandMs-sorting.a(SW_UpDown.o)
 .debug_line    0x0000374d      0x159 .\CortexM0\ARM_GCC_541\Debug\MandMs-sorting.a(isr_SW_UpDown.o)
 .debug_line    0x000038a6      0x277 .\CortexM0\ARM_GCC_541\Debug\MandMs-sorting.a(ADC.o)
 .debug_line    0x00003b1d       0x62 .\CortexM0\ARM_GCC_541\Debug\MandMs-sorting.a(ADC_INT.o)
 .debug_line    0x00003b7f       0x69 .\CortexM0\ARM_GCC_541\Debug\MandMs-sorting.a(CyBootAsmGnu.o)
 .debug_line    0x00003be8      0x15f .\CortexM0\ARM_GCC_541\Debug\MandMs-sorting.a(I2C_I2C_INT.o)
 .debug_line    0x00003d47      0x11a .\CortexM0\ARM_GCC_541\Debug\MandMs-sorting.a(UART_SPI_UART.o)

.debug_frame    0x00000000     0x2eac
 *(.debug_frame)
 .debug_frame   0x00000000       0xb8 .\CortexM0\ARM_GCC_541\Debug\main.o
 .debug_frame   0x000000b8       0x2c .\CortexM0\ARM_GCC_541\Debug\utils.o
 .debug_frame   0x000000e4      0x1e4 .\CortexM0\ARM_GCC_541\Debug\tcs34725.o
 .debug_frame   0x000002c8       0x98 .\CortexM0\ARM_GCC_541\Debug\learn_color.o
 .debug_frame   0x00000360       0xb8 .\CortexM0\ARM_GCC_541\Debug\cyfitter_cfg.o
 .debug_frame   0x00000418       0xbc .\CortexM0\ARM_GCC_541\Debug\Cm0Start.o
 .debug_frame   0x000004d4       0x60 .\CortexM0\ARM_GCC_541\Debug\MandMs-sorting.a(Clock.o)
 .debug_frame   0x00000534       0x30 .\CortexM0\ARM_GCC_541\Debug\MandMs-sorting.a(Control_Reg_1.o)
 .debug_frame   0x00000564       0x70 .\CortexM0\ARM_GCC_541\Debug\MandMs-sorting.a(Dir_1.o)
 .debug_frame   0x000005d4       0x70 .\CortexM0\ARM_GCC_541\Debug\MandMs-sorting.a(Dir_2_5.o)
 .debug_frame   0x00000644       0x70 .\CortexM0\ARM_GCC_541\Debug\MandMs-sorting.a(Dir_3_4.o)
 .debug_frame   0x000006b4       0x30 .\CortexM0\ARM_GCC_541\Debug\MandMs-sorting.a(Control_Reg_2.o)
 .debug_frame   0x000006e4       0x78 .\CortexM0\ARM_GCC_541\Debug\MandMs-sorting.a(Status_Reg_1.o)
 .debug_frame   0x0000075c      0x3a0 .\CortexM0\ARM_GCC_541\Debug\MandMs-sorting.a(PWM_Container.o)
 .debug_frame   0x00000afc       0xf8 .\CortexM0\ARM_GCC_541\Debug\MandMs-sorting.a(I2C.o)
 .debug_frame   0x00000bf4       0x58 .\CortexM0\ARM_GCC_541\Debug\MandMs-sorting.a(I2C_I2C.o)
 .debug_frame   0x00000c4c      0x1e8 .\CortexM0\ARM_GCC_541\Debug\MandMs-sorting.a(I2C_I2C_MASTER.o)
 .debug_frame   0x00000e34       0xe8 .\CortexM0\ARM_GCC_541\Debug\MandMs-sorting.a(UART.o)
 .debug_frame   0x00000f1c       0xf4 .\CortexM0\ARM_GCC_541\Debug\MandMs-sorting.a(UART_UART.o)
 .debug_frame   0x00001010       0x70 .\CortexM0\ARM_GCC_541\Debug\MandMs-sorting.a(I2C_sda.o)
 .debug_frame   0x00001080       0x70 .\CortexM0\ARM_GCC_541\Debug\MandMs-sorting.a(I2C_scl.o)
 .debug_frame   0x000010f0      0x3e0 .\CortexM0\ARM_GCC_541\Debug\MandMs-sorting.a(CyLib.o)
 .debug_frame   0x000014d0      0x3a8 .\CortexM0\ARM_GCC_541\Debug\MandMs-sorting.a(CyLFClk.o)
 .debug_frame   0x00001878      0x3a0 .\CortexM0\ARM_GCC_541\Debug\MandMs-sorting.a(PWM_RED.o)
 .debug_frame   0x00001c18      0x3a0 .\CortexM0\ARM_GCC_541\Debug\MandMs-sorting.a(PWM_BLUE.o)
 .debug_frame   0x00001fb8      0x3a0 .\CortexM0\ARM_GCC_541\Debug\MandMs-sorting.a(PWM_GREEN.o)
 .debug_frame   0x00002358       0x70 .\CortexM0\ARM_GCC_541\Debug\MandMs-sorting.a(SW.o)
 .debug_frame   0x000023c8      0x110 .\CortexM0\ARM_GCC_541\Debug\MandMs-sorting.a(isr_SW.o)
 .debug_frame   0x000024d8       0x70 .\CortexM0\ARM_GCC_541\Debug\MandMs-sorting.a(SW_UpDown.o)
 .debug_frame   0x00002548      0x110 .\CortexM0\ARM_GCC_541\Debug\MandMs-sorting.a(isr_SW_UpDown.o)
 .debug_frame   0x00002658      0x1b0 .\CortexM0\ARM_GCC_541\Debug\MandMs-sorting.a(ADC.o)
 .debug_frame   0x00002808       0x20 .\CortexM0\ARM_GCC_541\Debug\MandMs-sorting.a(ADC_INT.o)
 .debug_frame   0x00002828       0x2c .\CortexM0\ARM_GCC_541\Debug\MandMs-sorting.a(I2C_I2C_INT.o)
 .debug_frame   0x00002854       0xb0 .\CortexM0\ARM_GCC_541\Debug\MandMs-sorting.a(UART_SPI_UART.o)
 .debug_frame   0x00002904       0x20 c:/program files (x86)/cypress/psoc creator/4.4/psoc creator/import/gnu/arm/5.4.1/bin/../lib/gcc/arm-none-eabi/5.4.1/armv6-m\libgcc.a(_udivsi3.o)
 .debug_frame   0x00002924       0x20 c:/program files (x86)/cypress/psoc creator/4.4/psoc creator/import/gnu/arm/5.4.1/bin/../lib/gcc/arm-none-eabi/5.4.1/armv6-m\libgcc.a(_divsi3.o)
 .debug_frame   0x00002944       0x34 c:/program files (x86)/cypress/psoc creator/4.4/psoc creator/import/gnu/arm/5.4.1/bin/../lib/gcc/arm-none-eabi/5.4.1/armv6-m\libgcc.a(_muldi3.o)
 .debug_frame   0x00002978       0x30 c:/program files (x86)/cypress/psoc creator/4.4/psoc creator/import/gnu/arm/5.4.1/bin/../lib/gcc/arm-none-eabi/5.4.1/armv6-m\libgcc.a(bpabi.o)
 .debug_frame   0x000029a8       0x3c c:/program files (x86)/cypress/psoc creator/4.4/psoc creator/import/gnu/arm/5.4.1/bin/../lib/gcc/arm-none-eabi/5.4.1/armv6-m\libgcc.a(divsf3.o)
 .debug_frame   0x000029e4       0x38 c:/program files (x86)/cypress/psoc creator/4.4/psoc creator/import/gnu/arm/5.4.1/bin/../lib/gcc/arm-none-eabi/5.4.1/armv6-m\libgcc.a(mulsf3.o)
 .debug_frame   0x00002a1c       0x2c c:/program files (x86)/cypress/psoc creator/4.4/psoc creator/import/gnu/arm/5.4.1/bin/../lib/gcc/arm-none-eabi/5.4.1/armv6-m\libgcc.a(floatsisf.o)
 .debug_frame   0x00002a48       0x2c c:/program files (x86)/cypress/psoc creator/4.4/psoc creator/import/gnu/arm/5.4.1/bin/../lib/gcc/arm-none-eabi/5.4.1/armv6-m\libgcc.a(floatunsisf.o)
 .debug_frame   0x00002a74       0x3c c:/program files (x86)/cypress/psoc creator/4.4/psoc creator/import/gnu/arm/5.4.1/bin/../lib/gcc/arm-none-eabi/5.4.1/armv6-m\libgcc.a(muldf3.o)
 .debug_frame   0x00002ab0       0x2c c:/program files (x86)/cypress/psoc creator/4.4/psoc creator/import/gnu/arm/5.4.1/bin/../lib/gcc/arm-none-eabi/5.4.1/armv6-m\libgcc.a(fixdfsi.o)
 .debug_frame   0x00002adc       0x2c c:/program files (x86)/cypress/psoc creator/4.4/psoc creator/import/gnu/arm/5.4.1/bin/../lib/gcc/arm-none-eabi/5.4.1/armv6-m\libgcc.a(extendsfdf2.o)
 .debug_frame   0x00002b08       0x3c c:/program files (x86)/cypress/psoc creator/4.4/psoc creator/import/gnu/arm/5.4.1/bin/../lib/gcc/arm-none-eabi/5.4.1/armv6-m\libgcc.a(_divdi3.o)
 .debug_frame   0x00002b44       0x20 c:/program files (x86)/cypress/psoc creator/4.4/psoc creator/import/gnu/arm/5.4.1/bin/../lib/gcc/arm-none-eabi/5.4.1/../../../../arm-none-eabi/lib/armv6-m\libg_nano.a(lib_a-errno.o)
 .debug_frame   0x00002b64       0x28 c:/program files (x86)/cypress/psoc creator/4.4/psoc creator/import/gnu/arm/5.4.1/bin/../lib/gcc/arm-none-eabi/5.4.1/../../../../arm-none-eabi/lib/armv6-m\libg_nano.a(lib_a-exit.o)
 .debug_frame   0x00002b8c       0x2c c:/program files (x86)/cypress/psoc creator/4.4/psoc creator/import/gnu/arm/5.4.1/bin/../lib/gcc/arm-none-eabi/5.4.1/../../../../arm-none-eabi/lib/armv6-m\libg_nano.a(lib_a-init.o)
 .debug_frame   0x00002bb8       0x28 c:/program files (x86)/cypress/psoc creator/4.4/psoc creator/import/gnu/arm/5.4.1/bin/../lib/gcc/arm-none-eabi/5.4.1/../../../../arm-none-eabi/lib/armv6-m\libg_nano.a(lib_a-memcpy-stub.o)
 .debug_frame   0x00002be0       0x20 c:/program files (x86)/cypress/psoc creator/4.4/psoc creator/import/gnu/arm/5.4.1/bin/../lib/gcc/arm-none-eabi/5.4.1/../../../../arm-none-eabi/lib/armv6-m\libg_nano.a(lib_a-memset.o)
 .debug_frame   0x00002c00       0x50 c:/program files (x86)/cypress/psoc creator/4.4/psoc creator/import/gnu/arm/5.4.1/bin/../lib/gcc/arm-none-eabi/5.4.1/../../../../arm-none-eabi/lib/armv6-m\libg_nano.a(lib_a-sprintf.o)
 .debug_frame   0x00002c50       0x74 c:/program files (x86)/cypress/psoc creator/4.4/psoc creator/import/gnu/arm/5.4.1/bin/../lib/gcc/arm-none-eabi/5.4.1/../../../../arm-none-eabi/lib/armv6-m\libg_nano.a(lib_a-nano-svfprintf.o)
 .debug_frame   0x00002cc4       0x54 c:/program files (x86)/cypress/psoc creator/4.4/psoc creator/import/gnu/arm/5.4.1/bin/../lib/gcc/arm-none-eabi/5.4.1/../../../../arm-none-eabi/lib/armv6-m\libg_nano.a(lib_a-nano-vfprintf_i.o)
 .debug_frame   0x00002d18       0x20 c:/program files (x86)/cypress/psoc creator/4.4/psoc creator/import/gnu/arm/5.4.1/bin/../lib/gcc/arm-none-eabi/5.4.1/../../../../arm-none-eabi/lib/armv6-m\libg_nano.a(lib_a-memchr-stub.o)
 .debug_frame   0x00002d38       0x28 c:/program files (x86)/cypress/psoc creator/4.4/psoc creator/import/gnu/arm/5.4.1/bin/../lib/gcc/arm-none-eabi/5.4.1/../../../../arm-none-eabi/lib/armv6-m\libg_nano.a(lib_a-memmove.o)
 .debug_frame   0x00002d60       0x2c c:/program files (x86)/cypress/psoc creator/4.4/psoc creator/import/gnu/arm/5.4.1/bin/../lib/gcc/arm-none-eabi/5.4.1/../../../../arm-none-eabi/lib/armv6-m\libg_nano.a(lib_a-nano-freer.o)
 .debug_frame   0x00002d8c       0x2c c:/program files (x86)/cypress/psoc creator/4.4/psoc creator/import/gnu/arm/5.4.1/bin/../lib/gcc/arm-none-eabi/5.4.1/../../../../arm-none-eabi/lib/armv6-m\libg_nano.a(lib_a-nano-mallocr.o)
 .debug_frame   0x00002db8       0x30 c:/program files (x86)/cypress/psoc creator/4.4/psoc creator/import/gnu/arm/5.4.1/bin/../lib/gcc/arm-none-eabi/5.4.1/../../../../arm-none-eabi/lib/armv6-m\libg_nano.a(lib_a-nano-reallocr.o)
 .debug_frame   0x00002de8       0x2c c:/program files (x86)/cypress/psoc creator/4.4/psoc creator/import/gnu/arm/5.4.1/bin/../lib/gcc/arm-none-eabi/5.4.1/../../../../arm-none-eabi/lib/armv6-m\libg_nano.a(lib_a-sbrkr.o)
 .debug_frame   0x00002e14       0x30 c:/program files (x86)/cypress/psoc creator/4.4/psoc creator/import/gnu/arm/5.4.1/bin/../lib/gcc/arm-none-eabi/5.4.1/../../../../arm-none-eabi/lib/armv6-m\libg_nano.a(lib_a-mlock.o)
 .debug_frame   0x00002e44       0x20 c:/program files (x86)/cypress/psoc creator/4.4/psoc creator/import/gnu/arm/5.4.1/bin/../lib/gcc/arm-none-eabi/5.4.1/../../../../arm-none-eabi/lib/armv6-m\libg_nano.a(lib_a-nano-msizer.o)
 .debug_frame   0x00002e64       0x48 c:/program files (x86)/cypress/psoc creator/4.4/psoc creator/import/gnu/arm/5.4.1/bin/../lib/gcc/arm-none-eabi/5.4.1/../../../../arm-none-eabi/lib/armv6-m\libg_nano.a(lib_a-reent.o)

.debug_str      0x00000000     0x3514
 *(.debug_str)
 .debug_str     0x00000000      0x468 .\CortexM0\ARM_GCC_541\Debug\main.o
                                0x4c7 (size before relaxing)
 .debug_str     0x00000468       0x1b .\CortexM0\ARM_GCC_541\Debug\utils.o
                                0x198 (size before relaxing)
 .debug_str     0x00000483      0x317 .\CortexM0\ARM_GCC_541\Debug\tcs34725.o
                                0x5af (size before relaxing)
 .debug_str     0x0000079a       0x77 .\CortexM0\ARM_GCC_541\Debug\learn_color.o
                                0x31f (size before relaxing)
 .debug_str     0x00000811      0x144 .\CortexM0\ARM_GCC_541\Debug\cyfitter_cfg.o
                                0x2f9 (size before relaxing)
 .debug_str     0x00000955       0x59 .\CortexM0\ARM_GCC_541\Debug\cymetadata.o
                                0x1c4 (size before relaxing)
 .debug_str     0x000009ae      0x135 .\CortexM0\ARM_GCC_541\Debug\Cm0Start.o
                                0x2fd (size before relaxing)
 .debug_str     0x00000ae3       0xb1 .\CortexM0\ARM_GCC_541\Debug\MandMs-sorting.a(Clock.o)
                                0x239 (size before relaxing)
 .debug_str     0x00000b94       0x42 .\CortexM0\ARM_GCC_541\Debug\MandMs-sorting.a(Control_Reg_1.o)
                                0x1c3 (size before relaxing)
 .debug_str     0x00000bd6       0xa4 .\CortexM0\ARM_GCC_541\Debug\MandMs-sorting.a(Dir_1.o)
                                0x232 (size before relaxing)
 .debug_str     0x00000c7a       0x87 .\CortexM0\ARM_GCC_541\Debug\MandMs-sorting.a(Dir_2_5.o)
                                0x240 (size before relaxing)
 .debug_str     0x00000d01       0x87 .\CortexM0\ARM_GCC_541\Debug\MandMs-sorting.a(Dir_3_4.o)
                                0x240 (size before relaxing)
 .debug_str     0x00000d88       0x3a .\CortexM0\ARM_GCC_541\Debug\MandMs-sorting.a(Control_Reg_2.o)
                                0x1c3 (size before relaxing)
 .debug_str     0x00000dc2       0xcf .\CortexM0\ARM_GCC_541\Debug\MandMs-sorting.a(Status_Reg_1.o)
                                0x263 (size before relaxing)
 .debug_str     0x00000e91      0x4f4 .\CortexM0\ARM_GCC_541\Debug\MandMs-sorting.a(PWM_Container.o)
                                0x6fd (size before relaxing)
 .debug_str     0x00001385      0x135 .\CortexM0\ARM_GCC_541\Debug\MandMs-sorting.a(I2C.o)
                                0x2d5 (size before relaxing)
 .debug_str     0x000014ba       0x85 .\CortexM0\ARM_GCC_541\Debug\MandMs-sorting.a(I2C_I2C.o)
                                0x24a (size before relaxing)
 .debug_str     0x0000153f      0x285 .\CortexM0\ARM_GCC_541\Debug\MandMs-sorting.a(I2C_I2C_MASTER.o)
                                0x4e8 (size before relaxing)
 .debug_str     0x000017c4       0xf7 .\CortexM0\ARM_GCC_541\Debug\MandMs-sorting.a(UART.o)
                                0x2af (size before relaxing)
 .debug_str     0x000018bb      0x152 .\CortexM0\ARM_GCC_541\Debug\MandMs-sorting.a(UART_UART.o)
                                0x338 (size before relaxing)
 .debug_str     0x00001a0d       0x88 .\CortexM0\ARM_GCC_541\Debug\MandMs-sorting.a(I2C_sda.o)
                                0x240 (size before relaxing)
 .debug_str     0x00001a95       0x7a .\CortexM0\ARM_GCC_541\Debug\MandMs-sorting.a(I2C_scl.o)
                                0x240 (size before relaxing)
 .debug_str     0x00001b0f      0x440 .\CortexM0\ARM_GCC_541\Debug\MandMs-sorting.a(CyLib.o)
                                0x6b2 (size before relaxing)
 .debug_str     0x00001f4f      0x522 .\CortexM0\ARM_GCC_541\Debug\MandMs-sorting.a(CyLFClk.o)
                                0x739 (size before relaxing)
 .debug_str     0x00002471      0x358 .\CortexM0\ARM_GCC_541\Debug\MandMs-sorting.a(PWM_RED.o)
                                0x601 (size before relaxing)
 .debug_str     0x000027c9      0x380 .\CortexM0\ARM_GCC_541\Debug\MandMs-sorting.a(PWM_BLUE.o)
                                0x62b (size before relaxing)
 .debug_str     0x00002b49      0x3a8 .\CortexM0\ARM_GCC_541\Debug\MandMs-sorting.a(PWM_GREEN.o)
                                0x655 (size before relaxing)
 .debug_str     0x00002ef1       0x60 .\CortexM0\ARM_GCC_541\Debug\MandMs-sorting.a(SW.o)
                                0x21d (size before relaxing)
 .debug_str     0x00002f51       0xf4 .\CortexM0\ARM_GCC_541\Debug\MandMs-sorting.a(isr_SW.o)
                                0x2f4 (size before relaxing)
 .debug_str     0x00003045       0x8a .\CortexM0\ARM_GCC_541\Debug\MandMs-sorting.a(SW_UpDown.o)
                                0x24e (size before relaxing)
 .debug_str     0x000030cf      0x140 .\CortexM0\ARM_GCC_541\Debug\MandMs-sorting.a(isr_SW_UpDown.o)
                                0x356 (size before relaxing)
 .debug_str     0x0000320f      0x1a6 .\CortexM0\ARM_GCC_541\Debug\MandMs-sorting.a(ADC.o)
                                0x3c0 (size before relaxing)
 .debug_str     0x000033b5       0x35 .\CortexM0\ARM_GCC_541\Debug\MandMs-sorting.a(ADC_INT.o)
                                0x1b9 (size before relaxing)
 .debug_str     0x000033ea       0x47 .\CortexM0\ARM_GCC_541\Debug\MandMs-sorting.a(I2C_I2C_INT.o)
                                0x2ba (size before relaxing)
 .debug_str     0x00003431       0xe3 .\CortexM0\ARM_GCC_541\Debug\MandMs-sorting.a(UART_SPI_UART.o)
                                0x2ca (size before relaxing)

.debug_loc      0x00000000     0x484c
 *(.debug_loc)
 .debug_loc     0x00000000       0xd3 .\CortexM0\ARM_GCC_541\Debug\main.o
 .debug_loc     0x000000d3       0x21 .\CortexM0\ARM_GCC_541\Debug\utils.o
 .debug_loc     0x000000f4      0x523 .\CortexM0\ARM_GCC_541\Debug\tcs34725.o
 .debug_loc     0x00000617      0x301 .\CortexM0\ARM_GCC_541\Debug\learn_color.o
 .debug_loc     0x00000918      0x136 .\CortexM0\ARM_GCC_541\Debug\cyfitter_cfg.o
 .debug_loc     0x00000a4e      0x14f .\CortexM0\ARM_GCC_541\Debug\Cm0Start.o
 .debug_loc     0x00000b9d       0x13 .\CortexM0\ARM_GCC_541\Debug\MandMs-sorting.a(Clock.o)
 .debug_loc     0x00000bb0       0xa2 .\CortexM0\ARM_GCC_541\Debug\MandMs-sorting.a(Dir_1.o)
 .debug_loc     0x00000c52       0x81 .\CortexM0\ARM_GCC_541\Debug\MandMs-sorting.a(Dir_2_5.o)
 .debug_loc     0x00000cd3       0xa2 .\CortexM0\ARM_GCC_541\Debug\MandMs-sorting.a(Dir_3_4.o)
 .debug_loc     0x00000d75       0x44 .\CortexM0\ARM_GCC_541\Debug\MandMs-sorting.a(Status_Reg_1.o)
 .debug_loc     0x00000db9      0x547 .\CortexM0\ARM_GCC_541\Debug\MandMs-sorting.a(PWM_Container.o)
 .debug_loc     0x00001300       0x7e .\CortexM0\ARM_GCC_541\Debug\MandMs-sorting.a(I2C.o)
 .debug_loc     0x0000137e      0xa90 .\CortexM0\ARM_GCC_541\Debug\MandMs-sorting.a(I2C_I2C_MASTER.o)
 .debug_loc     0x00001e0e       0x7e .\CortexM0\ARM_GCC_541\Debug\MandMs-sorting.a(UART.o)
 .debug_loc     0x00001e8c      0x1e4 .\CortexM0\ARM_GCC_541\Debug\MandMs-sorting.a(UART_UART.o)
 .debug_loc     0x00002070       0xa2 .\CortexM0\ARM_GCC_541\Debug\MandMs-sorting.a(I2C_sda.o)
 .debug_loc     0x00002112       0x81 .\CortexM0\ARM_GCC_541\Debug\MandMs-sorting.a(I2C_scl.o)
 .debug_loc     0x00002193      0x599 .\CortexM0\ARM_GCC_541\Debug\MandMs-sorting.a(CyLib.o)
 .debug_loc     0x0000272c      0x9b5 .\CortexM0\ARM_GCC_541\Debug\MandMs-sorting.a(CyLFClk.o)
 .debug_loc     0x000030e1      0x547 .\CortexM0\ARM_GCC_541\Debug\MandMs-sorting.a(PWM_RED.o)
 .debug_loc     0x00003628      0x547 .\CortexM0\ARM_GCC_541\Debug\MandMs-sorting.a(PWM_BLUE.o)
 .debug_loc     0x00003b6f      0x547 .\CortexM0\ARM_GCC_541\Debug\MandMs-sorting.a(PWM_GREEN.o)
 .debug_loc     0x000040b6       0xa2 .\CortexM0\ARM_GCC_541\Debug\MandMs-sorting.a(SW.o)
 .debug_loc     0x00004158       0x82 .\CortexM0\ARM_GCC_541\Debug\MandMs-sorting.a(isr_SW.o)
 .debug_loc     0x000041da       0xa2 .\CortexM0\ARM_GCC_541\Debug\MandMs-sorting.a(SW_UpDown.o)
 .debug_loc     0x0000427c       0x82 .\CortexM0\ARM_GCC_541\Debug\MandMs-sorting.a(isr_SW_UpDown.o)
 .debug_loc     0x000042fe      0x3ac .\CortexM0\ARM_GCC_541\Debug\MandMs-sorting.a(ADC.o)
 .debug_loc     0x000046aa      0x10c .\CortexM0\ARM_GCC_541\Debug\MandMs-sorting.a(I2C_I2C_INT.o)
 .debug_loc     0x000047b6       0x96 .\CortexM0\ARM_GCC_541\Debug\MandMs-sorting.a(UART_SPI_UART.o)

.debug_macinfo
 *(.debug_macinfo)

.debug_ranges   0x00000000      0xf08
 *(.debug_ranges)
 .debug_ranges  0x00000000       0x38 .\CortexM0\ARM_GCC_541\Debug\main.o
 .debug_ranges  0x00000038       0x10 .\CortexM0\ARM_GCC_541\Debug\utils.o
 .debug_ranges  0x00000048       0x80 .\CortexM0\ARM_GCC_541\Debug\tcs34725.o
 .debug_ranges  0x000000c8       0x70 .\CortexM0\ARM_GCC_541\Debug\learn_color.o
 .debug_ranges  0x00000138       0x38 .\CortexM0\ARM_GCC_541\Debug\cyfitter_cfg.o
 .debug_ranges  0x00000170       0x38 .\CortexM0\ARM_GCC_541\Debug\Cm0Start.o
 .debug_ranges  0x000001a8       0x30 .\CortexM0\ARM_GCC_541\Debug\MandMs-sorting.a(Clock.o)
 .debug_ranges  0x000001d8       0x18 .\CortexM0\ARM_GCC_541\Debug\MandMs-sorting.a(Control_Reg_1.o)
 .debug_ranges  0x000001f0       0x38 .\CortexM0\ARM_GCC_541\Debug\MandMs-sorting.a(Dir_1.o)
 .debug_ranges  0x00000228       0x38 .\CortexM0\ARM_GCC_541\Debug\MandMs-sorting.a(Dir_2_5.o)
 .debug_ranges  0x00000260       0x38 .\CortexM0\ARM_GCC_541\Debug\MandMs-sorting.a(Dir_3_4.o)
 .debug_ranges  0x00000298       0x18 .\CortexM0\ARM_GCC_541\Debug\MandMs-sorting.a(Control_Reg_2.o)
 .debug_ranges  0x000002b0       0x30 .\CortexM0\ARM_GCC_541\Debug\MandMs-sorting.a(Status_Reg_1.o)
 .debug_ranges  0x000002e0      0x148 .\CortexM0\ARM_GCC_541\Debug\MandMs-sorting.a(PWM_Container.o)
 .debug_ranges  0x00000428       0x58 .\CortexM0\ARM_GCC_541\Debug\MandMs-sorting.a(I2C.o)
 .debug_ranges  0x00000480       0x20 .\CortexM0\ARM_GCC_541\Debug\MandMs-sorting.a(I2C_I2C.o)
 .debug_ranges  0x000004a0       0x88 .\CortexM0\ARM_GCC_541\Debug\MandMs-sorting.a(I2C_I2C_MASTER.o)
 .debug_ranges  0x00000528       0x50 .\CortexM0\ARM_GCC_541\Debug\MandMs-sorting.a(UART.o)
 .debug_ranges  0x00000578       0x58 .\CortexM0\ARM_GCC_541\Debug\MandMs-sorting.a(UART_UART.o)
 .debug_ranges  0x000005d0       0x38 .\CortexM0\ARM_GCC_541\Debug\MandMs-sorting.a(I2C_sda.o)
 .debug_ranges  0x00000608       0x38 .\CortexM0\ARM_GCC_541\Debug\MandMs-sorting.a(I2C_scl.o)
 .debug_ranges  0x00000640      0x170 .\CortexM0\ARM_GCC_541\Debug\MandMs-sorting.a(CyLib.o)
 .debug_ranges  0x000007b0      0x128 .\CortexM0\ARM_GCC_541\Debug\MandMs-sorting.a(CyLFClk.o)
 .debug_ranges  0x000008d8      0x148 .\CortexM0\ARM_GCC_541\Debug\MandMs-sorting.a(PWM_RED.o)
 .debug_ranges  0x00000a20      0x148 .\CortexM0\ARM_GCC_541\Debug\MandMs-sorting.a(PWM_BLUE.o)
 .debug_ranges  0x00000b68      0x148 .\CortexM0\ARM_GCC_541\Debug\MandMs-sorting.a(PWM_GREEN.o)
 .debug_ranges  0x00000cb0       0x38 .\CortexM0\ARM_GCC_541\Debug\MandMs-sorting.a(SW.o)
 .debug_ranges  0x00000ce8       0x70 .\CortexM0\ARM_GCC_541\Debug\MandMs-sorting.a(isr_SW.o)
 .debug_ranges  0x00000d58       0x38 .\CortexM0\ARM_GCC_541\Debug\MandMs-sorting.a(SW_UpDown.o)
 .debug_ranges  0x00000d90       0x70 .\CortexM0\ARM_GCC_541\Debug\MandMs-sorting.a(isr_SW_UpDown.o)
 .debug_ranges  0x00000e00       0x98 .\CortexM0\ARM_GCC_541\Debug\MandMs-sorting.a(ADC.o)
 .debug_ranges  0x00000e98       0x10 .\CortexM0\ARM_GCC_541\Debug\MandMs-sorting.a(ADC_INT.o)
 .debug_ranges  0x00000ea8       0x10 .\CortexM0\ARM_GCC_541\Debug\MandMs-sorting.a(I2C_I2C_INT.o)
 .debug_ranges  0x00000eb8       0x50 .\CortexM0\ARM_GCC_541\Debug\MandMs-sorting.a(UART_SPI_UART.o)

.comment        0x00000000       0x6e
 .comment       0x00000000       0x6e .\CortexM0\ARM_GCC_541\Debug\main.o
                                 0x6f (size before relaxing)
 .comment       0x0000006e       0x6f .\CortexM0\ARM_GCC_541\Debug\utils.o
 .comment       0x0000006e       0x6f .\CortexM0\ARM_GCC_541\Debug\tcs34725.o
 .comment       0x0000006e       0x6f .\CortexM0\ARM_GCC_541\Debug\learn_color.o
 .comment       0x0000006e       0x6f .\CortexM0\ARM_GCC_541\Debug\cyfitter_cfg.o
 .comment       0x0000006e       0x6f .\CortexM0\ARM_GCC_541\Debug\cymetadata.o
 .comment       0x0000006e       0x6f .\CortexM0\ARM_GCC_541\Debug\Cm0Start.o
 .comment       0x0000006e       0x6f .\CortexM0\ARM_GCC_541\Debug\MandMs-sorting.a(Clock.o)
 .comment       0x0000006e       0x6f .\CortexM0\ARM_GCC_541\Debug\MandMs-sorting.a(Control_Reg_1.o)
 .comment       0x0000006e       0x6f .\CortexM0\ARM_GCC_541\Debug\MandMs-sorting.a(Dir_1.o)
 .comment       0x0000006e       0x6f .\CortexM0\ARM_GCC_541\Debug\MandMs-sorting.a(Dir_2_5.o)
 .comment       0x0000006e       0x6f .\CortexM0\ARM_GCC_541\Debug\MandMs-sorting.a(Dir_3_4.o)
 .comment       0x0000006e       0x6f .\CortexM0\ARM_GCC_541\Debug\MandMs-sorting.a(Control_Reg_2.o)
 .comment       0x0000006e       0x6f .\CortexM0\ARM_GCC_541\Debug\MandMs-sorting.a(Status_Reg_1.o)
 .comment       0x0000006e       0x6f .\CortexM0\ARM_GCC_541\Debug\MandMs-sorting.a(PWM_Container.o)
 .comment       0x0000006e       0x6f .\CortexM0\ARM_GCC_541\Debug\MandMs-sorting.a(I2C.o)
 .comment       0x0000006e       0x6f .\CortexM0\ARM_GCC_541\Debug\MandMs-sorting.a(I2C_I2C.o)
 .comment       0x0000006e       0x6f .\CortexM0\ARM_GCC_541\Debug\MandMs-sorting.a(I2C_I2C_MASTER.o)
 .comment       0x0000006e       0x6f .\CortexM0\ARM_GCC_541\Debug\MandMs-sorting.a(UART.o)
 .comment       0x0000006e       0x6f .\CortexM0\ARM_GCC_541\Debug\MandMs-sorting.a(UART_UART.o)
 .comment       0x0000006e       0x6f .\CortexM0\ARM_GCC_541\Debug\MandMs-sorting.a(I2C_sda.o)
 .comment       0x0000006e       0x6f .\CortexM0\ARM_GCC_541\Debug\MandMs-sorting.a(I2C_scl.o)
 .comment       0x0000006e       0x6f .\CortexM0\ARM_GCC_541\Debug\MandMs-sorting.a(CyLib.o)
 .comment       0x0000006e       0x6f .\CortexM0\ARM_GCC_541\Debug\MandMs-sorting.a(CyLFClk.o)
 .comment       0x0000006e       0x6f .\CortexM0\ARM_GCC_541\Debug\MandMs-sorting.a(PWM_RED.o)
 .comment       0x0000006e       0x6f .\CortexM0\ARM_GCC_541\Debug\MandMs-sorting.a(PWM_BLUE.o)
 .comment       0x0000006e       0x6f .\CortexM0\ARM_GCC_541\Debug\MandMs-sorting.a(PWM_GREEN.o)
 .comment       0x0000006e       0x6f .\CortexM0\ARM_GCC_541\Debug\MandMs-sorting.a(SW.o)
 .comment       0x0000006e       0x6f .\CortexM0\ARM_GCC_541\Debug\MandMs-sorting.a(isr_SW.o)
 .comment       0x0000006e       0x6f .\CortexM0\ARM_GCC_541\Debug\MandMs-sorting.a(SW_UpDown.o)
 .comment       0x0000006e       0x6f .\CortexM0\ARM_GCC_541\Debug\MandMs-sorting.a(isr_SW_UpDown.o)
 .comment       0x0000006e       0x6f .\CortexM0\ARM_GCC_541\Debug\MandMs-sorting.a(ADC.o)
 .comment       0x0000006e       0x6f .\CortexM0\ARM_GCC_541\Debug\MandMs-sorting.a(ADC_INT.o)
 .comment       0x0000006e       0x6f .\CortexM0\ARM_GCC_541\Debug\MandMs-sorting.a(I2C_I2C_INT.o)
 .comment       0x0000006e       0x6f .\CortexM0\ARM_GCC_541\Debug\MandMs-sorting.a(UART_SPI_UART.o)

.debug_weaknames
 *(.debug_weaknames)

.debug_funcnames
 *(.debug_funcnames)

.debug_typenames
 *(.debug_typenames)

.debug_varnames
 *(.debug_varnames)

.note.gnu.arm.ident
 *(.note.gnu.arm.ident)

.ARM.attributes
                0x00000000       0x28
 *(.ARM.attributes)
 .ARM.attributes
                0x00000000       0x1e c:/program files (x86)/cypress/psoc creator/4.4/psoc creator/import/gnu/arm/5.4.1/bin/../lib/gcc/arm-none-eabi/5.4.1/armv6-m/crti.o
 .ARM.attributes
                0x0000001e       0x2c c:/program files (x86)/cypress/psoc creator/4.4/psoc creator/import/gnu/arm/5.4.1/bin/../lib/gcc/arm-none-eabi/5.4.1/armv6-m/crtbegin.o
 .ARM.attributes
                0x0000004a       0x1b c:/program files (x86)/cypress/psoc creator/4.4/psoc creator/import/gnu/arm/5.4.1/bin/../lib/gcc/arm-none-eabi/5.4.1/../../../../arm-none-eabi/lib/armv6-m/crt0.o
 .ARM.attributes
                0x00000065       0x31 .\CortexM0\ARM_GCC_541\Debug\main.o
 .ARM.attributes
                0x00000096       0x31 .\CortexM0\ARM_GCC_541\Debug\utils.o
 .ARM.attributes
                0x000000c7       0x31 .\CortexM0\ARM_GCC_541\Debug\tcs34725.o
 .ARM.attributes
                0x000000f8       0x31 .\CortexM0\ARM_GCC_541\Debug\learn_color.o
 .ARM.attributes
                0x00000129       0x31 .\CortexM0\ARM_GCC_541\Debug\cyfitter_cfg.o
 .ARM.attributes
                0x0000015a       0x31 .\CortexM0\ARM_GCC_541\Debug\cymetadata.o
 .ARM.attributes
                0x0000018b       0x31 .\CortexM0\ARM_GCC_541\Debug\Cm0Start.o
 .ARM.attributes
                0x000001bc       0x31 .\CortexM0\ARM_GCC_541\Debug\MandMs-sorting.a(Clock.o)
 .ARM.attributes
                0x000001ed       0x31 .\CortexM0\ARM_GCC_541\Debug\MandMs-sorting.a(Control_Reg_1.o)
 .ARM.attributes
                0x0000021e       0x31 .\CortexM0\ARM_GCC_541\Debug\MandMs-sorting.a(Dir_1.o)
 .ARM.attributes
                0x0000024f       0x31 .\CortexM0\ARM_GCC_541\Debug\MandMs-sorting.a(Dir_2_5.o)
 .ARM.attributes
                0x00000280       0x31 .\CortexM0\ARM_GCC_541\Debug\MandMs-sorting.a(Dir_3_4.o)
 .ARM.attributes
                0x000002b1       0x31 .\CortexM0\ARM_GCC_541\Debug\MandMs-sorting.a(Control_Reg_2.o)
 .ARM.attributes
                0x000002e2       0x31 .\CortexM0\ARM_GCC_541\Debug\MandMs-sorting.a(Status_Reg_1.o)
 .ARM.attributes
                0x00000313       0x31 .\CortexM0\ARM_GCC_541\Debug\MandMs-sorting.a(PWM_Container.o)
 .ARM.attributes
                0x00000344       0x31 .\CortexM0\ARM_GCC_541\Debug\MandMs-sorting.a(I2C.o)
 .ARM.attributes
                0x00000375       0x31 .\CortexM0\ARM_GCC_541\Debug\MandMs-sorting.a(I2C_I2C.o)
 .ARM.attributes
                0x000003a6       0x31 .\CortexM0\ARM_GCC_541\Debug\MandMs-sorting.a(I2C_I2C_MASTER.o)
 .ARM.attributes
                0x000003d7       0x31 .\CortexM0\ARM_GCC_541\Debug\MandMs-sorting.a(UART.o)
 .ARM.attributes
                0x00000408       0x31 .\CortexM0\ARM_GCC_541\Debug\MandMs-sorting.a(UART_UART.o)
 .ARM.attributes
                0x00000439       0x31 .\CortexM0\ARM_GCC_541\Debug\MandMs-sorting.a(I2C_sda.o)
 .ARM.attributes
                0x0000046a       0x31 .\CortexM0\ARM_GCC_541\Debug\MandMs-sorting.a(I2C_scl.o)
 .ARM.attributes
                0x0000049b       0x31 .\CortexM0\ARM_GCC_541\Debug\MandMs-sorting.a(CyLib.o)
 .ARM.attributes
                0x000004cc       0x31 .\CortexM0\ARM_GCC_541\Debug\MandMs-sorting.a(CyLFClk.o)
 .ARM.attributes
                0x000004fd       0x31 .\CortexM0\ARM_GCC_541\Debug\MandMs-sorting.a(PWM_RED.o)
 .ARM.attributes
                0x0000052e       0x31 .\CortexM0\ARM_GCC_541\Debug\MandMs-sorting.a(PWM_BLUE.o)
 .ARM.attributes
                0x0000055f       0x31 .\CortexM0\ARM_GCC_541\Debug\MandMs-sorting.a(PWM_GREEN.o)
 .ARM.attributes